Archive member included to satisfy reference by file (symbol)

Flight_Software/lib/libmain.a(main.cpp.obj)
                              Flight_Software/boot/CMakeFiles/boot.dir/boot.cpp.obj (main_program(neopixel))
Flight_Software/lib/libneopixel.a(neopixel.cpp.obj)
                              Flight_Software/boot/CMakeFiles/boot.dir/boot.cpp.obj (neopixel::neopixel(pio_hw_t*, unsigned int))
Flight_Software/lib/libpysquared.a(pysquared.cpp.obj)
                              Flight_Software/lib/libmain.a(main.cpp.obj) (pysquared::pysquared(neopixel))
Flight_Software/lib/libfunctions.a(functions.cpp.obj)
                              Flight_Software/lib/libmain.a(main.cpp.obj) (satellite_functions::satellite_functions(pysquared))
Flight_Software/lib/liblsm303agr.a(LSM303AGR.cpp.obj)
                              Flight_Software/lib/libpysquared.a(pysquared.cpp.obj) (LSM303AGR_ACCEL::LSM303AGR_ACCEL(i2c_inst*, unsigned char))
Flight_Software/lib/libtools.a(tools.cpp.obj)
                              Flight_Software/lib/libmain.a(main.cpp.obj) (tools::tools(bool, char const*))
c:/progra~1/raspbe~1/picosd~1.1/gcc-ar~1/bin/../lib/gcc/arm-none-eabi/10.3.1/../../../../arm-none-eabi/lib/thumb/v6-m/nofp\libstdc++.a(eh_alloc.o)
                              Flight_Software/lib/liblsm303agr.a(LSM303AGR.cpp.obj) (__cxa_allocate_exception)
c:/progra~1/raspbe~1/picosd~1.1/gcc-ar~1/bin/../lib/gcc/arm-none-eabi/10.3.1/../../../../arm-none-eabi/lib/thumb/v6-m/nofp\libstdc++.a(eh_arm.o)
                              Flight_Software/lib/libpysquared.a(pysquared.cpp.obj) (__cxa_end_cleanup)
c:/progra~1/raspbe~1/picosd~1.1/gcc-ar~1/bin/../lib/gcc/arm-none-eabi/10.3.1/../../../../arm-none-eabi/lib/thumb/v6-m/nofp\libstdc++.a(eh_catch.o)
                              Flight_Software/lib/libpysquared.a(pysquared.cpp.obj) (__cxa_begin_catch)
c:/progra~1/raspbe~1/picosd~1.1/gcc-ar~1/bin/../lib/gcc/arm-none-eabi/10.3.1/../../../../arm-none-eabi/lib/thumb/v6-m/nofp\libstdc++.a(eh_exception.o)
                              c:/progra~1/raspbe~1/picosd~1.1/gcc-ar~1/bin/../lib/gcc/arm-none-eabi/10.3.1/../../../../arm-none-eabi/lib/thumb/v6-m/nofp\libstdc++.a(eh_arm.o) (typeinfo for __cxxabiv1::__forced_unwind)
c:/progra~1/raspbe~1/picosd~1.1/gcc-ar~1/bin/../lib/gcc/arm-none-eabi/10.3.1/../../../../arm-none-eabi/lib/thumb/v6-m/nofp\libstdc++.a(eh_globals.o)
                              c:/progra~1/raspbe~1/picosd~1.1/gcc-ar~1/bin/../lib/gcc/arm-none-eabi/10.3.1/../../../../arm-none-eabi/lib/thumb/v6-m/nofp\libstdc++.a(eh_catch.o) (__cxa_get_globals_fast)
c:/progra~1/raspbe~1/picosd~1.1/gcc-ar~1/bin/../lib/gcc/arm-none-eabi/10.3.1/../../../../arm-none-eabi/lib/thumb/v6-m/nofp\libstdc++.a(eh_personality.o)
                              Flight_Software/lib/libpysquared.a(pysquared.cpp.obj) (__gxx_personality_v0)
c:/progra~1/raspbe~1/picosd~1.1/gcc-ar~1/bin/../lib/gcc/arm-none-eabi/10.3.1/../../../../arm-none-eabi/lib/thumb/v6-m/nofp\libstdc++.a(eh_terminate.o)
                              c:/progra~1/raspbe~1/picosd~1.1/gcc-ar~1/bin/../lib/gcc/arm-none-eabi/10.3.1/../../../../arm-none-eabi/lib/thumb/v6-m/nofp\libstdc++.a(eh_alloc.o) (std::terminate())
c:/progra~1/raspbe~1/picosd~1.1/gcc-ar~1/bin/../lib/gcc/arm-none-eabi/10.3.1/../../../../arm-none-eabi/lib/thumb/v6-m/nofp\libstdc++.a(eh_throw.o)
                              Flight_Software/lib/liblsm303agr.a(LSM303AGR.cpp.obj) (__cxa_throw)
c:/progra~1/raspbe~1/picosd~1.1/gcc-ar~1/bin/../lib/gcc/arm-none-eabi/10.3.1/../../../../arm-none-eabi/lib/thumb/v6-m/nofp\libstdc++.a(eh_unex_handler.o)
                              c:/progra~1/raspbe~1/picosd~1.1/gcc-ar~1/bin/../lib/gcc/arm-none-eabi/10.3.1/../../../../arm-none-eabi/lib/thumb/v6-m/nofp\libstdc++.a(eh_terminate.o) (__cxxabiv1::__unexpected_handler)
c:/progra~1/raspbe~1/picosd~1.1/gcc-ar~1/bin/../lib/gcc/arm-none-eabi/10.3.1/../../../../arm-none-eabi/lib/thumb/v6-m/nofp\libstdc++.a(fundamental_type_info.o)
                              Flight_Software/lib/libpysquared.a(pysquared.cpp.obj) (typeinfo for char const*)
c:/progra~1/raspbe~1/picosd~1.1/gcc-ar~1/bin/../lib/gcc/arm-none-eabi/10.3.1/../../../../arm-none-eabi/lib/thumb/v6-m/nofp\libstdc++.a(pointer_type_info.o)
                              c:/progra~1/raspbe~1/picosd~1.1/gcc-ar~1/bin/../lib/gcc/arm-none-eabi/10.3.1/../../../../arm-none-eabi/lib/thumb/v6-m/nofp\libstdc++.a(fundamental_type_info.o) (vtable for __cxxabiv1::__pointer_type_info)
c:/progra~1/raspbe~1/picosd~1.1/gcc-ar~1/bin/../lib/gcc/arm-none-eabi/10.3.1/../../../../arm-none-eabi/lib/thumb/v6-m/nofp\libstdc++.a(pure.o)
                              c:/progra~1/raspbe~1/picosd~1.1/gcc-ar~1/bin/../lib/gcc/arm-none-eabi/10.3.1/../../../../arm-none-eabi/lib/thumb/v6-m/nofp\libstdc++.a(eh_exception.o) (__cxa_pure_virtual)
c:/progra~1/raspbe~1/picosd~1.1/gcc-ar~1/bin/../lib/gcc/arm-none-eabi/10.3.1/../../../../arm-none-eabi/lib/thumb/v6-m/nofp\libstdc++.a(si_class_type_info.o)
[...]
Memory Configuration

Name             Origin             Length             Attributes
FLASH            0x10000000         0x00200000         xr
RAM              0x20000000         0x00040000         xrw
SCRATCH_X        0x20040000         0x00001000         xrw
SCRATCH_Y        0x20041000         0x00001000         xrw
*default*        0x00000000         0xffffffff

Linker script and memory map

LOAD c:/progra~1/raspbe~1/picosd~1.1/gcc-ar~1/bin/../lib/gcc/arm-none-eabi/10.3.1/thumb/v6-m/nofp/crti.o
LOAD c:/progra~1/raspbe~1/picosd~1.1/gcc-ar~1/bin/../lib/gcc/arm-none-eabi/10.3.1/thumb/v6-m/nofp/crtbegin.o
LOAD c:/progra~1/raspbe~1/picosd~1.1/gcc-ar~1/bin/../lib/gcc/arm-none-eabi/10.3.1/../../../../arm-none-eabi/lib/thumb/v6-m/nofp/crt0.o

.flash_begin    0x10000000        0x0
                0x10000000                __flash_binary_start = .

.boot2          0x10000000      0x100
                0x10000000                __boot2_start__ = .
 *(.boot2)
 .boot2         0x10000000      0x100 C:\Users\nicol\AppData\Local\Temp\ccCOyFsn.o
                0x10000100                __boot2_end__ = .
                0x00000001                ASSERT (((__boot2_end__ - __boot2_start__) == 0x100), ERROR: Pico second stage bootloader must be 256 bytes in size)

.text           0x10000100    0x11d48
                0x10000100                __logical_binary_start = .
 *(.vectors)
 .vectors       0x10000100       0xd4 Flight_Software/boot/CMakeFiles/boot.dir/C_/Program_Files/Raspberry_Pi/Pico_SDK_v1.5.1/pico-sdk/src/rp2_common/pico_standard_link/crt0.S.obj
                0x10000100                __VECTOR_TABLE
                0x10000100                __vectors
                0x100001c0                isr_invalid
                0x100001c0                __default_isrs_start
                0x100001c2                isr_nmi
                0x100001c4                isr_hardfault
                0x100001c6                isr_svcall
                0x100001c8                isr_pendsv
                0x100001ca                isr_systick
                0x100001cc                isr_irq23
                0x100001cc                isr_irq18
                0x100001cc                isr_irq11
                0x100001cc                isr_irq28
                0x100001cc                isr_irq19
                0x100001cc                isr_irq0
                0x100001cc                isr_irq6
                0x100001cc                isr_irq5
                0x100001cc                isr_irq12
                0x100001cc                isr_irq22
                0x100001cc                isr_irq31
                0x100001cc                isr_irq17
                0x100001cc                isr_irq27
                0x100001cc                isr_irq30
                0x100001cc                isr_irq2
                0x100001cc                isr_irq10
                0x100001cc                isr_irq8
                0x100001cc                isr_irq24
                0x100001cc                isr_irq1
                0x100001cc                isr_irq7
                0x100001cc                isr_irq21
                0x100001cc                isr_irq20
                0x100001cc                isr_irq15
                0x100001cc                isr_irq25
                0x100001cc                isr_irq13
                0x100001cc                __unhandled_user_irq
                0x100001cc                isr_irq4
                0x100001cc                isr_irq16
                0x100001cc                isr_irq29
                0x100001cc                isr_irq26
                0x100001cc                __default_isrs_end
                0x100001cc                isr_irq3
                0x100001cc                isr_irq14
                0x100001cc                isr_irq9
                0x100001d2                unhandled_user_irq_num_in_r0
 *(.binary_info_header)
 .binary_info_header
                0x100001d4       0x14 Flight_Software/boot/CMakeFiles/boot.dir/C_/Program_Files/Raspberry_Pi/Pico_SDK_v1.5.1/pico-sdk/src/rp2_common/pico_standard_link/crt0.S.obj
                0x100001e8                __binary_info_header_end = .
 *(.reset)
 .reset         0x100001e8       0xa0 Flight_Software/boot/CMakeFiles/boot.dir/C_/Program_Files/Raspberry_Pi/Pico_SDK_v1.5.1/pico-sdk/src/rp2_common/pico_standard_link/crt0.S.obj
                0x100001e8                _entry_point
 .reset         0x10000288       0x30 Flight_Software/boot/CMakeFiles/boot.dir/C_/Program_Files/Raspberry_Pi/Pico_SDK_v1.5.1/pico-sdk/src/rp2_common/pico_standard_link/binary_info.c.obj
 *(.init)
 .init          0x100002b8        0x4 c:/progra~1/raspbe~1/picosd~1.1/gcc-ar~1/bin/../lib/gcc/arm-none-eabi/10.3.1/thumb/v6-m/nofp/crti.o
                0x100002b8                _init
 *(EXCLUDE_FILE(*libm.a: *libc.a:*lib_a-mem*.o *libgcc.a:) .text*)
 .text          0x100002bc       0x48 c:/progra~1/raspbe~1/picosd~1.1/gcc-ar~1/bin/../lib/gcc/arm-none-eabi/10.3.1/thumb/v6-m/nofp/crtbegin.o
 .text.sm_config_set_clkdiv
                0x10000304       0x3c Flight_Software/boot/CMakeFiles/boot.dir/boot.cpp.obj
 .text._Z18blink_program_initP8pio_hw_tjjjf
                0x10000340       0xbc Flight_Software/boot/CMakeFiles/boot.dir/boot.cpp.obj
                0x10000340                blink_program_init(pio_hw_t*, unsigned int, unsigned int, unsigned int, float)
 .text._Z21generate_blink_pio_smP8pio_hw_tjjjf
                0x100003fc       0x48 Flight_Software/boot/CMakeFiles/boot.dir/boot.cpp.obj
                0x100003fc                generate_blink_pio_sm(pio_hw_t*, unsigned int, unsigned int, unsigned int, float)
 .text.main     0x10000444      0x18c Flight_Software/boot/CMakeFiles/boot.dir/boot.cpp.obj
                0x10000444                main
 .text.gpio_set_function
                0x100005d0       0x30 Flight_Software/boot/CMakeFiles/boot.dir/C_/Program_Files/Raspberry_Pi/Pico_SDK_v1.5.1/pico-sdk/src/rp2_common/hardware_gpio/gpio.c.obj
                0x100005d0                gpio_set_function
 .text.gpio_init
                0x10000600       0x16 Flight_Software/boot/CMakeFiles/boot.dir/C_/Program_Files/Raspberry_Pi/Pico_SDK_v1.5.1/pico-sdk/src/rp2_common/hardware_gpio/gpio.c.obj
                0x10000600                gpio_init
 *fill*         0x10000616        0x2 
 .text.running_on_fpga
                0x10000618       0x14 Flight_Software/boot/CMakeFiles/boot.dir/C_/Program_Files/Raspberry_Pi/Pico_SDK_v1.5.1/pico-sdk/src/rp2_common/pico_platform/platform.c.obj
                0x10000618                running_on_fpga
 .text.hw_claim_lock
                0x1000062c       0x18 Flight_Software/boot/CMakeFiles/boot.dir/C_/Program_Files/Raspberry_Pi/Pico_SDK_v1.5.1/pico-sdk/src/rp2_common/hardware_claim/claim.c.obj
                0x1000062c                hw_claim_lock
 .text.hw_claim_unlock
                0x10000644       0x14 Flight_Software/boot/CMakeFiles/boot.dir/C_/Program_Files/Raspberry_Pi/Pico_SDK_v1.5.1/pico-sdk/src/rp2_common/hardware_claim/claim.c.obj
                0x10000644                hw_claim_unlock
 .text.hw_claim_or_assert
                0x10000658       0x32 Flight_Software/boot/CMakeFiles/boot.dir/C_/Program_Files/Raspberry_Pi/Pico_SDK_v1.5.1/pico-sdk/src/rp2_common/hardware_claim/claim.c.obj
                0x10000658                hw_claim_or_assert
 .text.hw_claim_unused_from_range
                0x1000068a       0x50 Flight_Software/boot/CMakeFiles/boot.dir/C_/Program_Files/Raspberry_Pi/Pico_SDK_v1.5.1/pico-sdk/src/rp2_common/hardware_claim/claim.c.obj
                0x1000068a                hw_claim_unused_from_range
 *fill*         0x100006da        0x2 
 .text.spin_locks_reset
                0x100006dc       0x20 Flight_Software/boot/CMakeFiles/boot.dir/C_/Program_Files/Raspberry_Pi/Pico_SDK_v1.5.1/pico-sdk/src/rp2_common/hardware_sync/sync.c.obj
                0x100006dc                spin_locks_reset
 .text.next_striped_spin_lock_num
                0x100006fc       0x1c Flight_Software/boot/CMakeFiles/boot.dir/C_/Program_Files/Raspberry_Pi/Pico_SDK_v1.5.1/pico-sdk/src/rp2_common/hardware_sync/sync.c.obj
                0x100006fc                next_striped_spin_lock_num
 .text.spin_lock_claim_unused
                0x10000718       0x20 Flight_Software/boot/CMakeFiles/boot.dir/C_/Program_Files/Raspberry_Pi/Pico_SDK_v1.5.1/pico-sdk/src/rp2_common/hardware_sync/sync.c.obj
                0x10000718                spin_lock_claim_unused
 .text.set_raw_irq_handler_and_unlock
                0x10000738       0x28 Flight_Software/boot/CMakeFiles/boot.dir/C_/Program_Files/Raspberry_Pi/Pico_SDK_v1.5.1/pico-sdk/src/rp2_common/hardware_irq/irq.c.obj
 .text.make_branch
                0x10000760       0x48 Flight_Software/boot/CMakeFiles/boot.dir/C_/Program_Files/Raspberry_Pi/Pico_SDK_v1.5.1/pico-sdk/src/rp2_common/hardware_irq/irq.c.obj
 .text.insert_branch_and_link
                0x100007a8       0x40 Flight_Software/boot/CMakeFiles/boot.dir/C_/Program_Files/Raspberry_Pi/Pico_SDK_v1.5.1/pico-sdk/src/rp2_common/hardware_irq/irq.c.obj
 .text.irq_is_enabled
                0x100007e8       0x18 Flight_Software/boot/CMakeFiles/boot.dir/C_/Program_Files/Raspberry_Pi/Pico_SDK_v1.5.1/pico-sdk/src/rp2_common/hardware_irq/irq.c.obj
                0x100007e8                irq_is_enabled
 .text.irq_set_mask_enabled
                0x10000800       0x20 Flight_Software/boot/CMakeFiles/boot.dir/C_/Program_Files/Raspberry_Pi/Pico_SDK_v1.5.1/pico-sdk/src/rp2_common/hardware_irq/irq.c.obj
                0x10000800                irq_set_mask_enabled
 .text.irq_set_enabled
                0x10000820        0xe Flight_Software/boot/CMakeFiles/boot.dir/C_/Program_Files/Raspberry_Pi/Pico_SDK_v1.5.1/pico-sdk/src/rp2_common/hardware_irq/irq.c.obj
                0x10000820                irq_set_enabled
 *fill*         0x1000082e        0x2 
 .text.irq_set_pending
                0x10000830       0x10 Flight_Software/boot/CMakeFiles/boot.dir/C_/Program_Files/Raspberry_Pi/Pico_SDK_v1.5.1/pico-sdk/src/rp2_common/hardware_irq/irq.c.obj
                0x10000830                irq_set_pending
 .text.irq_get_vtable_handler
                0x10000840       0x10 Flight_Software/boot/CMakeFiles/boot.dir/C_/Program_Files/Raspberry_Pi/Pico_SDK_v1.5.1/pico-sdk/src/rp2_common/hardware_irq/irq.c.obj
                0x10000840                irq_get_vtable_handler
 .text.irq_has_shared_handler
                0x10000850       0x24 Flight_Software/boot/CMakeFiles/boot.dir/C_/Program_Files/Raspberry_Pi/Pico_SDK_v1.5.1/pico-sdk/src/rp2_common/hardware_irq/irq.c.obj
                0x10000850                irq_has_shared_handler
 .text.irq_set_exclusive_handler
                0x10000874       0x54 Flight_Software/boot/CMakeFiles/boot.dir/C_/Program_Files/Raspberry_Pi/Pico_SDK_v1.5.1/pico-sdk/src/rp2_common/hardware_irq/irq.c.obj
                0x10000874                irq_set_exclusive_handler
 .text.irq_add_shared_handler
                0x100008c8      0x234 Flight_Software/boot/CMakeFiles/boot.dir/C_/Program_Files/Raspberry_Pi/Pico_SDK_v1.5.1/pico-sdk/src/rp2_common/hardware_irq/irq.c.obj
                0x100008c8                irq_add_shared_handler
 .text.irq_remove_handler
                0x10000afc      0x1ac Flight_Software/boot/CMakeFiles/boot.dir/C_/Program_Files/Raspberry_Pi/Pico_SDK_v1.5.1/pico-sdk/src/rp2_common/hardware_irq/irq.c.obj
                0x10000afc                irq_remove_handler
 .text.irq_add_tail_to_free_list
                0x10000ca8       0xf0 Flight_Software/boot/CMakeFiles/boot.dir/C_/Program_Files/Raspberry_Pi/Pico_SDK_v1.5.1/pico-sdk/src/rp2_common/hardware_irq/irq.c.obj
                0x10000ca8                irq_add_tail_to_free_list
 .text.irq_init_priorities
                0x10000d98       0x1c Flight_Software/boot/CMakeFiles/boot.dir/C_/Program_Files/Raspberry_Pi/Pico_SDK_v1.5.1/pico-sdk/src/rp2_common/hardware_irq/irq.c.obj
                0x10000d98                irq_init_priorities
 .text.user_irq_claim_unused
                0x10000db4       0x28 Flight_Software/boot/CMakeFiles/boot.dir/C_/Program_Files/Raspberry_Pi/Pico_SDK_v1.5.1/pico-sdk/src/rp2_common/hardware_irq/irq.c.obj
                0x10000db4                user_irq_claim_unused
 .text.lock_init
                0x10000ddc       0x10 Flight_Software/boot/CMakeFiles/boot.dir/C_/Program_Files/Raspberry_Pi/Pico_SDK_v1.5.1/pico-sdk/src/common/pico_sync/lock_core.c.obj
                0x10000ddc                lock_init
 .text.mutex_init
                0x10000dec       0x1a Flight_Software/boot/CMakeFiles/boot.dir/C_/Program_Files/Raspberry_Pi/Pico_SDK_v1.5.1/pico-sdk/src/common/pico_sync/mutex.c.obj
                0x10000dec                mutex_init
 .text.recursive_mutex_init
                0x10000e06       0x1e Flight_Software/boot/CMakeFiles/boot.dir/C_/Program_Files/Raspberry_Pi/Pico_SDK_v1.5.1/pico-sdk/src/common/pico_sync/mutex.c.obj
                0x10000e06                recursive_mutex_init
 .text.critical_section_init_with_lock_num
                0x10000e24       0x14 Flight_Software/boot/CMakeFiles/boot.dir/C_/Program_Files/Raspberry_Pi/Pico_SDK_v1.5.1/pico-sdk/src/common/pico_sync/critical_section.c.obj
                0x10000e24                critical_section_init_with_lock_num
 .text.critical_section_init
                0x10000e38       0x14 Flight_Software/boot/CMakeFiles/boot.dir/C_/Program_Files/Raspberry_Pi/Pico_SDK_v1.5.1/pico-sdk/src/common/pico_sync/critical_section.c.obj
                0x10000e38                critical_section_init
 .text.alarm_pool_post_alloc_init
                0x10000e4c       0x40 Flight_Software/boot/CMakeFiles/boot.dir/C_/Program_Files/Raspberry_Pi/Pico_SDK_v1.5.1/pico-sdk/src/common/pico_time/time.c.obj
 .text.sleep_until_callback
                0x10000e8c       0x30 Flight_Software/boot/CMakeFiles/boot.dir/C_/Program_Files/Raspberry_Pi/Pico_SDK_v1.5.1/pico-sdk/src/common/pico_time/time.c.obj
 .text.timer_pool_entry_comparator
                0x10000ebc       0x7c Flight_Software/boot/CMakeFiles/boot.dir/C_/Program_Files/Raspberry_Pi/Pico_SDK_v1.5.1/pico-sdk/src/common/pico_time/time.c.obj
                0x10000ebc                timer_pool_entry_comparator
 .text.ph_add_child_node
                0x10000f38       0xa4 Flight_Software/boot/CMakeFiles/boot.dir/C_/Program_Files/Raspberry_Pi/Pico_SDK_v1.5.1/pico-sdk/src/common/pico_time/time.c.obj
 .text.ph_merge_nodes
                0x10000fdc       0x3e Flight_Software/boot/CMakeFiles/boot.dir/C_/Program_Files/Raspberry_Pi/Pico_SDK_v1.5.1/pico-sdk/src/common/pico_time/time.c.obj
 *fill*         0x1000101a        0x2 
 .text.add_alarm_under_lock
                0x1000101c      0x174 Flight_Software/boot/CMakeFiles/boot.dir/C_/Program_Files/Raspberry_Pi/Pico_SDK_v1.5.1/pico-sdk/src/common/pico_time/time.c.obj
 .text.alarm_pool_alarm_callback
                0x10001190      0x33c Flight_Software/boot/CMakeFiles/boot.dir/C_/Program_Files/Raspberry_Pi/Pico_SDK_v1.5.1/pico-sdk/src/common/pico_time/time.c.obj
 .text.alarm_pool_init_default
                0x100014cc       0x40 Flight_Software/boot/CMakeFiles/boot.dir/C_/Program_Files/Raspberry_Pi/Pico_SDK_v1.5.1/pico-sdk/src/common/pico_time/time.c.obj
                0x100014cc                alarm_pool_init_default
 .text.alarm_pool_get_default
                0x1000150c       0x2c Flight_Software/boot/CMakeFiles/boot.dir/C_/Program_Files/Raspberry_Pi/Pico_SDK_v1.5.1/pico-sdk/src/common/pico_time/time.c.obj
                0x1000150c                alarm_pool_get_default
 .text.alarm_pool_add_alarm_at
                0x10001538      0x168 Flight_Software/boot/CMakeFiles/boot.dir/C_/Program_Files/Raspberry_Pi/Pico_SDK_v1.5.1/pico-sdk/src/common/pico_time/time.c.obj
                0x10001538                alarm_pool_add_alarm_at
 .text.alarm_pool_cancel_alarm
                0x100016a0       0xf8 Flight_Software/boot/CMakeFiles/boot.dir/C_/Program_Files/Raspberry_Pi/Pico_SDK_v1.5.1/pico-sdk/src/common/pico_time/time.c.obj
                0x100016a0                alarm_pool_cancel_alarm
 .text.alarm_pool_core_num
                0x10001798        0x4 Flight_Software/boot/CMakeFiles/boot.dir/C_/Program_Files/Raspberry_Pi/Pico_SDK_v1.5.1/pico-sdk/src/common/pico_time/time.c.obj
                0x10001798                alarm_pool_core_num
 .text.sleep_until
                0x1000179c       0xfc Flight_Software/boot/CMakeFiles/boot.dir/C_/Program_Files/Raspberry_Pi/Pico_SDK_v1.5.1/pico-sdk/src/common/pico_time/time.c.obj
                0x1000179c                sleep_until
 .text.sleep_us
                0x10001898       0x58 Flight_Software/boot/CMakeFiles/boot.dir/C_/Program_Files/Raspberry_Pi/Pico_SDK_v1.5.1/pico-sdk/src/common/pico_time/time.c.obj
                0x10001898                sleep_us
 .text.sleep_ms
                0x100018f0       0x14 Flight_Software/boot/CMakeFiles/boot.dir/C_/Program_Files/Raspberry_Pi/Pico_SDK_v1.5.1/pico-sdk/src/common/pico_time/time.c.obj
                0x100018f0                sleep_ms
 .text.best_effort_wfe_or_timeout
                0x10001904       0xac Flight_Software/boot/CMakeFiles/boot.dir/C_/Program_Files/Raspberry_Pi/Pico_SDK_v1.5.1/pico-sdk/src/common/pico_time/time.c.obj
                0x10001904                best_effort_wfe_or_timeout
 .text.check_single_timeout_us
                0x100019b0       0x2c Flight_Software/boot/CMakeFiles/boot.dir/C_/Program_Files/Raspberry_Pi/Pico_SDK_v1.5.1/pico-sdk/src/common/pico_time/timeout_helper.c.obj
 .text.init_single_timeout_until
                0x100019dc        0xc Flight_Software/boot/CMakeFiles/boot.dir/C_/Program_Files/Raspberry_Pi/Pico_SDK_v1.5.1/pico-sdk/src/common/pico_time/timeout_helper.c.obj
                0x100019dc                init_single_timeout_until
 .text.hardware_alarm_irq_handler
                0x100019e8       0x90 Flight_Software/boot/CMakeFiles/boot.dir/C_/Program_Files/Raspberry_Pi/Pico_SDK_v1.5.1/pico-sdk/src/rp2_common/hardware_timer/timer.c.obj
 .text.hardware_alarm_claim
                0x10001a78       0x18 Flight_Software/boot/CMakeFiles/boot.dir/C_/Program_Files/Raspberry_Pi/Pico_SDK_v1.5.1/pico-sdk/src/rp2_common/hardware_timer/timer.c.obj
                0x10001a78                hardware_alarm_claim
 .text.time_us_64
                0x10001a90       0x18 Flight_Software/boot/CMakeFiles/boot.dir/C_/Program_Files/Raspberry_Pi/Pico_SDK_v1.5.1/pico-sdk/src/rp2_common/hardware_timer/timer.c.obj
                0x10001a90                time_us_64
 .text.busy_wait_until
                0x10001aa8       0x28 Flight_Software/boot/CMakeFiles/boot.dir/C_/Program_Files/Raspberry_Pi/Pico_SDK_v1.5.1/pico-sdk/src/rp2_common/hardware_timer/timer.c.obj
                0x10001aa8                busy_wait_until
 .text.busy_wait_us
                0x10001ad0       0x48 Flight_Software/boot/CMakeFiles/boot.dir/C_/Program_Files/Raspberry_Pi/Pico_SDK_v1.5.1/pico-sdk/src/rp2_common/hardware_timer/timer.c.obj
                0x10001ad0                busy_wait_us
 .text.hardware_alarm_set_callback
                0x10001b18       0x90 Flight_Software/boot/CMakeFiles/boot.dir/C_/Program_Files/Raspberry_Pi/Pico_SDK_v1.5.1/pico-sdk/src/rp2_common/hardware_timer/timer.c.obj
                0x10001b18                hardware_alarm_set_callback
 .text.hardware_alarm_set_target
                0x10001ba8       0xe8 Flight_Software/boot/CMakeFiles/boot.dir/C_/Program_Files/Raspberry_Pi/Pico_SDK_v1.5.1/pico-sdk/src/rp2_common/hardware_timer/timer.c.obj
                0x10001ba8                hardware_alarm_set_target
 .text.hardware_alarm_cancel
                0x10001c90       0x40 Flight_Software/boot/CMakeFiles/boot.dir/C_/Program_Files/Raspberry_Pi/Pico_SDK_v1.5.1/pico-sdk/src/rp2_common/hardware_timer/timer.c.obj
                0x10001c90                hardware_alarm_cancel
 .text.ph_add_child_node
                0x10001cd0       0xa4 Flight_Software/boot/CMakeFiles/boot.dir/C_/Program_Files/Raspberry_Pi/Pico_SDK_v1.5.1/pico-sdk/src/common/pico_util/pheap.c.obj
 .text.ph_merge_nodes
                0x10001d74       0x3e Flight_Software/boot/CMakeFiles/boot.dir/C_/Program_Files/Raspberry_Pi/Pico_SDK_v1.5.1/pico-sdk/src/common/pico_util/pheap.c.obj
 *fill*         0x10001db2        0x2 
 .text.ph_clear
                0x10001db4       0x70 Flight_Software/boot/CMakeFiles/boot.dir/C_/Program_Files/Raspberry_Pi/Pico_SDK_v1.5.1/pico-sdk/src/common/pico_util/pheap.c.obj
                0x10001db4                ph_clear
 .text.ph_post_alloc_init
                0x10001e24        0xe Flight_Software/boot/CMakeFiles/boot.dir/C_/Program_Files/Raspberry_Pi/Pico_SDK_v1.5.1/pico-sdk/src/common/pico_util/pheap.c.obj
                0x10001e24                ph_post_alloc_init
 *fill*         0x10001e32        0x2 
 .text.ph_merge_two_pass
                0x10001e34       0xa8 Flight_Software/boot/CMakeFiles/boot.dir/C_/Program_Files/Raspberry_Pi/Pico_SDK_v1.5.1/pico-sdk/src/common/pico_util/pheap.c.obj
                0x10001e34                ph_merge_two_pass
 .text.ph_remove_any_head
                0x10001edc      0x128 Flight_Software/boot/CMakeFiles/boot.dir/C_/Program_Files/Raspberry_Pi/Pico_SDK_v1.5.1/pico-sdk/src/common/pico_util/pheap.c.obj
 .text.ph_remove_head
                0x10002004       0x14 Flight_Software/boot/CMakeFiles/boot.dir/C_/Program_Files/Raspberry_Pi/Pico_SDK_v1.5.1/pico-sdk/src/common/pico_util/pheap.c.obj
                0x10002004                ph_remove_head
 .text.ph_remove_and_free_node
                0x10002018       0xf8 Flight_Software/boot/CMakeFiles/boot.dir/C_/Program_Files/Raspberry_Pi/Pico_SDK_v1.5.1/pico-sdk/src/common/pico_util/pheap.c.obj
                0x10002018                ph_remove_and_free_node
 .text.clock_configure
                0x10002110      0x108 Flight_Software/boot/CMakeFiles/boot.dir/C_/Program_Files/Raspberry_Pi/Pico_SDK_v1.5.1/pico-sdk/src/rp2_common/hardware_clocks/clocks.c.obj
                0x10002110                clock_configure
 .text.clocks_init
                0x10002218      0x100 Flight_Software/boot/CMakeFiles/boot.dir/C_/Program_Files/Raspberry_Pi/Pico_SDK_v1.5.1/pico-sdk/src/rp2_common/hardware_clocks/clocks.c.obj
                0x10002218                clocks_init
 .text.clock_get_hz
                0x10002318        0xc Flight_Software/boot/CMakeFiles/boot.dir/C_/Program_Files/Raspberry_Pi/Pico_SDK_v1.5.1/pico-sdk/src/rp2_common/hardware_clocks/clocks.c.obj
                0x10002318                clock_get_hz
 .text.pll_init
                0x10002324      0x120 Flight_Software/boot/CMakeFiles/boot.dir/C_/Program_Files/Raspberry_Pi/Pico_SDK_v1.5.1/pico-sdk/src/rp2_common/hardware_pll/pll.c.obj
                0x10002324                pll_init
 .text.watchdog_start_tick
                0x10002444       0x10 Flight_Software/boot/CMakeFiles/boot.dir/C_/Program_Files/Raspberry_Pi/Pico_SDK_v1.5.1/pico-sdk/src/rp2_common/hardware_watchdog/watchdog.c.obj
                0x10002444                watchdog_start_tick
 .text.watchdog_update
                0x10002454       0x14 Flight_Software/boot/CMakeFiles/boot.dir/C_/Program_Files/Raspberry_Pi/Pico_SDK_v1.5.1/pico-sdk/src/rp2_common/hardware_watchdog/watchdog.c.obj
                0x10002454                watchdog_update
 .text._watchdog_enable
                0x10002468       0x78 Flight_Software/boot/CMakeFiles/boot.dir/C_/Program_Files/Raspberry_Pi/Pico_SDK_v1.5.1/pico-sdk/src/rp2_common/hardware_watchdog/watchdog.c.obj
                0x10002468                _watchdog_enable
 .text.watchdog_reboot
                0x100024e0       0x48 Flight_Software/boot/CMakeFiles/boot.dir/C_/Program_Files/Raspberry_Pi/Pico_SDK_v1.5.1/pico-sdk/src/rp2_common/hardware_watchdog/watchdog.c.obj
                0x100024e0                watchdog_reboot
 .text.xosc_init
                0x10002528       0x28 Flight_Software/boot/CMakeFiles/boot.dir/C_/Program_Files/Raspberry_Pi/Pico_SDK_v1.5.1/pico-sdk/src/rp2_common/hardware_xosc/xosc.c.obj
                0x10002528                xosc_init
 .text._exit    0x10002550        0x4 Flight_Software/boot/CMakeFiles/boot.dir/C_/Program_Files/Raspberry_Pi/Pico_SDK_v1.5.1/pico-sdk/src/rp2_common/pico_runtime/runtime.c.obj
                0x10002550                _exit
 .text._sbrk    0x10002554       0x38 Flight_Software/boot/CMakeFiles/boot.dir/C_/Program_Files/Raspberry_Pi/Pico_SDK_v1.5.1/pico-sdk/src/rp2_common/pico_runtime/runtime.c.obj
                0x10002554                _sbrk
 .text._getpid  0x1000258c        0x4 Flight_Software/boot/CMakeFiles/boot.dir/C_/Program_Files/Raspberry_Pi/Pico_SDK_v1.5.1/pico-sdk/src/rp2_common/pico_runtime/runtime.c.obj
                0x1000258c                _getpid
 .text._kill    0x10002590        0x6 Flight_Software/boot/CMakeFiles/boot.dir/C_/Program_Files/Raspberry_Pi/Pico_SDK_v1.5.1/pico-sdk/src/rp2_common/pico_runtime/runtime.c.obj
                0x10002590                _kill
 .text.exit     0x10002596        0x6 Flight_Software/boot/CMakeFiles/boot.dir/C_/Program_Files/Raspberry_Pi/Pico_SDK_v1.5.1/pico-sdk/src/rp2_common/pico_runtime/runtime.c.obj
                0x10002596                exit
 .text.__assert_func
                0x1000259c       0x3c Flight_Software/boot/CMakeFiles/boot.dir/C_/Program_Files/Raspberry_Pi/Pico_SDK_v1.5.1/pico-sdk/src/rp2_common/pico_runtime/runtime.c.obj
                0x1000259c                __assert_func
 .text.runtime_init
                0x100025d8       0xf8 Flight_Software/boot/CMakeFiles/boot.dir/C_/Program_Files/Raspberry_Pi/Pico_SDK_v1.5.1/pico-sdk/src/rp2_common/pico_runtime/runtime.c.obj
                0x100025d8                runtime_init
 .text.panic    0x100026d0       0x30 Flight_Software/boot/CMakeFiles/boot.dir/C_/Program_Files/Raspberry_Pi/Pico_SDK_v1.5.1/pico-sdk/src/rp2_common/pico_runtime/runtime.c.obj
                0x100026d0                panic
 .text._out_buffer
                0x10002700        0x8 Flight_Software/boot/CMakeFiles/boot.dir/C_/Program_Files/Raspberry_Pi/Pico_SDK_v1.5.1/pico-sdk/src/rp2_common/pico_printf/printf.c.obj
 .text._out_null
                0x10002708        0x2 Flight_Software/boot/CMakeFiles/boot.dir/C_/Program_Files/Raspberry_Pi/Pico_SDK_v1.5.1/pico-sdk/src/rp2_common/pico_printf/printf.c.obj
 .text._out_fct
                0x1000270a        0xe Flight_Software/boot/CMakeFiles/boot.dir/C_/Program_Files/Raspberry_Pi/Pico_SDK_v1.5.1/pico-sdk/src/rp2_common/pico_printf/printf.c.obj
 .text._atoi    0x10002718       0x24 Flight_Software/boot/CMakeFiles/boot.dir/C_/Program_Files/Raspberry_Pi/Pico_SDK_v1.5.1/pico-sdk/src/rp2_common/pico_printf/printf.c.obj
 .text._out_rev
                0x1000273c       0xae Flight_Software/boot/CMakeFiles/boot.dir/C_/Program_Files/Raspberry_Pi/Pico_SDK_v1.5.1/pico-sdk/src/rp2_common/pico_printf/printf.c.obj
 .text._ntoa_format
                0x100027ea      0x112 Flight_Software/boot/CMakeFiles/boot.dir/C_/Program_Files/Raspberry_Pi/Pico_SDK_v1.5.1/pico-sdk/src/rp2_common/pico_printf/printf.c.obj
 .text._ntoa_long
                0x100028fc       0xbc Flight_Software/boot/CMakeFiles/boot.dir/C_/Program_Files/Raspberry_Pi/Pico_SDK_v1.5.1/pico-sdk/src/rp2_common/pico_printf/printf.c.obj
 .text._ntoa_long_long
                0x100029b8       0xe2 Flight_Software/boot/CMakeFiles/boot.dir/C_/Program_Files/Raspberry_Pi/Pico_SDK_v1.5.1/pico-sdk/src/rp2_common/pico_printf/printf.c.obj
 *fill*         0x10002a9a        0x2 
 .text._etoa    0x10002a9c      0x414 Flight_Software/boot/CMakeFiles/boot.dir/C_/Program_Files/Raspberry_Pi/Pico_SDK_v1.5.1/pico-sdk/src/rp2_common/pico_printf/printf.c.obj
 .text._ftoa    0x10002eb0      0x354 Flight_Software/boot/CMakeFiles/boot.dir/C_/Program_Files/Raspberry_Pi/Pico_SDK_v1.5.1/pico-sdk/src/rp2_common/pico_printf/printf.c.obj
 .text._vsnprintf
                0x10003204      0x624 Flight_Software/boot/CMakeFiles/boot.dir/C_/Program_Files/Raspberry_Pi/Pico_SDK_v1.5.1/pico-sdk/src/rp2_common/pico_printf/printf.c.obj
 .text.__wrap_sprintf
                0x10003828       0x28 Flight_Software/boot/CMakeFiles/boot.dir/C_/Program_Files/Raspberry_Pi/Pico_SDK_v1.5.1/pico-sdk/src/rp2_common/pico_printf/printf.c.obj
                0x10003828                __wrap_sprintf
 .text.vfctprintf
                0x10003850       0x20 Flight_Software/boot/CMakeFiles/boot.dir/C_/Program_Files/Raspberry_Pi/Pico_SDK_v1.5.1/pico-sdk/src/rp2_common/pico_printf/printf.c.obj
                0x10003850                vfctprintf
 .text          0x10003870       0x10 Flight_Software/boot/CMakeFiles/boot.dir/C_/Program_Files/Raspberry_Pi/Pico_SDK_v1.5.1/pico-sdk/src/rp2_common/pico_bit_ops/bit_ops_aeabi.S.obj
 .text.rom_func_lookup
                0x10003880       0x10 Flight_Software/boot/CMakeFiles/boot.dir/C_/Program_Files/Raspberry_Pi/Pico_SDK_v1.5.1/pico-sdk/src/rp2_common/pico_bootrom/bootrom.c.obj
                0x10003880                rom_func_lookup
 .text.rom_data_lookup
                0x10003890       0x10 Flight_Software/boot/CMakeFiles/boot.dir/C_/Program_Files/Raspberry_Pi/Pico_SDK_v1.5.1/pico-sdk/src/rp2_common/pico_bootrom/bootrom.c.obj
                0x10003890                rom_data_lookup
 .text.rom_funcs_lookup
                0x100038a0       0x36 Flight_Software/boot/CMakeFiles/boot.dir/C_/Program_Files/Raspberry_Pi/Pico_SDK_v1.5.1/pico-sdk/src/rp2_common/pico_bootrom/bootrom.c.obj
                0x100038a0                rom_funcs_lookup
 *fill*         0x100038d6        0x2 
 .text.__wrap___aeabi_idiv
                0x100038d8       0x50 Flight_Software/boot/CMakeFiles/boot.dir/C_/Program_Files/Raspberry_Pi/Pico_SDK_v1.5.1/pico-sdk/src/rp2_common/pico_divider/divider.S.obj
                0x100038d8                __wrap___aeabi_idivmod
                0x100038d8                divmod_s32s32
                0x100038d8                div_s32s32
                0x100038d8                __wrap___aeabi_idiv
                0x100038e0                divmod_s32s32_unsafe
                0x1000390c                divmod_s32s32_savestate
 .text.__wrap___aeabi_uidiv
                0x10003928       0x4c Flight_Software/boot/CMakeFiles/boot.dir/C_/Program_Files/Raspberry_Pi/Pico_SDK_v1.5.1/pico-sdk/src/rp2_common/pico_divider/divider.S.obj
                0x10003928                __wrap___aeabi_uidiv
                0x10003928                __wrap___aeabi_uidivmod
                0x10003928                div_u32u32
                0x10003928                divmod_u32u32
                0x10003930                divmod_u32u32_unsafe
                0x10003958                divmod_u32u32_savestate
 .text.__wrap___aeabi_ldiv
                0x10003974      0x424 Flight_Software/boot/CMakeFiles/boot.dir/C_/Program_Files/Raspberry_Pi/Pico_SDK_v1.5.1/pico-sdk/src/rp2_common/pico_divider/divider.S.obj
                0x10003974                div_s64s64
                0x10003974                divmod_s64s64
                0x10003974                __wrap___aeabi_ldivmod
                0x100039a4                divmod_u64u64
                0x100039a4                div_u64u64
                0x100039a4                __wrap___aeabi_uldivmod
                0x100039b4                divmod_u64u64_savestate
                0x100039d4                divmod_s64s64_unsafe
                0x10003a5c                divmod_u64u64_unsafe
 .text.__wrap___aeabi_darithmetic
                0x10003d98       0x80 Flight_Software/boot/CMakeFiles/boot.dir/C_/Program_Files/Raspberry_Pi/Pico_SDK_v1.5.1/pico-sdk/src/rp2_common/pico_double/double_aeabi.S.obj
                0x10003d98                __wrap___aeabi_drsub
                0x10003d9e                __wrap___aeabi_dsub
                0x10003db0                __wrap___aeabi_dadd
                0x10003dc2                __wrap___aeabi_ddiv
                0x10003dfe                __wrap___aeabi_dmul
 .text.__wrap___aeabi_cdcmple
                0x10003e18       0x6c Flight_Software/boot/CMakeFiles/boot.dir/C_/Program_Files/Raspberry_Pi/Pico_SDK_v1.5.1/pico-sdk/src/rp2_common/pico_double/double_aeabi.S.obj
                0x10003e18                __wrap___aeabi_cdrcmple
                0x10003e28                __wrap___aeabi_cdcmpeq
                0x10003e28                __wrap___aeabi_cdcmple
 .text.__wrap___aeabi_dcmplt
                0x10003e84        0xc Flight_Software/boot/CMakeFiles/boot.dir/C_/Program_Files/Raspberry_Pi/Pico_SDK_v1.5.1/pico-sdk/src/rp2_common/pico_double/double_aeabi.S.obj
                0x10003e84                __wrap___aeabi_dcmplt
 .text.__wrap___aeabi_dcmple
                0x10003e90       0x10 Flight_Software/boot/CMakeFiles/boot.dir/C_/Program_Files/Raspberry_Pi/Pico_SDK_v1.5.1/pico-sdk/src/rp2_common/pico_double/double_aeabi.S.obj
                0x10003e90                __wrap___aeabi_dcmple
 .text.__wrap___aeabi_dcmpge
                0x10003ea0       0x10 Flight_Software/boot/CMakeFiles/boot.dir/C_/Program_Files/Raspberry_Pi/Pico_SDK_v1.5.1/pico-sdk/src/rp2_common/pico_double/double_aeabi.S.obj
                0x10003ea0                __wrap___aeabi_dcmpge
 .text.__wrap___aeabi_dcmpgt
                0x10003eb0        0xa Flight_Software/boot/CMakeFiles/boot.dir/C_/Program_Files/Raspberry_Pi/Pico_SDK_v1.5.1/pico-sdk/src/rp2_common/pico_double/double_aeabi.S.obj
                0x10003eb0                __wrap___aeabi_dcmpgt
 .text.__wrap___aeabi_dcmpun
                0x10003eba       0x1c Flight_Software/boot/CMakeFiles/boot.dir/C_/Program_Files/Raspberry_Pi/Pico_SDK_v1.5.1/pico-sdk/src/rp2_common/pico_double/double_aeabi.S.obj
                0x10003eba                __wrap___aeabi_dcmpun
 *fill*         0x10003ed6        0x2 
 .text.__wrap___aeabi_i2d
                0x10003ed8       0x38 Flight_Software/boot/CMakeFiles/boot.dir/C_/Program_Files/Raspberry_Pi/Pico_SDK_v1.5.1/pico-sdk/src/rp2_common/pico_double/double_aeabi.S.obj
                0x10003ed8                __wrap___aeabi_ui2d
                0x10003ee0                __wrap___aeabi_i2d
 .text.__wrap___aeabi_d2iz
                0x10003f10       0x48 Flight_Software/boot/CMakeFiles/boot.dir/C_/Program_Files/Raspberry_Pi/Pico_SDK_v1.5.1/pico-sdk/src/rp2_common/pico_double/double_aeabi.S.obj
                0x10003f10                double2int_z
                0x10003f10                __wrap___aeabi_d2iz
 .text.__wrap___aeabi_d2uiz
                0x10003f58       0x18 Flight_Software/boot/CMakeFiles/boot.dir/C_/Program_Files/Raspberry_Pi/Pico_SDK_v1.5.1/pico-sdk/src/rp2_common/pico_double/double_aeabi.S.obj
                0x10003f58                __wrap___aeabi_d2uiz
                0x10003f58                double2uint
 .text.__wrap___aeabi_d2f
                0x10003f70       0x18 Flight_Software/boot/CMakeFiles/boot.dir/C_/Program_Files/Raspberry_Pi/Pico_SDK_v1.5.1/pico-sdk/src/rp2_common/pico_double/double_aeabi.S.obj
                0x10003f70                __wrap___aeabi_d2f
 .text.__aeabi_double_init
                0x10003f88       0xc8 Flight_Software/boot/CMakeFiles/boot.dir/C_/Program_Files/Raspberry_Pi/Pico_SDK_v1.5.1/pico-sdk/src/rp2_common/pico_double/double_init_rom.c.obj
                0x10003f88                __aeabi_double_init
 .text.double_table_shim_on_use_helper
                0x10004050       0x34 Flight_Software/boot/CMakeFiles/boot.dir/C_/Program_Files/Raspberry_Pi/Pico_SDK_v1.5.1/pico-sdk/src/rp2_common/pico_double/double_v1_rom_shim.S.obj
                0x10004050                double_table_shim_on_use_helper
 .text.__wrap___aeabi_dsub
                0x10004084       0x10 Flight_Software/boot/CMakeFiles/boot.dir/C_/Program_Files/Raspberry_Pi/Pico_SDK_v1.5.1/pico-sdk/src/rp2_common/pico_double/double_v1_rom_shim.S.obj
                0x10004084                drsub_shim
                0x1000408a                dsub_shim
 .text.dadd_shim
                0x10004094      0x15c Flight_Software/boot/CMakeFiles/boot.dir/C_/Program_Files/Raspberry_Pi/Pico_SDK_v1.5.1/pico-sdk/src/rp2_common/pico_double/double_v1_rom_shim.S.obj
                0x10004094                dadd_shim
 .text.dmul_shim
                0x100041f0      0x15c Flight_Software/boot/CMakeFiles/boot.dir/C_/Program_Files/Raspberry_Pi/Pico_SDK_v1.5.1/pico-sdk/src/rp2_common/pico_double/double_v1_rom_shim.S.obj
                0x100041f0                dmul_shim
 .text.ddiv_shim
                0x1000434c      0x1b0 Flight_Software/boot/CMakeFiles/boot.dir/C_/Program_Files/Raspberry_Pi/Pico_SDK_v1.5.1/pico-sdk/src/rp2_common/pico_double/double_v1_rom_shim.S.obj
                0x1000434c                ddiv_shim
 .text.double2uint_shim
                0x100044fc        0xe Flight_Software/boot/CMakeFiles/boot.dir/C_/Program_Files/Raspberry_Pi/Pico_SDK_v1.5.1/pico-sdk/src/rp2_common/pico_double/double_v1_rom_shim.S.obj
                0x100044fc                double2uint_shim
                0x100044fe                double2ufix_shim
 *fill*         0x1000450a        0x2 
 .text.double2uint64_shim
                0x1000450c       0x70 Flight_Software/boot/CMakeFiles/boot.dir/C_/Program_Files/Raspberry_Pi/Pico_SDK_v1.5.1/pico-sdk/src/rp2_common/pico_double/double_v1_rom_shim.S.obj
                0x1000450c                double2uint64_shim
                0x1000450e                double2ufix64_shim
                0x1000452e                d2fix_a
 .text.double2float_shim
                0x1000457c       0x5c Flight_Software/boot/CMakeFiles/boot.dir/C_/Program_Files/Raspberry_Pi/Pico_SDK_v1.5.1/pico-sdk/src/rp2_common/pico_double/double_v1_rom_shim.S.obj
                0x1000457c                double2float_shim
 .text.dunpacks
                0x100045d8       0x3c Flight_Software/boot/CMakeFiles/boot.dir/C_/Program_Files/Raspberry_Pi/Pico_SDK_v1.5.1/pico-sdk/src/rp2_common/pico_double/double_v1_rom_shim.S.obj
                0x100045d8                dunpacks
 .text.__aeabi_lmul
                0x10004614       0x32 Flight_Software/boot/CMakeFiles/boot.dir/C_/Program_Files/Raspberry_Pi/Pico_SDK_v1.5.1/pico-sdk/src/rp2_common/pico_int64_ops/pico_int64_ops_aeabi.S.obj
                0x10004614                __wrap___aeabi_lmul
 *fill*         0x10004646        0x2 
 .text.__wrap___aeabi_farithmetic
                0x10004648       0x58 Flight_Software/boot/CMakeFiles/boot.dir/C_/Program_Files/Raspberry_Pi/Pico_SDK_v1.5.1/pico-sdk/src/rp2_common/pico_float/float_aeabi.S.obj
                0x10004648                __wrap___aeabi_frsub
                0x1000464e                __wrap___aeabi_fsub
                0x10004658                __wrap___aeabi_fadd
                0x10004662                __wrap___aeabi_fdiv
                0x1000468e                __wrap___aeabi_fmul
 .text.__wrap___aeabi_ui2f
                0x100046a0        0xa Flight_Software/boot/CMakeFiles/boot.dir/C_/Program_Files/Raspberry_Pi/Pico_SDK_v1.5.1/pico-sdk/src/rp2_common/pico_float/float_aeabi.S.obj
                0x100046a0                __wrap___aeabi_ui2f
 *fill*         0x100046aa        0x2 
 .text.__wrap___aeabi_i2f
                0x100046ac       0x44 Flight_Software/boot/CMakeFiles/boot.dir/C_/Program_Files/Raspberry_Pi/Pico_SDK_v1.5.1/pico-sdk/src/rp2_common/pico_float/float_aeabi.S.obj
                0x100046ac                __wrap___aeabi_i2f
 .text.__wrap___aeabi_f2uiz
                0x100046f0       0x10 Flight_Software/boot/CMakeFiles/boot.dir/C_/Program_Files/Raspberry_Pi/Pico_SDK_v1.5.1/pico-sdk/src/rp2_common/pico_float/float_aeabi.S.obj
                0x100046f0                __wrap___aeabi_f2uiz
 .text.__wrap___aeabi_f2d
                0x10004700       0x14 Flight_Software/boot/CMakeFiles/boot.dir/C_/Program_Files/Raspberry_Pi/Pico_SDK_v1.5.1/pico-sdk/src/rp2_common/pico_float/float_aeabi.S.obj
                0x10004700                __wrap___aeabi_f2d
 .text.__aeabi_float_init
                0x10004714       0xfc Flight_Software/boot/CMakeFiles/boot.dir/C_/Program_Files/Raspberry_Pi/Pico_SDK_v1.5.1/pico-sdk/src/rp2_common/pico_float/float_init_rom.c.obj
                0x10004714                __aeabi_float_init
 .text.float_table_shim_on_use_helper
                0x10004810       0x34 Flight_Software/boot/CMakeFiles/boot.dir/C_/Program_Files/Raspberry_Pi/Pico_SDK_v1.5.1/pico-sdk/src/rp2_common/pico_float/float_v1_rom_shim.S.obj
                0x10004810                float_table_shim_on_use_helper
 .text.float2double_shim
                0x10004844       0x30 Flight_Software/boot/CMakeFiles/boot.dir/C_/Program_Files/Raspberry_Pi/Pico_SDK_v1.5.1/pico-sdk/src/rp2_common/pico_float/float_v1_rom_shim.S.obj
                0x10004844                float2double_shim
 .text.__wrap_malloc
                0x10004874       0x24 Flight_Software/boot/CMakeFiles/boot.dir/C_/Program_Files/Raspberry_Pi/Pico_SDK_v1.5.1/pico-sdk/src/rp2_common/pico_malloc/pico_malloc.c.obj
                0x10004874                __wrap_malloc
 .text.__wrap_realloc
                0x10004898       0x24 Flight_Software/boot/CMakeFiles/boot.dir/C_/Program_Files/Raspberry_Pi/Pico_SDK_v1.5.1/pico-sdk/src/rp2_common/pico_malloc/pico_malloc.c.obj
                0x10004898                __wrap_realloc
 .text.__wrap_free
                0x100048bc        0x8 Flight_Software/boot/CMakeFiles/boot.dir/C_/Program_Files/Raspberry_Pi/Pico_SDK_v1.5.1/pico-sdk/src/rp2_common/pico_malloc/pico_malloc.c.obj
                0x100048bc                __wrap_free
 .text          0x100048c4       0x10 Flight_Software/boot/CMakeFiles/boot.dir/C_/Program_Files/Raspberry_Pi/Pico_SDK_v1.5.1/pico-sdk/src/rp2_common/pico_mem_ops/mem_ops_aeabi.S.obj
                0x100048c4                __aeabi_mem_init
 .text.memset   0x100048d4        0xc Flight_Software/boot/CMakeFiles/boot.dir/C_/Program_Files/Raspberry_Pi/Pico_SDK_v1.5.1/pico-sdk/src/rp2_common/pico_mem_ops/mem_ops_aeabi.S.obj
                0x100048d4                __wrap_memset
 .text.memcpy   0x100048e0        0xc Flight_Software/boot/CMakeFiles/boot.dir/C_/Program_Files/Raspberry_Pi/Pico_SDK_v1.5.1/pico-sdk/src/rp2_common/pico_mem_ops/mem_ops_aeabi.S.obj
                0x100048e0                __wrap_memcpy
                0x100048e0                __wrap___aeabi_memcpy
 .text.stdio_out_chars_no_crlf
                0x100048ec        0xe Flight_Software/boot/CMakeFiles/boot.dir/C_/Program_Files/Raspberry_Pi/Pico_SDK_v1.5.1/pico-sdk/src/rp2_common/pico_stdio/stdio.c.obj
 *fill*         0x100048fa        0x2 
 .text.stdio_out_chars_crlf
                0x100048fc       0x80 Flight_Software/boot/CMakeFiles/boot.dir/C_/Program_Files/Raspberry_Pi/Pico_SDK_v1.5.1/pico-sdk/src/rp2_common/pico_stdio/stdio.c.obj
 .text.stdio_stack_buffer_flush
                0x1000497c       0x44 Flight_Software/boot/CMakeFiles/boot.dir/C_/Program_Files/Raspberry_Pi/Pico_SDK_v1.5.1/pico-sdk/src/rp2_common/pico_stdio/stdio.c.obj
 .text.stdio_buffered_printer
                0x100049c0       0x20 Flight_Software/boot/CMakeFiles/boot.dir/C_/Program_Files/Raspberry_Pi/Pico_SDK_v1.5.1/pico-sdk/src/rp2_common/pico_stdio/stdio.c.obj
 .text.stdio_get_until
                0x100049e0       0x80 Flight_Software/boot/CMakeFiles/boot.dir/C_/Program_Files/Raspberry_Pi/Pico_SDK_v1.5.1/pico-sdk/src/rp2_common/pico_stdio/stdio.c.obj
 .text.stdout_serialize_begin
                0x10004a60       0x5c Flight_Software/boot/CMakeFiles/boot.dir/C_/Program_Files/Raspberry_Pi/Pico_SDK_v1.5.1/pico-sdk/src/rp2_common/pico_stdio/stdio.c.obj
                0x10004a60                stdout_serialize_begin
 .text.stdout_serialize_end
                0x10004abc       0x10 Flight_Software/boot/CMakeFiles/boot.dir/C_/Program_Files/Raspberry_Pi/Pico_SDK_v1.5.1/pico-sdk/src/rp2_common/pico_stdio/stdio.c.obj
                0x10004abc                stdout_serialize_end
 .text.stdio_put_string
                0x10004acc       0x98 Flight_Software/boot/CMakeFiles/boot.dir/C_/Program_Files/Raspberry_Pi/Pico_SDK_v1.5.1/pico-sdk/src/rp2_common/pico_stdio/stdio.c.obj
 .text._read    0x10004b64       0x24 Flight_Software/boot/CMakeFiles/boot.dir/C_/Program_Files/Raspberry_Pi/Pico_SDK_v1.5.1/pico-sdk/src/rp2_common/pico_stdio/stdio.c.obj
                0x10004b64                _read
 .text._write   0x10004b88       0x22 Flight_Software/boot/CMakeFiles/boot.dir/C_/Program_Files/Raspberry_Pi/Pico_SDK_v1.5.1/pico-sdk/src/rp2_common/pico_stdio/stdio.c.obj
                0x10004b88                _write
 .text._close   0x10004baa        0x6 Flight_Software/boot/CMakeFiles/boot.dir/C_/Program_Files/Raspberry_Pi/Pico_SDK_v1.5.1/pico-sdk/src/rp2_common/pico_stdio/stdio.c.obj
                0x10004baa                _close
 .text._lseek   0x10004bb0        0x6 Flight_Software/boot/CMakeFiles/boot.dir/C_/Program_Files/Raspberry_Pi/Pico_SDK_v1.5.1/pico-sdk/src/rp2_common/pico_stdio/stdio.c.obj
                0x10004bb0                _lseek
 .text._fstat   0x10004bb6        0x6 Flight_Software/boot/CMakeFiles/boot.dir/C_/Program_Files/Raspberry_Pi/Pico_SDK_v1.5.1/pico-sdk/src/rp2_common/pico_stdio/stdio.c.obj
                0x10004bb6                _fstat
 .text._isatty  0x10004bbc        0xc Flight_Software/boot/CMakeFiles/boot.dir/C_/Program_Files/Raspberry_Pi/Pico_SDK_v1.5.1/pico-sdk/src/rp2_common/pico_stdio/stdio.c.obj
                0x10004bbc                _isatty
 .text.stdio_set_driver_enabled
                0x10004bc8       0x2c Flight_Software/boot/CMakeFiles/boot.dir/C_/Program_Files/Raspberry_Pi/Pico_SDK_v1.5.1/pico-sdk/src/rp2_common/pico_stdio/stdio.c.obj
                0x10004bc8                stdio_set_driver_enabled
 .text.stdio_flush
                0x10004bf4       0x20 Flight_Software/boot/CMakeFiles/boot.dir/C_/Program_Files/Raspberry_Pi/Pico_SDK_v1.5.1/pico-sdk/src/rp2_common/pico_stdio/stdio.c.obj
                0x10004bf4                stdio_flush
 .text.__wrap_puts
                0x10004c14       0x1e Flight_Software/boot/CMakeFiles/boot.dir/C_/Program_Files/Raspberry_Pi/Pico_SDK_v1.5.1/pico-sdk/src/rp2_common/pico_stdio/stdio.c.obj
                0x10004c14                __wrap_puts
 *fill*         0x10004c32        0x2 
 .text.__wrap_vprintf
                0x10004c34       0x40 Flight_Software/boot/CMakeFiles/boot.dir/C_/Program_Files/Raspberry_Pi/Pico_SDK_v1.5.1/pico-sdk/src/rp2_common/pico_stdio/stdio.c.obj
                0x10004c34                __wrap_vprintf
 .text.__wrap_printf
                0x10004c74       0x18 Flight_Software/boot/CMakeFiles/boot.dir/C_/Program_Files/Raspberry_Pi/Pico_SDK_v1.5.1/pico-sdk/src/rp2_common/pico_stdio/stdio.c.obj
                0x10004c74                __wrap_printf
 .text.stdio_init_all
                0x10004c8c        0x8 Flight_Software/boot/CMakeFiles/boot.dir/C_/Program_Files/Raspberry_Pi/Pico_SDK_v1.5.1/pico-sdk/src/rp2_common/pico_stdio/stdio.c.obj
                0x10004c8c                stdio_init_all
 .text.resetd_init
                0x10004c94        0x2 Flight_Software/boot/CMakeFiles/boot.dir/C_/Program_Files/Raspberry_Pi/Pico_SDK_v1.5.1/pico-sdk/src/rp2_common/pico_stdio_usb/reset_interface.c.obj
 *fill*         0x10004c96        0x2 
 .text.resetd_reset
                0x10004c98        0xc Flight_Software/boot/CMakeFiles/boot.dir/C_/Program_Files/Raspberry_Pi/Pico_SDK_v1.5.1/pico-sdk/src/rp2_common/pico_stdio_usb/reset_interface.c.obj
 .text.resetd_open
                0x10004ca4       0x34 Flight_Software/boot/CMakeFiles/boot.dir/C_/Program_Files/Raspberry_Pi/Pico_SDK_v1.5.1/pico-sdk/src/rp2_common/pico_stdio_usb/reset_interface.c.obj
 .text.resetd_xfer_cb
                0x10004cd8        0x4 Flight_Software/boot/CMakeFiles/boot.dir/C_/Program_Files/Raspberry_Pi/Pico_SDK_v1.5.1/pico-sdk/src/rp2_common/pico_stdio_usb/reset_interface.c.obj
 .text.reset_usb_boot
                0x10004cdc       0x18 Flight_Software/boot/CMakeFiles/boot.dir/C_/Program_Files/Raspberry_Pi/Pico_SDK_v1.5.1/pico-sdk/src/rp2_common/pico_stdio_usb/reset_interface.c.obj
 .text.resetd_control_xfer_cb
                0x10004cf4       0x5c Flight_Software/boot/CMakeFiles/boot.dir/C_/Program_Files/Raspberry_Pi/Pico_SDK_v1.5.1/pico-sdk/src/rp2_common/pico_stdio_usb/reset_interface.c.obj
 .text.usbd_app_driver_get_cb
                0x10004d50        0xc Flight_Software/boot/CMakeFiles/boot.dir/C_/Program_Files/Raspberry_Pi/Pico_SDK_v1.5.1/pico-sdk/src/rp2_common/pico_stdio_usb/reset_interface.c.obj
                0x10004d50                usbd_app_driver_get_cb
 .text.tud_cdc_line_coding_cb
                0x10004d5c       0x28 Flight_Software/boot/CMakeFiles/boot.dir/C_/Program_Files/Raspberry_Pi/Pico_SDK_v1.5.1/pico-sdk/src/rp2_common/pico_stdio_usb/reset_interface.c.obj
                0x10004d5c                tud_cdc_line_coding_cb
 .text.stdio_usb_set_chars_available_callback
                0x10004d84       0x14 Flight_Software/boot/CMakeFiles/boot.dir/C_/Program_Files/Raspberry_Pi/Pico_SDK_v1.5.1/pico-sdk/src/rp2_common/pico_stdio_usb/stdio_usb.c.obj
                0x10004d84                stdio_usb_set_chars_available_callback
 .text.usb_irq  0x10004d98       0x10 Flight_Software/boot/CMakeFiles/boot.dir/C_/Program_Files/Raspberry_Pi/Pico_SDK_v1.5.1/pico-sdk/src/rp2_common/pico_stdio_usb/stdio_usb.c.obj
 .text.timer_task
                0x10004da8       0x5c Flight_Software/boot/CMakeFiles/boot.dir/C_/Program_Files/Raspberry_Pi/Pico_SDK_v1.5.1/pico-sdk/src/rp2_common/pico_stdio_usb/stdio_usb.c.obj
 .text.low_priority_worker_irq
                0x10004e04       0xdc Flight_Software/boot/CMakeFiles/boot.dir/C_/Program_Files/Raspberry_Pi/Pico_SDK_v1.5.1/pico-sdk/src/rp2_common/pico_stdio_usb/stdio_usb.c.obj
 .text.tud_cdc_rx_cb
                0x10004ee0       0x20 Flight_Software/boot/CMakeFiles/boot.dir/C_/Program_Files/Raspberry_Pi/Pico_SDK_v1.5.1/pico-sdk/src/rp2_common/pico_stdio_usb/stdio_usb.c.obj
                0x10004ee0                tud_cdc_rx_cb
 .text.stdio_usb_init
                0x10004f00      0x11c Flight_Software/boot/CMakeFiles/boot.dir/C_/Program_Files/Raspberry_Pi/Pico_SDK_v1.5.1/pico-sdk/src/rp2_common/pico_stdio_usb/stdio_usb.c.obj
                0x10004f00                stdio_usb_init
 .text.stdio_usb_connected
                0x1000501c        0xa Flight_Software/boot/CMakeFiles/boot.dir/C_/Program_Files/Raspberry_Pi/Pico_SDK_v1.5.1/pico-sdk/src/rp2_common/pico_stdio_usb/stdio_usb.c.obj
                0x1000501c                stdio_usb_connected
 *fill*         0x10005026        0x2 
 .text.stdio_usb_in_chars
                0x10005028       0xc4 Flight_Software/boot/CMakeFiles/boot.dir/C_/Program_Files/Raspberry_Pi/Pico_SDK_v1.5.1/pico-sdk/src/rp2_common/pico_stdio_usb/stdio_usb.c.obj
                0x10005028                stdio_usb_in_chars
 .text.stdio_usb_out_chars
                0x100050ec      0x114 Flight_Software/boot/CMakeFiles/boot.dir/C_/Program_Files/Raspberry_Pi/Pico_SDK_v1.5.1/pico-sdk/src/rp2_common/pico_stdio_usb/stdio_usb.c.obj
 .text.tud_descriptor_device_cb
                0x10005200        0x8 Flight_Software/boot/CMakeFiles/boot.dir/C_/Program_Files/Raspberry_Pi/Pico_SDK_v1.5.1/pico-sdk/src/rp2_common/pico_stdio_usb/stdio_usb_descriptors.c.obj
                0x10005200                tud_descriptor_device_cb
 .text.tud_descriptor_configuration_cb
                0x10005208        0x8 Flight_Software/boot/CMakeFiles/boot.dir/C_/Program_Files/Raspberry_Pi/Pico_SDK_v1.5.1/pico-sdk/src/rp2_common/pico_stdio_usb/stdio_usb_descriptors.c.obj
                0x10005208                tud_descriptor_configuration_cb
 .text.tud_descriptor_string_cb
                0x10005210       0x6c Flight_Software/boot/CMakeFiles/boot.dir/C_/Program_Files/Raspberry_Pi/Pico_SDK_v1.5.1/pico-sdk/src/rp2_common/pico_stdio_usb/stdio_usb_descriptors.c.obj
                0x10005210                tud_descriptor_string_cb
 .text._retrieve_unique_id_on_boot
                0x1000527c       0x10 Flight_Software/boot/CMakeFiles/boot.dir/C_/Program_Files/Raspberry_Pi/Pico_SDK_v1.5.1/pico-sdk/src/rp2_common/pico_unique_id/unique_id.c.obj
 .text.pico_get_unique_board_id_string
                0x1000528c       0x60 Flight_Software/boot/CMakeFiles/boot.dir/C_/Program_Files/Raspberry_Pi/Pico_SDK_v1.5.1/pico-sdk/src/rp2_common/pico_unique_id/unique_id.c.obj
                0x1000528c                pico_get_unique_board_id_string
 .text.flash_get_unique_id
                0x100052ec       0x46 Flight_Software/boot/CMakeFiles/boot.dir/C_/Program_Files/Raspberry_Pi/Pico_SDK_v1.5.1/pico-sdk/src/rp2_common/hardware_flash/flash.c.obj
                0x100052ec                flash_get_unique_id
 *fill*         0x10005332        0x2 
 .text.hw_endpoint_get_by_addr
                0x10005334       0x18 Flight_Software/boot/CMakeFiles/boot.dir/C_/Program_Files/Raspberry_Pi/Pico_SDK_v1.5.1/pico-sdk/lib/tinyusb/src/portable/raspberrypi/rp2040/dcd_rp2040.c.obj
 .text._hw_endpoint_alloc
                0x1000534c       0x70 Flight_Software/boot/CMakeFiles/boot.dir/C_/Program_Files/Raspberry_Pi/Pico_SDK_v1.5.1/pico-sdk/lib/tinyusb/src/portable/raspberrypi/rp2040/dcd_rp2040.c.obj
 .text.hw_endpoint_init
                0x100053bc       0x88 Flight_Software/boot/CMakeFiles/boot.dir/C_/Program_Files/Raspberry_Pi/Pico_SDK_v1.5.1/pico-sdk/lib/tinyusb/src/portable/raspberrypi/rp2040/dcd_rp2040.c.obj
 .text.hw_endpoint_xfer
                0x10005444       0x14 Flight_Software/boot/CMakeFiles/boot.dir/C_/Program_Files/Raspberry_Pi/Pico_SDK_v1.5.1/pico-sdk/lib/tinyusb/src/portable/raspberrypi/rp2040/dcd_rp2040.c.obj
 .text.dcd_int_enable
                0x10005458       0x2c Flight_Software/boot/CMakeFiles/boot.dir/C_/Program_Files/Raspberry_Pi/Pico_SDK_v1.5.1/pico-sdk/lib/tinyusb/src/portable/raspberrypi/rp2040/dcd_rp2040.c.obj
                0x10005458                dcd_int_enable
 .text.dcd_set_address
                0x10005484       0x2c Flight_Software/boot/CMakeFiles/boot.dir/C_/Program_Files/Raspberry_Pi/Pico_SDK_v1.5.1/pico-sdk/lib/tinyusb/src/portable/raspberrypi/rp2040/dcd_rp2040.c.obj
                0x10005484                dcd_set_address
 .text.dcd_connect
                0x100054b0       0x10 Flight_Software/boot/CMakeFiles/boot.dir/C_/Program_Files/Raspberry_Pi/Pico_SDK_v1.5.1/pico-sdk/lib/tinyusb/src/portable/raspberrypi/rp2040/dcd_rp2040.c.obj
                0x100054b0                dcd_connect
 .text.dcd_init
                0x100054c0       0x80 Flight_Software/boot/CMakeFiles/boot.dir/C_/Program_Files/Raspberry_Pi/Pico_SDK_v1.5.1/pico-sdk/lib/tinyusb/src/portable/raspberrypi/rp2040/dcd_rp2040.c.obj
                0x100054c0                dcd_init
 .text.dcd_edpt0_status_complete
                0x10005540       0x1c Flight_Software/boot/CMakeFiles/boot.dir/C_/Program_Files/Raspberry_Pi/Pico_SDK_v1.5.1/pico-sdk/lib/tinyusb/src/portable/raspberrypi/rp2040/dcd_rp2040.c.obj
                0x10005540                dcd_edpt0_status_complete
 .text.dcd_edpt_open
                0x1000555c       0x40 Flight_Software/boot/CMakeFiles/boot.dir/C_/Program_Files/Raspberry_Pi/Pico_SDK_v1.5.1/pico-sdk/lib/tinyusb/src/portable/raspberrypi/rp2040/dcd_rp2040.c.obj
                0x1000555c                dcd_edpt_open
 .text.dcd_edpt_close_all
                0x1000559c        0x8 Flight_Software/boot/CMakeFiles/boot.dir/C_/Program_Files/Raspberry_Pi/Pico_SDK_v1.5.1/pico-sdk/lib/tinyusb/src/portable/raspberrypi/rp2040/dcd_rp2040.c.obj
                0x1000559c                dcd_edpt_close_all
 .text.dcd_edpt_xfer
                0x100055a4       0x34 Flight_Software/boot/CMakeFiles/boot.dir/C_/Program_Files/Raspberry_Pi/Pico_SDK_v1.5.1/pico-sdk/lib/tinyusb/src/portable/raspberrypi/rp2040/dcd_rp2040.c.obj
                0x100055a4                dcd_edpt_xfer
 .text.dcd_edpt_stall
                0x100055d8       0x2c Flight_Software/boot/CMakeFiles/boot.dir/C_/Program_Files/Raspberry_Pi/Pico_SDK_v1.5.1/pico-sdk/lib/tinyusb/src/portable/raspberrypi/rp2040/dcd_rp2040.c.obj
                0x100055d8                dcd_edpt_stall
 .text.dcd_edpt_clear_stall
                0x10005604       0x20 Flight_Software/boot/CMakeFiles/boot.dir/C_/Program_Files/Raspberry_Pi/Pico_SDK_v1.5.1/pico-sdk/lib/tinyusb/src/portable/raspberrypi/rp2040/dcd_rp2040.c.obj
                0x10005604                dcd_edpt_clear_stall
 .text.rp2040_usb_init
                0x10005624       0x4c Flight_Software/boot/CMakeFiles/boot.dir/C_/Program_Files/Raspberry_Pi/Pico_SDK_v1.5.1/pico-sdk/lib/tinyusb/src/portable/raspberrypi/rp2040/rp2040_usb.c.obj
                0x10005624                rp2040_usb_init
 .text.hw_endpoint_xfer_start
                0x10005670       0x50 Flight_Software/boot/CMakeFiles/boot.dir/C_/Program_Files/Raspberry_Pi/Pico_SDK_v1.5.1/pico-sdk/lib/tinyusb/src/portable/raspberrypi/rp2040/rp2040_usb.c.obj
                0x10005670                hw_endpoint_xfer_start
 .text.configuration_reset
                0x100056c0       0x84 Flight_Software/boot/CMakeFiles/boot.dir/C_/Program_Files/Raspberry_Pi/Pico_SDK_v1.5.1/pico-sdk/lib/tinyusb/src/device/usbd.c.obj
 .text.usbd_reset
                0x10005744        0xc Flight_Software/boot/CMakeFiles/boot.dir/C_/Program_Files/Raspberry_Pi/Pico_SDK_v1.5.1/pico-sdk/lib/tinyusb/src/device/usbd.c.obj
 .text.invoke_class_control
                0x10005750       0x1a Flight_Software/boot/CMakeFiles/boot.dir/C_/Program_Files/Raspberry_Pi/Pico_SDK_v1.5.1/pico-sdk/lib/tinyusb/src/device/usbd.c.obj
 *fill*         0x1000576a        0x2 
 .text.process_set_config
                0x1000576c      0x178 Flight_Software/boot/CMakeFiles/boot.dir/C_/Program_Files/Raspberry_Pi/Pico_SDK_v1.5.1/pico-sdk/lib/tinyusb/src/device/usbd.c.obj
 .text.process_get_descriptor
                0x100058e4       0xdc Flight_Software/boot/CMakeFiles/boot.dir/C_/Program_Files/Raspberry_Pi/Pico_SDK_v1.5.1/pico-sdk/lib/tinyusb/src/device/usbd.c.obj
 .text.tud_mounted
                0x100059c0       0x10 Flight_Software/boot/CMakeFiles/boot.dir/C_/Program_Files/Raspberry_Pi/Pico_SDK_v1.5.1/pico-sdk/lib/tinyusb/src/device/usbd.c.obj
                0x100059c0                tud_mounted
 .text.tud_suspended
                0x100059d0       0x10 Flight_Software/boot/CMakeFiles/boot.dir/C_/Program_Files/Raspberry_Pi/Pico_SDK_v1.5.1/pico-sdk/lib/tinyusb/src/device/usbd.c.obj
                0x100059d0                tud_suspended
 .text.tud_inited
                0x100059e0       0x14 Flight_Software/boot/CMakeFiles/boot.dir/C_/Program_Files/Raspberry_Pi/Pico_SDK_v1.5.1/pico-sdk/lib/tinyusb/src/device/usbd.c.obj
                0x100059e0                tud_inited
 .text.tud_init
                0x100059f4       0xcc Flight_Software/boot/CMakeFiles/boot.dir/C_/Program_Files/Raspberry_Pi/Pico_SDK_v1.5.1/pico-sdk/lib/tinyusb/src/device/usbd.c.obj
                0x100059f4                tud_init
 .text.usbd_defer_func
                0x10005ac0       0x2a Flight_Software/boot/CMakeFiles/boot.dir/C_/Program_Files/Raspberry_Pi/Pico_SDK_v1.5.1/pico-sdk/lib/tinyusb/src/device/usbd.c.obj
                0x10005ac0                usbd_defer_func
 *fill*         0x10005aea        0x2 
 .text.usbd_edpt_open
                0x10005aec       0x34 Flight_Software/boot/CMakeFiles/boot.dir/C_/Program_Files/Raspberry_Pi/Pico_SDK_v1.5.1/pico-sdk/lib/tinyusb/src/device/usbd.c.obj
                0x10005aec                usbd_edpt_open
 .text.usbd_open_edpt_pair
                0x10005b20       0x62 Flight_Software/boot/CMakeFiles/boot.dir/C_/Program_Files/Raspberry_Pi/Pico_SDK_v1.5.1/pico-sdk/lib/tinyusb/src/device/usbd.c.obj
                0x10005b20                usbd_open_edpt_pair
 *fill*         0x10005b82        0x2 
 .text.usbd_edpt_claim
                0x10005b84       0x28 Flight_Software/boot/CMakeFiles/boot.dir/C_/Program_Files/Raspberry_Pi/Pico_SDK_v1.5.1/pico-sdk/lib/tinyusb/src/device/usbd.c.obj
                0x10005b84                usbd_edpt_claim
 .text.usbd_edpt_release
                0x10005bac       0x28 Flight_Software/boot/CMakeFiles/boot.dir/C_/Program_Files/Raspberry_Pi/Pico_SDK_v1.5.1/pico-sdk/lib/tinyusb/src/device/usbd.c.obj
                0x10005bac                usbd_edpt_release
 .text.usbd_edpt_xfer
                0x10005bd4       0x78 Flight_Software/boot/CMakeFiles/boot.dir/C_/Program_Files/Raspberry_Pi/Pico_SDK_v1.5.1/pico-sdk/lib/tinyusb/src/device/usbd.c.obj
                0x10005bd4                usbd_edpt_xfer
 .text.usbd_edpt_stall
                0x10005c4c       0x48 Flight_Software/boot/CMakeFiles/boot.dir/C_/Program_Files/Raspberry_Pi/Pico_SDK_v1.5.1/pico-sdk/lib/tinyusb/src/device/usbd.c.obj
                0x10005c4c                usbd_edpt_stall
 .text.usbd_edpt_clear_stall
                0x10005c94       0x48 Flight_Software/boot/CMakeFiles/boot.dir/C_/Program_Files/Raspberry_Pi/Pico_SDK_v1.5.1/pico-sdk/lib/tinyusb/src/device/usbd.c.obj
                0x10005c94                usbd_edpt_clear_stall
 .text.usbd_edpt_stalled
                0x10005cdc       0x1c Flight_Software/boot/CMakeFiles/boot.dir/C_/Program_Files/Raspberry_Pi/Pico_SDK_v1.5.1/pico-sdk/lib/tinyusb/src/device/usbd.c.obj
                0x10005cdc                usbd_edpt_stalled
 .text.process_control_request
                0x10005cf8      0x37c Flight_Software/boot/CMakeFiles/boot.dir/C_/Program_Files/Raspberry_Pi/Pico_SDK_v1.5.1/pico-sdk/lib/tinyusb/src/device/usbd.c.obj
 .text.tud_task_ext
                0x10006074      0x1b8 Flight_Software/boot/CMakeFiles/boot.dir/C_/Program_Files/Raspberry_Pi/Pico_SDK_v1.5.1/pico-sdk/lib/tinyusb/src/device/usbd.c.obj
                0x10006074                tud_task_ext
 .text._data_stage_xact
                0x1000622c       0x58 Flight_Software/boot/CMakeFiles/boot.dir/C_/Program_Files/Raspberry_Pi/Pico_SDK_v1.5.1/pico-sdk/lib/tinyusb/src/device/usbd_control.c.obj
 .text.tud_control_status
                0x10006284       0x38 Flight_Software/boot/CMakeFiles/boot.dir/C_/Program_Files/Raspberry_Pi/Pico_SDK_v1.5.1/pico-sdk/lib/tinyusb/src/device/usbd_control.c.obj
                0x10006284                tud_control_status
 .text.tud_control_xfer
                0x100062bc       0x74 Flight_Software/boot/CMakeFiles/boot.dir/C_/Program_Files/Raspberry_Pi/Pico_SDK_v1.5.1/pico-sdk/lib/tinyusb/src/device/usbd_control.c.obj
                0x100062bc                tud_control_xfer
 .text.usbd_control_reset
                0x10006330       0x14 Flight_Software/boot/CMakeFiles/boot.dir/C_/Program_Files/Raspberry_Pi/Pico_SDK_v1.5.1/pico-sdk/lib/tinyusb/src/device/usbd_control.c.obj
                0x10006330                usbd_control_reset
 .text.usbd_control_set_complete_callback
                0x10006344        0xc Flight_Software/boot/CMakeFiles/boot.dir/C_/Program_Files/Raspberry_Pi/Pico_SDK_v1.5.1/pico-sdk/lib/tinyusb/src/device/usbd_control.c.obj
                0x10006344                usbd_control_set_complete_callback
 .text.usbd_control_set_request
                0x10006350       0x1c Flight_Software/boot/CMakeFiles/boot.dir/C_/Program_Files/Raspberry_Pi/Pico_SDK_v1.5.1/pico-sdk/lib/tinyusb/src/device/usbd_control.c.obj
                0x10006350                usbd_control_set_request
 .text.usbd_control_xfer_cb
                0x1000636c       0xcc Flight_Software/boot/CMakeFiles/boot.dir/C_/Program_Files/Raspberry_Pi/Pico_SDK_v1.5.1/pico-sdk/lib/tinyusb/src/device/usbd_control.c.obj
                0x1000636c                usbd_control_xfer_cb
 .text._prep_out_transaction
                0x10006438       0x4a Flight_Software/boot/CMakeFiles/boot.dir/C_/Program_Files/Raspberry_Pi/Pico_SDK_v1.5.1/pico-sdk/lib/tinyusb/src/class/cdc/cdc_device.c.obj
 *fill*         0x10006482        0x2 
 .text.tud_cdc_n_connected
                0x10006484       0x44 Flight_Software/boot/CMakeFiles/boot.dir/C_/Program_Files/Raspberry_Pi/Pico_SDK_v1.5.1/pico-sdk/lib/tinyusb/src/class/cdc/cdc_device.c.obj
                0x10006484                tud_cdc_n_connected
 .text.tud_cdc_n_available
                0x100064c8       0x18 Flight_Software/boot/CMakeFiles/boot.dir/C_/Program_Files/Raspberry_Pi/Pico_SDK_v1.5.1/pico-sdk/lib/tinyusb/src/class/cdc/cdc_device.c.obj
                0x100064c8                tud_cdc_n_available
 .text.tud_cdc_n_read
                0x100064e0       0x28 Flight_Software/boot/CMakeFiles/boot.dir/C_/Program_Files/Raspberry_Pi/Pico_SDK_v1.5.1/pico-sdk/lib/tinyusb/src/class/cdc/cdc_device.c.obj
                0x100064e0                tud_cdc_n_read
 .text.tud_cdc_n_write_flush
                0x10006508       0xb8 Flight_Software/boot/CMakeFiles/boot.dir/C_/Program_Files/Raspberry_Pi/Pico_SDK_v1.5.1/pico-sdk/lib/tinyusb/src/class/cdc/cdc_device.c.obj
                0x10006508                tud_cdc_n_write_flush
 .text.tud_cdc_n_write
                0x100065c0       0x38 Flight_Software/boot/CMakeFiles/boot.dir/C_/Program_Files/Raspberry_Pi/Pico_SDK_v1.5.1/pico-sdk/lib/tinyusb/src/class/cdc/cdc_device.c.obj
                0x100065c0                tud_cdc_n_write
 .text.tud_cdc_n_write_available
                0x100065f8       0x1c Flight_Software/boot/CMakeFiles/boot.dir/C_/Program_Files/Raspberry_Pi/Pico_SDK_v1.5.1/pico-sdk/lib/tinyusb/src/class/cdc/cdc_device.c.obj
                0x100065f8                tud_cdc_n_write_available
 .text.cdcd_init
                0x10006614       0xbc Flight_Software/boot/CMakeFiles/boot.dir/C_/Program_Files/Raspberry_Pi/Pico_SDK_v1.5.1/pico-sdk/lib/tinyusb/src/class/cdc/cdc_device.c.obj
                0x10006614                cdcd_init
 .text.cdcd_reset
                0x100066d0       0x44 Flight_Software/boot/CMakeFiles/boot.dir/C_/Program_Files/Raspberry_Pi/Pico_SDK_v1.5.1/pico-sdk/lib/tinyusb/src/class/cdc/cdc_device.c.obj
                0x100066d0                cdcd_reset
 .text.cdcd_open
                0x10006714       0xcc Flight_Software/boot/CMakeFiles/boot.dir/C_/Program_Files/Raspberry_Pi/Pico_SDK_v1.5.1/pico-sdk/lib/tinyusb/src/class/cdc/cdc_device.c.obj
                0x10006714                cdcd_open
 .text.cdcd_control_xfer_cb
                0x100067e0      0x134 Flight_Software/boot/CMakeFiles/boot.dir/C_/Program_Files/Raspberry_Pi/Pico_SDK_v1.5.1/pico-sdk/lib/tinyusb/src/class/cdc/cdc_device.c.obj
                0x100067e0                cdcd_control_xfer_cb
 .text.cdcd_xfer_cb
                0x10006914      0x130 Flight_Software/boot/CMakeFiles/boot.dir/C_/Program_Files/Raspberry_Pi/Pico_SDK_v1.5.1/pico-sdk/lib/tinyusb/src/class/cdc/cdc_device.c.obj
                0x10006914                cdcd_xfer_cb
 .text.tusb_init
                0x10006a44        0xa Flight_Software/boot/CMakeFiles/boot.dir/C_/Program_Files/Raspberry_Pi/Pico_SDK_v1.5.1/pico-sdk/lib/tinyusb/src/tusb.c.obj
                0x10006a44                tusb_init
 .text.tusb_inited
                0x10006a4e        0xe Flight_Software/boot/CMakeFiles/boot.dir/C_/Program_Files/Raspberry_Pi/Pico_SDK_v1.5.1/pico-sdk/lib/tinyusb/src/tusb.c.obj
                0x10006a4e                tusb_inited
 .text.tu_edpt_claim
                0x10006a5c       0x50 Flight_Software/boot/CMakeFiles/boot.dir/C_/Program_Files/Raspberry_Pi/Pico_SDK_v1.5.1/pico-sdk/lib/tinyusb/src/tusb.c.obj
                0x10006a5c                tu_edpt_claim
 .text.tu_edpt_release
                0x10006aac       0x3c Flight_Software/boot/CMakeFiles/boot.dir/C_/Program_Files/Raspberry_Pi/Pico_SDK_v1.5.1/pico-sdk/lib/tinyusb/src/tusb.c.obj
                0x10006aac                tu_edpt_release
 .text.tu_edpt_validate
                0x10006ae8       0x78 Flight_Software/boot/CMakeFiles/boot.dir/C_/Program_Files/Raspberry_Pi/Pico_SDK_v1.5.1/pico-sdk/lib/tinyusb/src/tusb.c.obj
                0x10006ae8                tu_edpt_validate
 .text.tu_edpt_bind_driver
                0x10006b60       0x26 Flight_Software/boot/CMakeFiles/boot.dir/C_/Program_Files/Raspberry_Pi/Pico_SDK_v1.5.1/pico-sdk/lib/tinyusb/src/tusb.c.obj
                0x10006b60                tu_edpt_bind_driver
 .text.advance_index
                0x10006b86       0x1a Flight_Software/boot/CMakeFiles/boot.dir/C_/Program_Files/Raspberry_Pi/Pico_SDK_v1.5.1/pico-sdk/lib/tinyusb/src/common/tusb_fifo.c.obj
 .text._tu_fifo_peek
                0x10006ba0       0x56 Flight_Software/boot/CMakeFiles/boot.dir/C_/Program_Files/Raspberry_Pi/Pico_SDK_v1.5.1/pico-sdk/lib/tinyusb/src/common/tusb_fifo.c.obj
 .text._ff_pull_const_addr
                0x10006bf6       0x4c Flight_Software/boot/CMakeFiles/boot.dir/C_/Program_Files/Raspberry_Pi/Pico_SDK_v1.5.1/pico-sdk/lib/tinyusb/src/common/tusb_fifo.c.obj
 .text._ff_pull_n
                0x10006c42      0x110 Flight_Software/boot/CMakeFiles/boot.dir/C_/Program_Files/Raspberry_Pi/Pico_SDK_v1.5.1/pico-sdk/lib/tinyusb/src/common/tusb_fifo.c.obj
 .text._tu_fifo_peek_n
                0x10006d52       0x6a Flight_Software/boot/CMakeFiles/boot.dir/C_/Program_Files/Raspberry_Pi/Pico_SDK_v1.5.1/pico-sdk/lib/tinyusb/src/common/tusb_fifo.c.obj
 .text._tu_fifo_read_n
                0x10006dbc       0x4e Flight_Software/boot/CMakeFiles/boot.dir/C_/Program_Files/Raspberry_Pi/Pico_SDK_v1.5.1/pico-sdk/lib/tinyusb/src/common/tusb_fifo.c.obj
 .text._ff_push_const_addr
                0x10006e0a       0x40 Flight_Software/boot/CMakeFiles/boot.dir/C_/Program_Files/Raspberry_Pi/Pico_SDK_v1.5.1/pico-sdk/lib/tinyusb/src/common/tusb_fifo.c.obj
 .text._ff_push_n
                0x10006e4a      0x10c Flight_Software/boot/CMakeFiles/boot.dir/C_/Program_Files/Raspberry_Pi/Pico_SDK_v1.5.1/pico-sdk/lib/tinyusb/src/common/tusb_fifo.c.obj
 .text._tu_fifo_write_n
                0x10006f56       0xf0 Flight_Software/boot/CMakeFiles/boot.dir/C_/Program_Files/Raspberry_Pi/Pico_SDK_v1.5.1/pico-sdk/lib/tinyusb/src/common/tusb_fifo.c.obj
 .text.tu_fifo_config
                0x10007046       0x7c Flight_Software/boot/CMakeFiles/boot.dir/C_/Program_Files/Raspberry_Pi/Pico_SDK_v1.5.1/pico-sdk/lib/tinyusb/src/common/tusb_fifo.c.obj
                0x10007046                tu_fifo_config
 .text.tu_fifo_count
                0x100070c2       0x2a Flight_Software/boot/CMakeFiles/boot.dir/C_/Program_Files/Raspberry_Pi/Pico_SDK_v1.5.1/pico-sdk/lib/tinyusb/src/common/tusb_fifo.c.obj
                0x100070c2                tu_fifo_count
 .text.tu_fifo_empty
                0x100070ec       0x10 Flight_Software/boot/CMakeFiles/boot.dir/C_/Program_Files/Raspberry_Pi/Pico_SDK_v1.5.1/pico-sdk/lib/tinyusb/src/common/tusb_fifo.c.obj
                0x100070ec                tu_fifo_empty
 .text.tu_fifo_full
                0x100070fc       0x28 Flight_Software/boot/CMakeFiles/boot.dir/C_/Program_Files/Raspberry_Pi/Pico_SDK_v1.5.1/pico-sdk/lib/tinyusb/src/common/tusb_fifo.c.obj
                0x100070fc                tu_fifo_full
 .text.tu_fifo_remaining
                0x10007124       0x2c Flight_Software/boot/CMakeFiles/boot.dir/C_/Program_Files/Raspberry_Pi/Pico_SDK_v1.5.1/pico-sdk/lib/tinyusb/src/common/tusb_fifo.c.obj
                0x10007124                tu_fifo_remaining
 .text.tu_fifo_read
                0x10007150       0x42 Flight_Software/boot/CMakeFiles/boot.dir/C_/Program_Files/Raspberry_Pi/Pico_SDK_v1.5.1/pico-sdk/lib/tinyusb/src/common/tusb_fifo.c.obj
                0x10007150                tu_fifo_read
 .text.tu_fifo_read_n
                0x10007192        0xa Flight_Software/boot/CMakeFiles/boot.dir/C_/Program_Files/Raspberry_Pi/Pico_SDK_v1.5.1/pico-sdk/lib/tinyusb/src/common/tusb_fifo.c.obj
                0x10007192                tu_fifo_read_n
 .text.tu_fifo_write
                0x1000719c       0x64 Flight_Software/boot/CMakeFiles/boot.dir/C_/Program_Files/Raspberry_Pi/Pico_SDK_v1.5.1/pico-sdk/lib/tinyusb/src/common/tusb_fifo.c.obj
                0x1000719c                tu_fifo_write
 .text.tu_fifo_write_n
                0x10007200        0xa Flight_Software/boot/CMakeFiles/boot.dir/C_/Program_Files/Raspberry_Pi/Pico_SDK_v1.5.1/pico-sdk/lib/tinyusb/src/common/tusb_fifo.c.obj
                0x10007200                tu_fifo_write_n
 .text.tu_fifo_clear
                0x1000720a       0x3e Flight_Software/boot/CMakeFiles/boot.dir/C_/Program_Files/Raspberry_Pi/Pico_SDK_v1.5.1/pico-sdk/lib/tinyusb/src/common/tusb_fifo.c.obj
                0x1000720a                tu_fifo_clear
 .text.tu_fifo_set_overwritable
                0x10007248       0x46 Flight_Software/boot/CMakeFiles/boot.dir/C_/Program_Files/Raspberry_Pi/Pico_SDK_v1.5.1/pico-sdk/lib/tinyusb/src/common/tusb_fifo.c.obj
                0x10007248                tu_fifo_set_overwritable
 *fill*         0x1000728e        0x2 
 .text._pio_can_add_program_at_offset
                0x10007290       0x3c Flight_Software/boot/CMakeFiles/boot.dir/C_/Program_Files/Raspberry_Pi/Pico_SDK_v1.5.1/pico-sdk/src/rp2_common/hardware_pio/pio.c.obj
 .text._pio_find_offset_for_program
                0x100072cc       0x7c Flight_Software/boot/CMakeFiles/boot.dir/C_/Program_Files/Raspberry_Pi/Pico_SDK_v1.5.1/pico-sdk/src/rp2_common/hardware_pio/pio.c.obj
 .text._pio_add_program_at_offset
                0x10007348       0x78 Flight_Software/boot/CMakeFiles/boot.dir/C_/Program_Files/Raspberry_Pi/Pico_SDK_v1.5.1/pico-sdk/src/rp2_common/hardware_pio/pio.c.obj
 .text.pio_add_program
                0x100073c0       0x38 Flight_Software/boot/CMakeFiles/boot.dir/C_/Program_Files/Raspberry_Pi/Pico_SDK_v1.5.1/pico-sdk/src/rp2_common/hardware_pio/pio.c.obj
                0x100073c0                pio_add_program
 .text.pio_sm_set_consecutive_pindirs
                0x100073f8       0xa4 Flight_Software/boot/CMakeFiles/boot.dir/C_/Program_Files/Raspberry_Pi/Pico_SDK_v1.5.1/pico-sdk/src/rp2_common/hardware_pio/pio.c.obj
                0x100073f8                pio_sm_set_consecutive_pindirs
 .text.pio_sm_init
                0x1000749c       0xe4 Flight_Software/boot/CMakeFiles/boot.dir/C_/Program_Files/Raspberry_Pi/Pico_SDK_v1.5.1/pico-sdk/src/rp2_common/hardware_pio/pio.c.obj
                0x1000749c                pio_sm_init
 .text.i2c_write_blocking_internal
                0x10007580      0x140 Flight_Software/boot/CMakeFiles/boot.dir/C_/Program_Files/Raspberry_Pi/Pico_SDK_v1.5.1/pico-sdk/src/rp2_common/hardware_i2c/i2c.c.obj
 .text.i2c_read_blocking_internal
                0x100076c0       0xe6 Flight_Software/boot/CMakeFiles/boot.dir/C_/Program_Files/Raspberry_Pi/Pico_SDK_v1.5.1/pico-sdk/src/rp2_common/hardware_i2c/i2c.c.obj
 *fill*         0x100077a6        0x2 
 .text.i2c_set_baudrate
                0x100077a8       0xf0 Flight_Software/boot/CMakeFiles/boot.dir/C_/Program_Files/Raspberry_Pi/Pico_SDK_v1.5.1/pico-sdk/src/rp2_common/hardware_i2c/i2c.c.obj
                0x100077a8                i2c_set_baudrate
 .text.i2c_init
                0x10007898       0x58 Flight_Software/boot/CMakeFiles/boot.dir/C_/Program_Files/Raspberry_Pi/Pico_SDK_v1.5.1/pico-sdk/src/rp2_common/hardware_i2c/i2c.c.obj
                0x10007898                i2c_init
 .text.i2c_write_blocking
                0x100078f0       0x18 Flight_Software/boot/CMakeFiles/boot.dir/C_/Program_Files/Raspberry_Pi/Pico_SDK_v1.5.1/pico-sdk/src/rp2_common/hardware_i2c/i2c.c.obj
                0x100078f0                i2c_write_blocking
 .text.i2c_read_blocking
                0x10007908       0x18 Flight_Software/boot/CMakeFiles/boot.dir/C_/Program_Files/Raspberry_Pi/Pico_SDK_v1.5.1/pico-sdk/src/rp2_common/hardware_i2c/i2c.c.obj
                0x10007908                i2c_read_blocking
 .text.i2c_read_blocking_until
                0x10007920       0x3e Flight_Software/boot/CMakeFiles/boot.dir/C_/Program_Files/Raspberry_Pi/Pico_SDK_v1.5.1/pico-sdk/src/rp2_common/hardware_i2c/i2c.c.obj
                0x10007920                i2c_read_blocking_until
 *fill*         0x1000795e        0x2 
 .text._Z25critical_power_operations5tools19satellite_functions
                0x10007960       0x18 Flight_Software/lib/libmain.a(main.cpp.obj)
                0x10007960                critical_power_operations(tools, satellite_functions)
 .text._Z20low_power_operations5tools8neopixel19satellite_functions
                0x10007978       0x30 Flight_Software/lib/libmain.a(main.cpp.obj)
                0x10007978                low_power_operations(tools, neopixel, satellite_functions)
 .text._Z23normal_power_operations5tools8neopixel19satellite_functions
                0x100079a8       0x30 Flight_Software/lib/libmain.a(main.cpp.obj)
                0x100079a8                normal_power_operations(tools, neopixel, satellite_functions)
 .text._Z24maximum_power_operations5tools8neopixel19satellite_functions
                0x100079d8       0x30 Flight_Software/lib/libmain.a(main.cpp.obj)
                0x100079d8                maximum_power_operations(tools, neopixel, satellite_functions)
 .text._Z12main_program8neopixel
                0x10007a08      0x16c Flight_Software/lib/libmain.a(main.cpp.obj)
                0x10007a08                main_program(neopixel)
 .text._ZN8neopixelC2EP8pio_hw_tj
                0x10007b74        0x6 Flight_Software/lib/libneopixel.a(neopixel.cpp.obj)
                0x10007b74                neopixel::neopixel(pio_hw_t*, unsigned int)
                0x10007b74                neopixel::neopixel(pio_hw_t*, unsigned int)
 .text._ZN8neopixel9put_pixelEi
                0x10007b7a       0x1e Flight_Software/lib/libneopixel.a(neopixel.cpp.obj)
                0x10007b7a                neopixel::put_pixel(int)
 .text._ZN8neopixel8urgb_u32Ehhh
                0x10007b98        0xa Flight_Software/lib/libneopixel.a(neopixel.cpp.obj)
                0x10007b98                neopixel::urgb_u32(unsigned char, unsigned char, unsigned char)
 *fill*         0x10007ba2        0x2 
 .text._ZN9pysquaredC2E8neopixel
                0x10007ba4      0x25c Flight_Software/lib/libpysquared.a(pysquared.cpp.obj)
                0x10007ba4                pysquared::pysquared(neopixel)
                0x10007ba4                pysquared::pysquared(neopixel)
 .text._ZN9pysquared12check_rebootEv
                0x10007e00       0x10 Flight_Software/lib/libpysquared.a(pysquared.cpp.obj)
                0x10007e00                pysquared::check_reboot()
 .text._ZN19satellite_functionsC2E9pysquared
                0x10007e10       0x34 Flight_Software/lib/libfunctions.a(functions.cpp.obj)
                0x10007e10                satellite_functions::satellite_functions(pysquared)
                0x10007e10                satellite_functions::satellite_functions(pysquared)
 .text._ZN15LSM303AGR_ACCELC2EP8i2c_insth
                0x10007e44       0xb2 Flight_Software/lib/liblsm303agr.a(LSM303AGR.cpp.obj)
                0x10007e44                LSM303AGR_ACCEL::LSM303AGR_ACCEL(i2c_inst*, unsigned char)
                0x10007e44                LSM303AGR_ACCEL::LSM303AGR_ACCEL(i2c_inst*, unsigned char)
 .text._ZN15LSM303AGR_ACCEL9_reg_readEP8i2c_insthhPhh
                0x10007ef6       0x48 Flight_Software/lib/liblsm303agr.a(LSM303AGR.cpp.obj)
                0x10007ef6                LSM303AGR_ACCEL::_reg_read(i2c_inst*, unsigned char, unsigned char, unsigned char*, unsigned char)
 *fill*         0x10007f3e        0x2 
 .text._ZN15LSM303AGR_ACCEL4initEv
                0x10007f40       0x44 Flight_Software/lib/liblsm303agr.a(LSM303AGR.cpp.obj)
                0x10007f40                LSM303AGR_ACCEL::init()
 .text._ZN13LSM303AGR_MAGC2EP8i2c_insth
                0x10007f84       0x5e Flight_Software/lib/liblsm303agr.a(LSM303AGR.cpp.obj)
                0x10007f84                LSM303AGR_MAG::LSM303AGR_MAG(i2c_inst*, unsigned char)
                0x10007f84                LSM303AGR_MAG::LSM303AGR_MAG(i2c_inst*, unsigned char)
 .text._ZN13LSM303AGR_MAG9_reg_readEP8i2c_insthhPhh
                0x10007fe2       0x48 Flight_Software/lib/liblsm303agr.a(LSM303AGR.cpp.obj)
                0x10007fe2                LSM303AGR_MAG::_reg_read(i2c_inst*, unsigned char, unsigned char, unsigned char*, unsigned char)
 .text._ZN13LSM303AGR_MAG10_reg_writeEP8i2c_insthhPhh
                0x1000802a       0x4e Flight_Software/lib/liblsm303agr.a(LSM303AGR.cpp.obj)
                0x1000802a                LSM303AGR_MAG::_reg_write(i2c_inst*, unsigned char, unsigned char, unsigned char*, unsigned char)
 .text._ZN13LSM303AGR_MAG4initEv
                0x10008078       0xd0 Flight_Software/lib/liblsm303agr.a(LSM303AGR.cpp.obj)
                0x10008078                LSM303AGR_MAG::init()
 .text._ZN13LSM303AGR_MAG7raw_magEPf
                0x10008148       0xa8 Flight_Software/lib/liblsm303agr.a(LSM303AGR.cpp.obj)
                0x10008148                LSM303AGR_MAG::raw_mag(float*)
 .text._ZN13LSM303AGR_MAG14calibrated_magEPf
                0x100081f0       0xc4 Flight_Software/lib/liblsm303agr.a(LSM303AGR.cpp.obj)
                0x100081f0                LSM303AGR_MAG::calibrated_mag(float*)
 .text._ZN5toolsC2EbPKc
                0x100082b4        0x6 Flight_Software/lib/libtools.a(tools.cpp.obj)
                0x100082b4                tools::tools(bool, char const*)
                0x100082b4                tools::tools(bool, char const*)
 *fill*         0x100082ba        0x2 
 .text._ZN5tools11debug_printEPKc
                0x100082bc       0x98 Flight_Software/lib/libtools.a(tools.cpp.obj)
                0x100082bc                tools::debug_print(char const*)
 .text._ZN5tools8i2c_scanEP8i2c_inst
                0x10008354       0xd8 Flight_Software/lib/libtools.a(tools.cpp.obj)
                0x10008354                tools::i2c_scan(i2c_inst*)
 .text._ZN12_GLOBAL__N_14pool4freeEPv.constprop.0
                0x1000842c       0x78 c:/progra~1/raspbe~1/picosd~1.1/gcc-ar~1/bin/../lib/gcc/arm-none-eabi/10.3.1/../../../../arm-none-eabi/lib/thumb/v6-m/nofp\libstdc++.a(eh_alloc.o)
 .text._ZN12_GLOBAL__N_14pool8allocateEj.constprop.0
                0x100084a4       0x54 c:/progra~1/raspbe~1/picosd~1.1/gcc-ar~1/bin/../lib/gcc/arm-none-eabi/10.3.1/../../../../arm-none-eabi/lib/thumb/v6-m/nofp\libstdc++.a(eh_alloc.o)
 .text.__cxa_allocate_exception
                0x100084f8       0x2c c:/progra~1/raspbe~1/picosd~1.1/gcc-ar~1/bin/../lib/gcc/arm-none-eabi/10.3.1/../../../../arm-none-eabi/lib/thumb/v6-m/nofp\libstdc++.a(eh_alloc.o)
                0x100084f8                __cxa_allocate_exception
 .text.__cxa_free_exception
                0x10008524       0x24 c:/progra~1/raspbe~1/picosd~1.1/gcc-ar~1/bin/../lib/gcc/arm-none-eabi/10.3.1/../../../../arm-none-eabi/lib/thumb/v6-m/nofp\libstdc++.a(eh_alloc.o)
                0x10008524                __cxa_free_exception
 .text.startup._GLOBAL__sub_I__ZN9__gnu_cxx9__freeresEv
                0x10008548       0x2c c:/progra~1/raspbe~1/picosd~1.1/gcc-ar~1/bin/../lib/gcc/arm-none-eabi/10.3.1/../../../../arm-none-eabi/lib/thumb/v6-m/nofp\libstdc++.a(eh_alloc.o)
 .text.__cxa_end_cleanup
                0x10008574        0xc c:/progra~1/raspbe~1/picosd~1.1/gcc-ar~1/bin/../lib/gcc/arm-none-eabi/10.3.1/../../../../arm-none-eabi/lib/thumb/v6-m/nofp\libstdc++.a(eh_arm.o)
                0x10008574                __cxa_end_cleanup
 .text.__cxa_type_match
                0x10008580       0xc0 c:/progra~1/raspbe~1/picosd~1.1/gcc-ar~1/bin/../lib/gcc/arm-none-eabi/10.3.1/../../../../arm-none-eabi/lib/thumb/v6-m/nofp\libstdc++.a(eh_arm.o)
                0x10008580                __cxa_type_match
 .text.__cxa_begin_cleanup
                0x10008640       0x60 c:/progra~1/raspbe~1/picosd~1.1/gcc-ar~1/bin/../lib/gcc/arm-none-eabi/10.3.1/../../../../arm-none-eabi/lib/thumb/v6-m/nofp\libstdc++.a(eh_arm.o)
                0x10008640                __cxa_begin_cleanup
 .text.__gnu_end_cleanup
                0x100086a0       0x70 c:/progra~1/raspbe~1/picosd~1.1/gcc-ar~1/bin/../lib/gcc/arm-none-eabi/10.3.1/../../../../arm-none-eabi/lib/thumb/v6-m/nofp\libstdc++.a(eh_arm.o)
                0x100086a0                __gnu_end_cleanup
 .text.__cxa_begin_catch
                0x10008710       0x74 c:/progra~1/raspbe~1/picosd~1.1/gcc-ar~1/bin/../lib/gcc/arm-none-eabi/10.3.1/../../../../arm-none-eabi/lib/thumb/v6-m/nofp\libstdc++.a(eh_catch.o)
                0x10008710                __cxa_begin_catch
 .text.__cxa_end_catch
                0x10008784       0x90 c:/progra~1/raspbe~1/picosd~1.1/gcc-ar~1/bin/../lib/gcc/arm-none-eabi/10.3.1/../../../../arm-none-eabi/lib/thumb/v6-m/nofp\libstdc++.a(eh_catch.o)
                0x10008784                __cxa_end_catch
 .text._ZNSt9exceptionD2Ev
                0x10008814        0x4 c:/progra~1/raspbe~1/picosd~1.1/gcc-ar~1/bin/../lib/gcc/arm-none-eabi/10.3.1/../../../../arm-none-eabi/lib/thumb/v6-m/nofp\libstdc++.a(eh_exception.o)
                0x10008814                std::exception::~exception()
                0x10008814                std::exception::~exception()
 .text._ZNSt13bad_exceptionD2Ev
                0x10008818        0x4 c:/progra~1/raspbe~1/picosd~1.1/gcc-ar~1/bin/../lib/gcc/arm-none-eabi/10.3.1/../../../../arm-none-eabi/lib/thumb/v6-m/nofp\libstdc++.a(eh_exception.o)
                0x10008818                std::bad_exception::~bad_exception()
                0x10008818                std::bad_exception::~bad_exception()
 .text._ZNKSt13bad_exception4whatEv
                0x1000881c        0x8 c:/progra~1/raspbe~1/picosd~1.1/gcc-ar~1/bin/../lib/gcc/arm-none-eabi/10.3.1/../../../../arm-none-eabi/lib/thumb/v6-m/nofp\libstdc++.a(eh_exception.o)
                0x1000881c                std::bad_exception::what() const
                0x1000881c                transaction clone for std::bad_exception::what() const
 .text._ZNSt13bad_exceptionD0Ev
                0x10008824       0x10 c:/progra~1/raspbe~1/picosd~1.1/gcc-ar~1/bin/../lib/gcc/arm-none-eabi/10.3.1/../../../../arm-none-eabi/lib/thumb/v6-m/nofp\libstdc++.a(eh_exception.o)
                0x10008824                std::bad_exception::~bad_exception()
 .text.__cxa_get_globals_fast
                0x10008834        0x8 c:/progra~1/raspbe~1/picosd~1.1/gcc-ar~1/bin/../lib/gcc/arm-none-eabi/10.3.1/../../../../arm-none-eabi/lib/thumb/v6-m/nofp\libstdc++.a(eh_globals.o)
                0x10008834                __cxa_get_globals_fast
 .text.__cxa_get_globals
                0x1000883c        0x8 c:/progra~1/raspbe~1/picosd~1.1/gcc-ar~1/bin/../lib/gcc/arm-none-eabi/10.3.1/../../../../arm-none-eabi/lib/thumb/v6-m/nofp\libstdc++.a(eh_globals.o)
                0x1000883c                __cxa_get_globals
 .text._ZL28read_encoded_value_with_basehjPKhPj
                0x10008844      0x114 c:/progra~1/raspbe~1/picosd~1.1/gcc-ar~1/bin/../lib/gcc/arm-none-eabi/10.3.1/../../../../arm-none-eabi/lib/thumb/v6-m/nofp\libstdc++.a(eh_personality.o)
 .text._ZL21base_of_encoded_valuehP15_Unwind_Context
                0x10008958       0x48 c:/progra~1/raspbe~1/picosd~1.1/gcc-ar~1/bin/../lib/gcc/arm-none-eabi/10.3.1/../../../../arm-none-eabi/lib/thumb/v6-m/nofp\libstdc++.a(eh_personality.o)
 .text._ZL17parse_lsda_headerP15_Unwind_ContextPKhP16lsda_header_info
                0x100089a0       0x98 c:/progra~1/raspbe~1/picosd~1.1/gcc-ar~1/bin/../lib/gcc/arm-none-eabi/10.3.1/../../../../arm-none-eabi/lib/thumb/v6-m/nofp\libstdc++.a(eh_personality.o)
 .text.__gxx_personality_v0
                0x10008a38      0x4c8 c:/progra~1/raspbe~1/picosd~1.1/gcc-ar~1/bin/../lib/gcc/arm-none-eabi/10.3.1/../../../../arm-none-eabi/lib/thumb/v6-m/nofp\libstdc++.a(eh_personality.o)
                0x10008a38                __gxx_personality_v0
 .text._ZN10__cxxabiv111__terminateEPFvvE
                0x10008f00       0x28 c:/progra~1/raspbe~1/picosd~1.1/gcc-ar~1/bin/../lib/gcc/arm-none-eabi/10.3.1/../../../../arm-none-eabi/lib/thumb/v6-m/nofp\libstdc++.a(eh_terminate.o)
                0x10008f00                __cxxabiv1::__terminate(void (*)())
 .text._ZSt9terminatev
                0x10008f28       0x10 c:/progra~1/raspbe~1/picosd~1.1/gcc-ar~1/bin/../lib/gcc/arm-none-eabi/10.3.1/../../../../arm-none-eabi/lib/thumb/v6-m/nofp\libstdc++.a(eh_terminate.o)
                0x10008f28                std::terminate()
 .text._ZN10__cxxabiv112__unexpectedEPFvvE
                0x10008f38        0x8 c:/progra~1/raspbe~1/picosd~1.1/gcc-ar~1/bin/../lib/gcc/arm-none-eabi/10.3.1/../../../../arm-none-eabi/lib/thumb/v6-m/nofp\libstdc++.a(eh_terminate.o)
                0x10008f38                __cxxabiv1::__unexpected(void (*)())
 .text._ZSt10unexpectedv
                0x10008f40       0x10 c:/progra~1/raspbe~1/picosd~1.1/gcc-ar~1/bin/../lib/gcc/arm-none-eabi/10.3.1/../../../../arm-none-eabi/lib/thumb/v6-m/nofp\libstdc++.a(eh_terminate.o)
                0x10008f40                std::unexpected()
 .text._ZSt13get_terminatev
                0x10008f50        0xc c:/progra~1/raspbe~1/picosd~1.1/gcc-ar~1/bin/../lib/gcc/arm-none-eabi/10.3.1/../../../../arm-none-eabi/lib/thumb/v6-m/nofp\libstdc++.a(eh_terminate.o)
                0x10008f50                std::get_terminate()
 .text._ZSt14get_unexpectedv
                0x10008f5c        0xc c:/progra~1/raspbe~1/picosd~1.1/gcc-ar~1/bin/../lib/gcc/arm-none-eabi/10.3.1/../../../../arm-none-eabi/lib/thumb/v6-m/nofp\libstdc++.a(eh_terminate.o)
                0x10008f5c                std::get_unexpected()
 .text._ZL23__gxx_exception_cleanup19_Unwind_Reason_CodeP21_Unwind_Control_Block
                0x10008f68       0x34 c:/progra~1/raspbe~1/picosd~1.1/gcc-ar~1/bin/../lib/gcc/arm-none-eabi/10.3.1/../../../../arm-none-eabi/lib/thumb/v6-m/nofp\libstdc++.a(eh_throw.o)
 .text.__cxa_init_primary_exception
                0x10008f9c       0x4c c:/progra~1/raspbe~1/picosd~1.1/gcc-ar~1/bin/../lib/gcc/arm-none-eabi/10.3.1/../../../../arm-none-eabi/lib/thumb/v6-m/nofp\libstdc++.a(eh_throw.o)
                0x10008f9c                __cxa_init_primary_exception
 .text.__cxa_throw
                0x10008fe8       0x34 c:/progra~1/raspbe~1/picosd~1.1/gcc-ar~1/bin/../lib/gcc/arm-none-eabi/10.3.1/../../../../arm-none-eabi/lib/thumb/v6-m/nofp\libstdc++.a(eh_throw.o)
                0x10008fe8                __cxa_throw
 .text.__cxa_rethrow
                0x1000901c       0x70 c:/progra~1/raspbe~1/picosd~1.1/gcc-ar~1/bin/../lib/gcc/arm-none-eabi/10.3.1/../../../../arm-none-eabi/lib/thumb/v6-m/nofp\libstdc++.a(eh_throw.o)
                0x1000901c                __cxa_rethrow
 .text._ZN10__cxxabiv123__fundamental_type_infoD2Ev
                0x1000908c       0x18 c:/progra~1/raspbe~1/picosd~1.1/gcc-ar~1/bin/../lib/gcc/arm-none-eabi/10.3.1/../../../../arm-none-eabi/lib/thumb/v6-m/nofp\libstdc++.a(fundamental_type_info.o)
                0x1000908c                __cxxabiv1::__fundamental_type_info::~__fundamental_type_info()
                0x1000908c                __cxxabiv1::__fundamental_type_info::~__fundamental_type_info()
 .text._ZN10__cxxabiv123__fundamental_type_infoD0Ev
                0x100090a4       0x20 c:/progra~1/raspbe~1/picosd~1.1/gcc-ar~1/bin/../lib/gcc/arm-none-eabi/10.3.1/../../../../arm-none-eabi/lib/thumb/v6-m/nofp\libstdc++.a(fundamental_type_info.o)
                0x100090a4                __cxxabiv1::__fundamental_type_info::~__fundamental_type_info()
 .text._ZNK10__cxxabiv119__pointer_type_info14__is_pointer_pEv
                0x100090c4        0x4 c:/progra~1/raspbe~1/picosd~1.1/gcc-ar~1/bin/../lib/gcc/arm-none-eabi/10.3.1/../../../../arm-none-eabi/lib/thumb/v6-m/nofp\libstdc++.a(pointer_type_info.o)
                0x100090c4                __cxxabiv1::__pointer_type_info::__is_pointer_p() const
 .text._ZN10__cxxabiv119__pointer_type_infoD2Ev
                0x100090c8       0x18 c:/progra~1/raspbe~1/picosd~1.1/gcc-ar~1/bin/../lib/gcc/arm-none-eabi/10.3.1/../../../../arm-none-eabi/lib/thumb/v6-m/nofp\libstdc++.a(pointer_type_info.o)
                0x100090c8                __cxxabiv1::__pointer_type_info::~__pointer_type_info()
                0x100090c8                __cxxabiv1::__pointer_type_info::~__pointer_type_info()
 .text._ZN10__cxxabiv119__pointer_type_infoD0Ev
                0x100090e0       0x20 c:/progra~1/raspbe~1/picosd~1.1/gcc-ar~1/bin/../lib/gcc/arm-none-eabi/10.3.1/../../../../arm-none-eabi/lib/thumb/v6-m/nofp\libstdc++.a(pointer_type_info.o)
                0x100090e0                __cxxabiv1::__pointer_type_info::~__pointer_type_info()
 .text._ZNK10__cxxabiv119__pointer_type_info15__pointer_catchEPKNS_17__pbase_type_infoEPPvj
                0x10009100       0x40 c:/progra~1/raspbe~1/picosd~1.1/gcc-ar~1/bin/../lib/gcc/arm-none-eabi/10.3.1/../../../../arm-none-eabi/lib/thumb/v6-m/nofp\libstdc++.a(pointer_type_info.o)
                0x10009100                __cxxabiv1::__pointer_type_info::__pointer_catch(__cxxabiv1::__pbase_type_info const*, void**, unsigned int) const
 .text._ZN10__cxxabiv120__si_class_type_infoD2Ev
                0x10009140       0x18 c:/progra~1/raspbe~1/picosd~1.1/gcc-ar~1/bin/../lib/gcc/arm-none-eabi/10.3.1/../../../../arm-none-eabi/lib/thumb/v6-m/nofp\libstdc++.a(si_class_type_info.o)
                0x10009140                __cxxabiv1::__si_class_type_info::~__si_class_type_info()
                0x10009140                __cxxabiv1::__si_class_type_info::~__si_class_type_info()
 .text._ZN10__cxxabiv120__si_class_type_infoD0Ev
                0x10009158       0x20 c:/progra~1/raspbe~1/picosd~1.1/gcc-ar~1/bin/../lib/gcc/arm-none-eabi/10.3.1/../../../../arm-none-eabi/lib/thumb/v6-m/nofp\libstdc++.a(si_class_type_info.o)
                0x10009158                __cxxabiv1::__si_class_type_info::~__si_class_type_info()
 .text._ZNK10__cxxabiv120__si_class_type_info20__do_find_public_srcEiPKvPKNS_17__class_type_infoES2_
                0x10009178       0x38 c:/progra~1/raspbe~1/picosd~1.1/gcc-ar~1/bin/../lib/gcc/arm-none-eabi/10.3.1/../../../../arm-none-eabi/lib/thumb/v6-m/nofp\libstdc++.a(si_class_type_info.o)
                0x10009178                __cxxabiv1::__si_class_type_info::__do_find_public_src(int, void const*, __cxxabiv1::__class_type_info const*, void const*) const
 .text._ZNK10__cxxabiv120__si_class_type_info12__do_dyncastEiNS_17__class_type_info10__sub_kindEPKS1_PKvS4_S6_RNS1_16__dyncast_resultE
                0x100091b0       0x9c c:/progra~1/raspbe~1/picosd~1.1/gcc-ar~1/bin/../lib/gcc/arm-none-eabi/10.3.1/../../../../arm-none-eabi/lib/thumb/v6-m/nofp\libstdc++.a(si_class_type_info.o)
                0x100091b0                __cxxabiv1::__si_class_type_info::__do_dyncast(int, __cxxabiv1::__class_type_info::__sub_kind, __cxxabiv1::__class_type_info const*, void const*, __cxxabiv1::__class_type_info const*, void const*, __cxxabiv1::__class_type_info::__dyncast_result&) const
 .text._ZNK10__cxxabiv120__si_class_type_info11__do_upcastEPKNS_17__class_type_infoEPKvRNS1_15__upcast_resultE
                0x1000924c       0x24 c:/progra~1/raspbe~1/picosd~1.1/gcc-ar~1/bin/../lib/gcc/arm-none-eabi/10.3.1/../../../../arm-none-eabi/lib/thumb/v6-m/nofp\libstdc++.a(si_class_type_info.o)
                0x1000924c                __cxxabiv1::__si_class_type_info::__do_upcast(__cxxabiv1::__class_type_info const*, void const*, __cxxabiv1::__class_type_info::__upcast_result&) const