Archive member included to satisfy reference by file (symbol)

c:/progra~1/raspbe~1/picosd~1.1/gcc-ar~1/bin/../lib/gcc/arm-none-eabi/10.3.1/thumb/v6-m/nofp\libgcc.a(_dvmd_tls.o)
                              i2c_tests/scan/CMakeFiles/i2c_bus_scan.dir/C_/Program_Files/Raspberry_Pi/Pico_SDK_v1.5.1/pico-sdk/src/rp2_common/pico_divider/divider.S.obj (__aeabi_idiv0)
c:/progra~1/raspbe~1/picosd~1.1/gcc-ar~1/bin/../lib/gcc/arm-none-eabi/10.3.1/../../../../arm-none-eabi/lib/thumb/v6-m/nofp\libg.a(lib_a-calloc.o)
                              i2c_tests/scan/CMakeFiles/i2c_bus_scan.dir/C_/Program_Files/Raspberry_Pi/Pico_SDK_v1.5.1/pico-sdk/src/rp2_common/pico_malloc/pico_malloc.c.obj (calloc)
c:/progra~1/raspbe~1/picosd~1.1/gcc-ar~1/bin/../lib/gcc/arm-none-eabi/10.3.1/../../../../arm-none-eabi/lib/thumb/v6-m/nofp\libg.a(lib_a-callocr.o)
                              c:/progra~1/raspbe~1/picosd~1.1/gcc-ar~1/bin/../lib/gcc/arm-none-eabi/10.3.1/../../../../arm-none-eabi/lib/thumb/v6-m/nofp\libg.a(lib_a-calloc.o) (_calloc_r)
c:/progra~1/raspbe~1/picosd~1.1/gcc-ar~1/bin/../lib/gcc/arm-none-eabi/10.3.1/../../../../arm-none-eabi/lib/thumb/v6-m/nofp\libg.a(lib_a-errno.o)
                              c:/progra~1/raspbe~1/picosd~1.1/gcc-ar~1/bin/../lib/gcc/arm-none-eabi/10.3.1/../../../../arm-none-eabi/lib/thumb/v6-m/nofp\libg.a(lib_a-callocr.o) (__errno)
c:/progra~1/raspbe~1/picosd~1.1/gcc-ar~1/bin/../lib/gcc/arm-none-eabi/10.3.1/../../../../arm-none-eabi/lib/thumb/v6-m/nofp\libg.a(lib_a-impure.o)
                              c:/progra~1/raspbe~1/picosd~1.1/gcc-ar~1/bin/../lib/gcc/arm-none-eabi/10.3.1/../../../../arm-none-eabi/lib/thumb/v6-m/nofp\libg.a(lib_a-calloc.o) (_impure_ptr)
c:/progra~1/raspbe~1/picosd~1.1/gcc-ar~1/bin/../lib/gcc/arm-none-eabi/10.3.1/../../../../arm-none-eabi/lib/thumb/v6-m/nofp\libg.a(lib_a-init.o)
                              c:/progra~1/raspbe~1/picosd~1.1/gcc-ar~1/bin/../lib/gcc/arm-none-eabi/10.3.1/../../../../arm-none-eabi/lib/thumb/v6-m/nofp/crt0.o (__libc_init_array)
c:/progra~1/raspbe~1/picosd~1.1/gcc-ar~1/bin/../lib/gcc/arm-none-eabi/10.3.1/../../../../arm-none-eabi/lib/thumb/v6-m/nofp\libg.a(lib_a-malloc.o)
                              i2c_tests/scan/CMakeFiles/i2c_bus_scan.dir/C_/Program_Files/Raspberry_Pi/Pico_SDK_v1.5.1/pico-sdk/src/rp2_common/pico_malloc/pico_malloc.c.obj (malloc)
c:/progra~1/raspbe~1/picosd~1.1/gcc-ar~1/bin/../lib/gcc/arm-none-eabi/10.3.1/../../../../arm-none-eabi/lib/thumb/v6-m/nofp\libg.a(lib_a-mallocr.o)
                              c:/progra~1/raspbe~1/picosd~1.1/gcc-ar~1/bin/../lib/gcc/arm-none-eabi/10.3.1/../../../../arm-none-eabi/lib/thumb/v6-m/nofp\libg.a(lib_a-callocr.o) (_malloc_r)
c:/progra~1/raspbe~1/picosd~1.1/gcc-ar~1/bin/../lib/gcc/arm-none-eabi/10.3.1/../../../../arm-none-eabi/lib/thumb/v6-m/nofp\libg.a(lib_a-mlock.o)
                              c:/progra~1/raspbe~1/picosd~1.1/gcc-ar~1/bin/../lib/gcc/arm-none-eabi/10.3.1/../../../../arm-none-eabi/lib/thumb/v6-m/nofp\libg.a(lib_a-mallocr.o) (__malloc_lock)
c:/progra~1/raspbe~1/picosd~1.1/gcc-ar~1/bin/../lib/gcc/arm-none-eabi/10.3.1/../../../../arm-none-eabi/lib/thumb/v6-m/nofp\libg.a(lib_a-realloc.o)
                              i2c_tests/scan/CMakeFiles/i2c_bus_scan.dir/C_/Program_Files/Raspberry_Pi/Pico_SDK_v1.5.1/pico-sdk/src/rp2_common/pico_malloc/pico_malloc.c.obj (realloc)
c:/progra~1/raspbe~1/picosd~1.1/gcc-ar~1/bin/../lib/gcc/arm-none-eabi/10.3.1/../../../../arm-none-eabi/lib/thumb/v6-m/nofp\libg.a(lib_a-reallocr.o)
                              c:/progra~1/raspbe~1/picosd~1.1/gcc-ar~1/bin/../lib/gcc/arm-none-eabi/10.3.1/../../../../arm-none-eabi/lib/thumb/v6-m/nofp\libg.a(lib_a-realloc.o) (_realloc_r)
c:/progra~1/raspbe~1/picosd~1.1/gcc-ar~1/bin/../lib/gcc/arm-none-eabi/10.3.1/../../../../arm-none-eabi/lib/thumb/v6-m/nofp\libg.a(lib_a-sbrkr.o)
                              c:/progra~1/raspbe~1/picosd~1.1/gcc-ar~1/bin/../lib/gcc/arm-none-eabi/10.3.1/../../../../arm-none-eabi/lib/thumb/v6-m/nofp\libg.a(lib_a-mallocr.o) (_sbrk_r)
c:/progra~1/raspbe~1/picosd~1.1/gcc-ar~1/bin/../lib/gcc/arm-none-eabi/10.3.1/../../../../arm-none-eabi/lib/thumb/v6-m/nofp\libg.a(lib_a-strlen-stub.o)
                              i2c_tests/scan/CMakeFiles/i2c_bus_scan.dir/C_/Program_Files/Raspberry_Pi/Pico_SDK_v1.5.1/pico-sdk/src/rp2_common/pico_stdio/stdio.c.obj (strlen)
c:/progra~1/raspbe~1/picosd~1.1/gcc-ar~1/bin/../lib/gcc/arm-none-eabi/10.3.1/../../../../arm-none-eabi/lib/thumb/v6-m/nofp\libg.a(lib_a-freer.o)
                              c:/progra~1/raspbe~1/picosd~1.1/gcc-ar~1/bin/../lib/gcc/arm-none-eabi/10.3.1/../../../../arm-none-eabi/lib/thumb/v6-m/nofp\libg.a(lib_a-malloc.o) (_free_r)
c:/progra~1/raspbe~1/picosd~1.1/gcc-ar~1/bin/../lib/gcc/arm-none-eabi/10.3.1/../../../../arm-none-eabi/lib/thumb/v6-m/nofp\libg.a(lib_a-lock.o)
[...]
Memory Configuration

Name             Origin             Length             Attributes
FLASH            0x10000000         0x00200000         xr
RAM              0x20000000         0x00040000         xrw
SCRATCH_X        0x20040000         0x00001000         xrw
SCRATCH_Y        0x20041000         0x00001000         xrw
*default*        0x00000000         0xffffffff

Linker script and memory map

LOAD c:/progra~1/raspbe~1/picosd~1.1/gcc-ar~1/bin/../lib/gcc/arm-none-eabi/10.3.1/thumb/v6-m/nofp/crti.o
LOAD c:/progra~1/raspbe~1/picosd~1.1/gcc-ar~1/bin/../lib/gcc/arm-none-eabi/10.3.1/thumb/v6-m/nofp/crtbegin.o
LOAD c:/progra~1/raspbe~1/picosd~1.1/gcc-ar~1/bin/../lib/gcc/arm-none-eabi/10.3.1/../../../../arm-none-eabi/lib/thumb/v6-m/nofp/crt0.o

.flash_begin    0x10000000        0x0
                0x10000000                __flash_binary_start = .

.boot2          0x10000000      0x100
                0x10000000                __boot2_start__ = .
 *(.boot2)
 .boot2         0x10000000      0x100 C:\Users\nicol\AppData\Local\Temp\ccQAtkwt.o
                0x10000100                __boot2_end__ = .
                0x00000001                ASSERT (((__boot2_end__ - __boot2_start__) == 0x100), ERROR: Pico second stage bootloader must be 256 bytes in size)

.text           0x10000100     0x70b8
                0x10000100                __logical_binary_start = .
 *(.vectors)
 .vectors       0x10000100       0xd4 i2c_tests/scan/CMakeFiles/i2c_bus_scan.dir/C_/Program_Files/Raspberry_Pi/Pico_SDK_v1.5.1/pico-sdk/src/rp2_common/pico_standard_link/crt0.S.obj
                0x10000100                __VECTOR_TABLE
                0x10000100                __vectors
                0x100001c0                isr_invalid
                0x100001c0                __default_isrs_start
                0x100001c2                isr_nmi
                0x100001c4                isr_hardfault
                0x100001c6                isr_svcall
                0x100001c8                isr_pendsv
                0x100001ca                isr_systick
                0x100001cc                isr_irq23
                0x100001cc                isr_irq18
                0x100001cc                isr_irq11
                0x100001cc                isr_irq28
                0x100001cc                isr_irq19
                0x100001cc                isr_irq0
                0x100001cc                isr_irq6
                0x100001cc                isr_irq5
                0x100001cc                isr_irq12
                0x100001cc                isr_irq22
                0x100001cc                isr_irq31
                0x100001cc                isr_irq17
                0x100001cc                isr_irq27
                0x100001cc                isr_irq30
                0x100001cc                isr_irq2
                0x100001cc                isr_irq10
                0x100001cc                isr_irq8
                0x100001cc                isr_irq24
                0x100001cc                isr_irq1
                0x100001cc                isr_irq7
                0x100001cc                isr_irq21
                0x100001cc                isr_irq20
                0x100001cc                isr_irq15
                0x100001cc                isr_irq25
                0x100001cc                isr_irq13
                0x100001cc                __unhandled_user_irq
                0x100001cc                isr_irq4
                0x100001cc                isr_irq16
                0x100001cc                isr_irq29
                0x100001cc                isr_irq26
                0x100001cc                __default_isrs_end
                0x100001cc                isr_irq3
                0x100001cc                isr_irq14
                0x100001cc                isr_irq9
                0x100001d2                unhandled_user_irq_num_in_r0
 *(.binary_info_header)
 .binary_info_header
                0x100001d4       0x14 i2c_tests/scan/CMakeFiles/i2c_bus_scan.dir/C_/Program_Files/Raspberry_Pi/Pico_SDK_v1.5.1/pico-sdk/src/rp2_common/pico_standard_link/crt0.S.obj
                0x100001e8                __binary_info_header_end = .
 *(.reset)
 .reset         0x100001e8       0xa0 i2c_tests/scan/CMakeFiles/i2c_bus_scan.dir/C_/Program_Files/Raspberry_Pi/Pico_SDK_v1.5.1/pico-sdk/src/rp2_common/pico_standard_link/crt0.S.obj
                0x100001e8                _entry_point
 .reset         0x10000288       0x30 i2c_tests/scan/CMakeFiles/i2c_bus_scan.dir/C_/Program_Files/Raspberry_Pi/Pico_SDK_v1.5.1/pico-sdk/src/rp2_common/pico_standard_link/binary_info.c.obj
 *(.init)
 .init          0x100002b8        0x4 c:/progra~1/raspbe~1/picosd~1.1/gcc-ar~1/bin/../lib/gcc/arm-none-eabi/10.3.1/thumb/v6-m/nofp/crti.o
                0x100002b8                _init
 *(EXCLUDE_FILE(*libm.a: *libc.a:*lib_a-mem*.o *libgcc.a:) .text*)
 .text          0x100002bc       0x48 c:/progra~1/raspbe~1/picosd~1.1/gcc-ar~1/bin/../lib/gcc/arm-none-eabi/10.3.1/thumb/v6-m/nofp/crtbegin.o
 .text.reserved_addr
                0x10000304       0x1a i2c_tests/scan/CMakeFiles/i2c_bus_scan.dir/scan.c.obj
                0x10000304                reserved_addr
 *fill*         0x1000031e        0x2 
 .text.main     0x10000320      0x168 i2c_tests/scan/CMakeFiles/i2c_bus_scan.dir/scan.c.obj
                0x10000320                main
 .text.gpio_set_function
                0x10000488       0x30 i2c_tests/scan/CMakeFiles/i2c_bus_scan.dir/C_/Program_Files/Raspberry_Pi/Pico_SDK_v1.5.1/pico-sdk/src/rp2_common/hardware_gpio/gpio.c.obj
                0x10000488                gpio_set_function
 .text.gpio_set_pulls
                0x100004b8       0x34 i2c_tests/scan/CMakeFiles/i2c_bus_scan.dir/C_/Program_Files/Raspberry_Pi/Pico_SDK_v1.5.1/pico-sdk/src/rp2_common/hardware_gpio/gpio.c.obj
                0x100004b8                gpio_set_pulls
 .text.running_on_fpga
                0x100004ec       0x14 i2c_tests/scan/CMakeFiles/i2c_bus_scan.dir/C_/Program_Files/Raspberry_Pi/Pico_SDK_v1.5.1/pico-sdk/src/rp2_common/pico_platform/platform.c.obj
                0x100004ec                running_on_fpga
 .text.hw_claim_lock
                0x10000500       0x18 i2c_tests/scan/CMakeFiles/i2c_bus_scan.dir/C_/Program_Files/Raspberry_Pi/Pico_SDK_v1.5.1/pico-sdk/src/rp2_common/hardware_claim/claim.c.obj
                0x10000500                hw_claim_lock
 .text.hw_claim_unlock
                0x10000518       0x14 i2c_tests/scan/CMakeFiles/i2c_bus_scan.dir/C_/Program_Files/Raspberry_Pi/Pico_SDK_v1.5.1/pico-sdk/src/rp2_common/hardware_claim/claim.c.obj
                0x10000518                hw_claim_unlock
 .text.hw_claim_or_assert
                0x1000052c       0x32 i2c_tests/scan/CMakeFiles/i2c_bus_scan.dir/C_/Program_Files/Raspberry_Pi/Pico_SDK_v1.5.1/pico-sdk/src/rp2_common/hardware_claim/claim.c.obj
                0x1000052c                hw_claim_or_assert
 .text.hw_claim_unused_from_range
                0x1000055e       0x50 i2c_tests/scan/CMakeFiles/i2c_bus_scan.dir/C_/Program_Files/Raspberry_Pi/Pico_SDK_v1.5.1/pico-sdk/src/rp2_common/hardware_claim/claim.c.obj
                0x1000055e                hw_claim_unused_from_range
 *fill*         0x100005ae        0x2 
 .text.spin_locks_reset
                0x100005b0       0x20 i2c_tests/scan/CMakeFiles/i2c_bus_scan.dir/C_/Program_Files/Raspberry_Pi/Pico_SDK_v1.5.1/pico-sdk/src/rp2_common/hardware_sync/sync.c.obj
                0x100005b0                spin_locks_reset
 .text.next_striped_spin_lock_num
                0x100005d0       0x1c i2c_tests/scan/CMakeFiles/i2c_bus_scan.dir/C_/Program_Files/Raspberry_Pi/Pico_SDK_v1.5.1/pico-sdk/src/rp2_common/hardware_sync/sync.c.obj
                0x100005d0                next_striped_spin_lock_num
 .text.spin_lock_claim_unused
                0x100005ec       0x20 i2c_tests/scan/CMakeFiles/i2c_bus_scan.dir/C_/Program_Files/Raspberry_Pi/Pico_SDK_v1.5.1/pico-sdk/src/rp2_common/hardware_sync/sync.c.obj
                0x100005ec                spin_lock_claim_unused
 .text.set_raw_irq_handler_and_unlock
                0x1000060c       0x28 i2c_tests/scan/CMakeFiles/i2c_bus_scan.dir/C_/Program_Files/Raspberry_Pi/Pico_SDK_v1.5.1/pico-sdk/src/rp2_common/hardware_irq/irq.c.obj
 .text.make_branch
                0x10000634       0x48 i2c_tests/scan/CMakeFiles/i2c_bus_scan.dir/C_/Program_Files/Raspberry_Pi/Pico_SDK_v1.5.1/pico-sdk/src/rp2_common/hardware_irq/irq.c.obj
 .text.insert_branch_and_link
                0x1000067c       0x40 i2c_tests/scan/CMakeFiles/i2c_bus_scan.dir/C_/Program_Files/Raspberry_Pi/Pico_SDK_v1.5.1/pico-sdk/src/rp2_common/hardware_irq/irq.c.obj
 .text.irq_is_enabled
                0x100006bc       0x18 i2c_tests/scan/CMakeFiles/i2c_bus_scan.dir/C_/Program_Files/Raspberry_Pi/Pico_SDK_v1.5.1/pico-sdk/src/rp2_common/hardware_irq/irq.c.obj
                0x100006bc                irq_is_enabled
 .text.irq_set_mask_enabled
                0x100006d4       0x20 i2c_tests/scan/CMakeFiles/i2c_bus_scan.dir/C_/Program_Files/Raspberry_Pi/Pico_SDK_v1.5.1/pico-sdk/src/rp2_common/hardware_irq/irq.c.obj
                0x100006d4                irq_set_mask_enabled
 .text.irq_set_enabled
                0x100006f4        0xe i2c_tests/scan/CMakeFiles/i2c_bus_scan.dir/C_/Program_Files/Raspberry_Pi/Pico_SDK_v1.5.1/pico-sdk/src/rp2_common/hardware_irq/irq.c.obj
                0x100006f4                irq_set_enabled
 *fill*         0x10000702        0x2 
 .text.irq_set_pending
                0x10000704       0x10 i2c_tests/scan/CMakeFiles/i2c_bus_scan.dir/C_/Program_Files/Raspberry_Pi/Pico_SDK_v1.5.1/pico-sdk/src/rp2_common/hardware_irq/irq.c.obj
                0x10000704                irq_set_pending
 .text.irq_get_vtable_handler
                0x10000714       0x10 i2c_tests/scan/CMakeFiles/i2c_bus_scan.dir/C_/Program_Files/Raspberry_Pi/Pico_SDK_v1.5.1/pico-sdk/src/rp2_common/hardware_irq/irq.c.obj
                0x10000714                irq_get_vtable_handler
 .text.irq_has_shared_handler
                0x10000724       0x24 i2c_tests/scan/CMakeFiles/i2c_bus_scan.dir/C_/Program_Files/Raspberry_Pi/Pico_SDK_v1.5.1/pico-sdk/src/rp2_common/hardware_irq/irq.c.obj
                0x10000724                irq_has_shared_handler
 .text.irq_set_exclusive_handler
                0x10000748       0x54 i2c_tests/scan/CMakeFiles/i2c_bus_scan.dir/C_/Program_Files/Raspberry_Pi/Pico_SDK_v1.5.1/pico-sdk/src/rp2_common/hardware_irq/irq.c.obj
                0x10000748                irq_set_exclusive_handler
 .text.irq_add_shared_handler
                0x1000079c      0x234 i2c_tests/scan/CMakeFiles/i2c_bus_scan.dir/C_/Program_Files/Raspberry_Pi/Pico_SDK_v1.5.1/pico-sdk/src/rp2_common/hardware_irq/irq.c.obj
                0x1000079c                irq_add_shared_handler
 .text.irq_remove_handler
                0x100009d0      0x1ac i2c_tests/scan/CMakeFiles/i2c_bus_scan.dir/C_/Program_Files/Raspberry_Pi/Pico_SDK_v1.5.1/pico-sdk/src/rp2_common/hardware_irq/irq.c.obj
                0x100009d0                irq_remove_handler
 .text.irq_add_tail_to_free_list
                0x10000b7c       0xf0 i2c_tests/scan/CMakeFiles/i2c_bus_scan.dir/C_/Program_Files/Raspberry_Pi/Pico_SDK_v1.5.1/pico-sdk/src/rp2_common/hardware_irq/irq.c.obj
                0x10000b7c                irq_add_tail_to_free_list
 .text.irq_init_priorities
                0x10000c6c       0x1c i2c_tests/scan/CMakeFiles/i2c_bus_scan.dir/C_/Program_Files/Raspberry_Pi/Pico_SDK_v1.5.1/pico-sdk/src/rp2_common/hardware_irq/irq.c.obj
                0x10000c6c                irq_init_priorities
 .text.user_irq_claim_unused
                0x10000c88       0x28 i2c_tests/scan/CMakeFiles/i2c_bus_scan.dir/C_/Program_Files/Raspberry_Pi/Pico_SDK_v1.5.1/pico-sdk/src/rp2_common/hardware_irq/irq.c.obj
                0x10000c88                user_irq_claim_unused
 .text.lock_init
                0x10000cb0       0x10 i2c_tests/scan/CMakeFiles/i2c_bus_scan.dir/C_/Program_Files/Raspberry_Pi/Pico_SDK_v1.5.1/pico-sdk/src/common/pico_sync/lock_core.c.obj
                0x10000cb0                lock_init
 .text.mutex_init
                0x10000cc0       0x1a i2c_tests/scan/CMakeFiles/i2c_bus_scan.dir/C_/Program_Files/Raspberry_Pi/Pico_SDK_v1.5.1/pico-sdk/src/common/pico_sync/mutex.c.obj
                0x10000cc0                mutex_init
 .text.recursive_mutex_init
                0x10000cda       0x1e i2c_tests/scan/CMakeFiles/i2c_bus_scan.dir/C_/Program_Files/Raspberry_Pi/Pico_SDK_v1.5.1/pico-sdk/src/common/pico_sync/mutex.c.obj
                0x10000cda                recursive_mutex_init
 .text.critical_section_init_with_lock_num
                0x10000cf8       0x14 i2c_tests/scan/CMakeFiles/i2c_bus_scan.dir/C_/Program_Files/Raspberry_Pi/Pico_SDK_v1.5.1/pico-sdk/src/common/pico_sync/critical_section.c.obj
                0x10000cf8                critical_section_init_with_lock_num
 .text.critical_section_init
                0x10000d0c       0x14 i2c_tests/scan/CMakeFiles/i2c_bus_scan.dir/C_/Program_Files/Raspberry_Pi/Pico_SDK_v1.5.1/pico-sdk/src/common/pico_sync/critical_section.c.obj
                0x10000d0c                critical_section_init
 .text.alarm_pool_post_alloc_init
                0x10000d20       0x40 i2c_tests/scan/CMakeFiles/i2c_bus_scan.dir/C_/Program_Files/Raspberry_Pi/Pico_SDK_v1.5.1/pico-sdk/src/common/pico_time/time.c.obj
 .text.sleep_until_callback
                0x10000d60       0x30 i2c_tests/scan/CMakeFiles/i2c_bus_scan.dir/C_/Program_Files/Raspberry_Pi/Pico_SDK_v1.5.1/pico-sdk/src/common/pico_time/time.c.obj
 .text.timer_pool_entry_comparator
                0x10000d90       0x7c i2c_tests/scan/CMakeFiles/i2c_bus_scan.dir/C_/Program_Files/Raspberry_Pi/Pico_SDK_v1.5.1/pico-sdk/src/common/pico_time/time.c.obj
                0x10000d90                timer_pool_entry_comparator
 .text.ph_add_child_node
                0x10000e0c       0xa4 i2c_tests/scan/CMakeFiles/i2c_bus_scan.dir/C_/Program_Files/Raspberry_Pi/Pico_SDK_v1.5.1/pico-sdk/src/common/pico_time/time.c.obj
 .text.ph_merge_nodes
                0x10000eb0       0x3e i2c_tests/scan/CMakeFiles/i2c_bus_scan.dir/C_/Program_Files/Raspberry_Pi/Pico_SDK_v1.5.1/pico-sdk/src/common/pico_time/time.c.obj
 *fill*         0x10000eee        0x2 
 .text.add_alarm_under_lock
                0x10000ef0      0x174 i2c_tests/scan/CMakeFiles/i2c_bus_scan.dir/C_/Program_Files/Raspberry_Pi/Pico_SDK_v1.5.1/pico-sdk/src/common/pico_time/time.c.obj
 .text.alarm_pool_alarm_callback
                0x10001064      0x33c i2c_tests/scan/CMakeFiles/i2c_bus_scan.dir/C_/Program_Files/Raspberry_Pi/Pico_SDK_v1.5.1/pico-sdk/src/common/pico_time/time.c.obj
 .text.alarm_pool_init_default
                0x100013a0       0x40 i2c_tests/scan/CMakeFiles/i2c_bus_scan.dir/C_/Program_Files/Raspberry_Pi/Pico_SDK_v1.5.1/pico-sdk/src/common/pico_time/time.c.obj
                0x100013a0                alarm_pool_init_default
 .text.alarm_pool_get_default
                0x100013e0       0x2c i2c_tests/scan/CMakeFiles/i2c_bus_scan.dir/C_/Program_Files/Raspberry_Pi/Pico_SDK_v1.5.1/pico-sdk/src/common/pico_time/time.c.obj
                0x100013e0                alarm_pool_get_default
 .text.alarm_pool_add_alarm_at
                0x1000140c      0x168 i2c_tests/scan/CMakeFiles/i2c_bus_scan.dir/C_/Program_Files/Raspberry_Pi/Pico_SDK_v1.5.1/pico-sdk/src/common/pico_time/time.c.obj
                0x1000140c                alarm_pool_add_alarm_at
 .text.alarm_pool_cancel_alarm
                0x10001574       0xf8 i2c_tests/scan/CMakeFiles/i2c_bus_scan.dir/C_/Program_Files/Raspberry_Pi/Pico_SDK_v1.5.1/pico-sdk/src/common/pico_time/time.c.obj
                0x10001574                alarm_pool_cancel_alarm
 .text.alarm_pool_core_num
                0x1000166c        0x4 i2c_tests/scan/CMakeFiles/i2c_bus_scan.dir/C_/Program_Files/Raspberry_Pi/Pico_SDK_v1.5.1/pico-sdk/src/common/pico_time/time.c.obj
                0x1000166c                alarm_pool_core_num
 .text.sleep_until
                0x10001670       0xfc i2c_tests/scan/CMakeFiles/i2c_bus_scan.dir/C_/Program_Files/Raspberry_Pi/Pico_SDK_v1.5.1/pico-sdk/src/common/pico_time/time.c.obj
                0x10001670                sleep_until
 .text.sleep_us
                0x1000176c       0x58 i2c_tests/scan/CMakeFiles/i2c_bus_scan.dir/C_/Program_Files/Raspberry_Pi/Pico_SDK_v1.5.1/pico-sdk/src/common/pico_time/time.c.obj
                0x1000176c                sleep_us
 .text.sleep_ms
                0x100017c4       0x14 i2c_tests/scan/CMakeFiles/i2c_bus_scan.dir/C_/Program_Files/Raspberry_Pi/Pico_SDK_v1.5.1/pico-sdk/src/common/pico_time/time.c.obj
                0x100017c4                sleep_ms
 .text.best_effort_wfe_or_timeout
                0x100017d8       0xac i2c_tests/scan/CMakeFiles/i2c_bus_scan.dir/C_/Program_Files/Raspberry_Pi/Pico_SDK_v1.5.1/pico-sdk/src/common/pico_time/time.c.obj
                0x100017d8                best_effort_wfe_or_timeout
 .text.check_single_timeout_us
                0x10001884       0x2c i2c_tests/scan/CMakeFiles/i2c_bus_scan.dir/C_/Program_Files/Raspberry_Pi/Pico_SDK_v1.5.1/pico-sdk/src/common/pico_time/timeout_helper.c.obj
 .text.init_single_timeout_until
                0x100018b0        0xc i2c_tests/scan/CMakeFiles/i2c_bus_scan.dir/C_/Program_Files/Raspberry_Pi/Pico_SDK_v1.5.1/pico-sdk/src/common/pico_time/timeout_helper.c.obj
                0x100018b0                init_single_timeout_until
 .text.hardware_alarm_irq_handler
                0x100018bc       0x90 i2c_tests/scan/CMakeFiles/i2c_bus_scan.dir/C_/Program_Files/Raspberry_Pi/Pico_SDK_v1.5.1/pico-sdk/src/rp2_common/hardware_timer/timer.c.obj
 .text.hardware_alarm_claim
                0x1000194c       0x18 i2c_tests/scan/CMakeFiles/i2c_bus_scan.dir/C_/Program_Files/Raspberry_Pi/Pico_SDK_v1.5.1/pico-sdk/src/rp2_common/hardware_timer/timer.c.obj
                0x1000194c                hardware_alarm_claim
 .text.time_us_64
                0x10001964       0x18 i2c_tests/scan/CMakeFiles/i2c_bus_scan.dir/C_/Program_Files/Raspberry_Pi/Pico_SDK_v1.5.1/pico-sdk/src/rp2_common/hardware_timer/timer.c.obj
                0x10001964                time_us_64
 .text.busy_wait_until
                0x1000197c       0x28 i2c_tests/scan/CMakeFiles/i2c_bus_scan.dir/C_/Program_Files/Raspberry_Pi/Pico_SDK_v1.5.1/pico-sdk/src/rp2_common/hardware_timer/timer.c.obj
                0x1000197c                busy_wait_until
 .text.hardware_alarm_set_callback
                0x100019a4       0x90 i2c_tests/scan/CMakeFiles/i2c_bus_scan.dir/C_/Program_Files/Raspberry_Pi/Pico_SDK_v1.5.1/pico-sdk/src/rp2_common/hardware_timer/timer.c.obj
                0x100019a4                hardware_alarm_set_callback
 .text.hardware_alarm_set_target
                0x10001a34       0xe8 i2c_tests/scan/CMakeFiles/i2c_bus_scan.dir/C_/Program_Files/Raspberry_Pi/Pico_SDK_v1.5.1/pico-sdk/src/rp2_common/hardware_timer/timer.c.obj
                0x10001a34                hardware_alarm_set_target
 .text.hardware_alarm_cancel
                0x10001b1c       0x40 i2c_tests/scan/CMakeFiles/i2c_bus_scan.dir/C_/Program_Files/Raspberry_Pi/Pico_SDK_v1.5.1/pico-sdk/src/rp2_common/hardware_timer/timer.c.obj
                0x10001b1c                hardware_alarm_cancel
 .text.ph_add_child_node
                0x10001b5c       0xa4 i2c_tests/scan/CMakeFiles/i2c_bus_scan.dir/C_/Program_Files/Raspberry_Pi/Pico_SDK_v1.5.1/pico-sdk/src/common/pico_util/pheap.c.obj
 .text.ph_merge_nodes
                0x10001c00       0x3e i2c_tests/scan/CMakeFiles/i2c_bus_scan.dir/C_/Program_Files/Raspberry_Pi/Pico_SDK_v1.5.1/pico-sdk/src/common/pico_util/pheap.c.obj
 *fill*         0x10001c3e        0x2 
 .text.ph_clear
                0x10001c40       0x70 i2c_tests/scan/CMakeFiles/i2c_bus_scan.dir/C_/Program_Files/Raspberry_Pi/Pico_SDK_v1.5.1/pico-sdk/src/common/pico_util/pheap.c.obj
                0x10001c40                ph_clear
 .text.ph_post_alloc_init
                0x10001cb0        0xe i2c_tests/scan/CMakeFiles/i2c_bus_scan.dir/C_/Program_Files/Raspberry_Pi/Pico_SDK_v1.5.1/pico-sdk/src/common/pico_util/pheap.c.obj
                0x10001cb0                ph_post_alloc_init
 *fill*         0x10001cbe        0x2 
 .text.ph_merge_two_pass
                0x10001cc0       0xa8 i2c_tests/scan/CMakeFiles/i2c_bus_scan.dir/C_/Program_Files/Raspberry_Pi/Pico_SDK_v1.5.1/pico-sdk/src/common/pico_util/pheap.c.obj
                0x10001cc0                ph_merge_two_pass
 .text.ph_remove_any_head
                0x10001d68      0x128 i2c_tests/scan/CMakeFiles/i2c_bus_scan.dir/C_/Program_Files/Raspberry_Pi/Pico_SDK_v1.5.1/pico-sdk/src/common/pico_util/pheap.c.obj
 .text.ph_remove_head
                0x10001e90       0x14 i2c_tests/scan/CMakeFiles/i2c_bus_scan.dir/C_/Program_Files/Raspberry_Pi/Pico_SDK_v1.5.1/pico-sdk/src/common/pico_util/pheap.c.obj
                0x10001e90                ph_remove_head
 .text.ph_remove_and_free_node
                0x10001ea4       0xf8 i2c_tests/scan/CMakeFiles/i2c_bus_scan.dir/C_/Program_Files/Raspberry_Pi/Pico_SDK_v1.5.1/pico-sdk/src/common/pico_util/pheap.c.obj
                0x10001ea4                ph_remove_and_free_node
 .text.clock_configure
                0x10001f9c      0x108 i2c_tests/scan/CMakeFiles/i2c_bus_scan.dir/C_/Program_Files/Raspberry_Pi/Pico_SDK_v1.5.1/pico-sdk/src/rp2_common/hardware_clocks/clocks.c.obj
                0x10001f9c                clock_configure
 .text.clocks_init
                0x100020a4      0x100 i2c_tests/scan/CMakeFiles/i2c_bus_scan.dir/C_/Program_Files/Raspberry_Pi/Pico_SDK_v1.5.1/pico-sdk/src/rp2_common/hardware_clocks/clocks.c.obj
                0x100020a4                clocks_init
 .text.clock_get_hz
                0x100021a4        0xc i2c_tests/scan/CMakeFiles/i2c_bus_scan.dir/C_/Program_Files/Raspberry_Pi/Pico_SDK_v1.5.1/pico-sdk/src/rp2_common/hardware_clocks/clocks.c.obj
                0x100021a4                clock_get_hz
 .text.pll_init
                0x100021b0      0x120 i2c_tests/scan/CMakeFiles/i2c_bus_scan.dir/C_/Program_Files/Raspberry_Pi/Pico_SDK_v1.5.1/pico-sdk/src/rp2_common/hardware_pll/pll.c.obj
                0x100021b0                pll_init
 .text.watchdog_start_tick
                0x100022d0       0x10 i2c_tests/scan/CMakeFiles/i2c_bus_scan.dir/C_/Program_Files/Raspberry_Pi/Pico_SDK_v1.5.1/pico-sdk/src/rp2_common/hardware_watchdog/watchdog.c.obj
                0x100022d0                watchdog_start_tick
 .text.watchdog_update
                0x100022e0       0x14 i2c_tests/scan/CMakeFiles/i2c_bus_scan.dir/C_/Program_Files/Raspberry_Pi/Pico_SDK_v1.5.1/pico-sdk/src/rp2_common/hardware_watchdog/watchdog.c.obj
                0x100022e0                watchdog_update
 .text._watchdog_enable
                0x100022f4       0x78 i2c_tests/scan/CMakeFiles/i2c_bus_scan.dir/C_/Program_Files/Raspberry_Pi/Pico_SDK_v1.5.1/pico-sdk/src/rp2_common/hardware_watchdog/watchdog.c.obj
                0x100022f4                _watchdog_enable
 .text.watchdog_reboot
                0x1000236c       0x48 i2c_tests/scan/CMakeFiles/i2c_bus_scan.dir/C_/Program_Files/Raspberry_Pi/Pico_SDK_v1.5.1/pico-sdk/src/rp2_common/hardware_watchdog/watchdog.c.obj
                0x1000236c                watchdog_reboot
 .text.xosc_init
                0x100023b4       0x28 i2c_tests/scan/CMakeFiles/i2c_bus_scan.dir/C_/Program_Files/Raspberry_Pi/Pico_SDK_v1.5.1/pico-sdk/src/rp2_common/hardware_xosc/xosc.c.obj
                0x100023b4                xosc_init
 .text._exit    0x100023dc        0x4 i2c_tests/scan/CMakeFiles/i2c_bus_scan.dir/C_/Program_Files/Raspberry_Pi/Pico_SDK_v1.5.1/pico-sdk/src/rp2_common/pico_runtime/runtime.c.obj
                0x100023dc                _exit
 .text.exit     0x100023e0        0x6 i2c_tests/scan/CMakeFiles/i2c_bus_scan.dir/C_/Program_Files/Raspberry_Pi/Pico_SDK_v1.5.1/pico-sdk/src/rp2_common/pico_runtime/runtime.c.obj
                0x100023e0                exit
 *fill*         0x100023e6        0x2 
 .text.__assert_func
                0x100023e8       0x3c i2c_tests/scan/CMakeFiles/i2c_bus_scan.dir/C_/Program_Files/Raspberry_Pi/Pico_SDK_v1.5.1/pico-sdk/src/rp2_common/pico_runtime/runtime.c.obj
                0x100023e8                __assert_func
 .text.runtime_init
                0x10002424       0xf8 i2c_tests/scan/CMakeFiles/i2c_bus_scan.dir/C_/Program_Files/Raspberry_Pi/Pico_SDK_v1.5.1/pico-sdk/src/rp2_common/pico_runtime/runtime.c.obj
                0x10002424                runtime_init
 .text.panic    0x1000251c       0x30 i2c_tests/scan/CMakeFiles/i2c_bus_scan.dir/C_/Program_Files/Raspberry_Pi/Pico_SDK_v1.5.1/pico-sdk/src/rp2_common/pico_runtime/runtime.c.obj
                0x1000251c                panic
 .text._out_null
                0x1000254c        0x2 i2c_tests/scan/CMakeFiles/i2c_bus_scan.dir/C_/Program_Files/Raspberry_Pi/Pico_SDK_v1.5.1/pico-sdk/src/rp2_common/pico_printf/printf.c.obj
 .text._out_fct
                0x1000254e        0xe i2c_tests/scan/CMakeFiles/i2c_bus_scan.dir/C_/Program_Files/Raspberry_Pi/Pico_SDK_v1.5.1/pico-sdk/src/rp2_common/pico_printf/printf.c.obj
 .text._atoi    0x1000255c       0x24 i2c_tests/scan/CMakeFiles/i2c_bus_scan.dir/C_/Program_Files/Raspberry_Pi/Pico_SDK_v1.5.1/pico-sdk/src/rp2_common/pico_printf/printf.c.obj
 .text._out_rev
                0x10002580       0xae i2c_tests/scan/CMakeFiles/i2c_bus_scan.dir/C_/Program_Files/Raspberry_Pi/Pico_SDK_v1.5.1/pico-sdk/src/rp2_common/pico_printf/printf.c.obj
 .text._ntoa_format
                0x1000262e      0x112 i2c_tests/scan/CMakeFiles/i2c_bus_scan.dir/C_/Program_Files/Raspberry_Pi/Pico_SDK_v1.5.1/pico-sdk/src/rp2_common/pico_printf/printf.c.obj
 .text._ntoa_long
                0x10002740       0xbc i2c_tests/scan/CMakeFiles/i2c_bus_scan.dir/C_/Program_Files/Raspberry_Pi/Pico_SDK_v1.5.1/pico-sdk/src/rp2_common/pico_printf/printf.c.obj
 .text._ntoa_long_long
                0x100027fc       0xe2 i2c_tests/scan/CMakeFiles/i2c_bus_scan.dir/C_/Program_Files/Raspberry_Pi/Pico_SDK_v1.5.1/pico-sdk/src/rp2_common/pico_printf/printf.c.obj
 *fill*         0x100028de        0x2 
 .text._etoa    0x100028e0      0x414 i2c_tests/scan/CMakeFiles/i2c_bus_scan.dir/C_/Program_Files/Raspberry_Pi/Pico_SDK_v1.5.1/pico-sdk/src/rp2_common/pico_printf/printf.c.obj
 .text._ftoa    0x10002cf4      0x354 i2c_tests/scan/CMakeFiles/i2c_bus_scan.dir/C_/Program_Files/Raspberry_Pi/Pico_SDK_v1.5.1/pico-sdk/src/rp2_common/pico_printf/printf.c.obj
 .text._vsnprintf
                0x10003048      0x624 i2c_tests/scan/CMakeFiles/i2c_bus_scan.dir/C_/Program_Files/Raspberry_Pi/Pico_SDK_v1.5.1/pico-sdk/src/rp2_common/pico_printf/printf.c.obj
 .text.vfctprintf
                0x1000366c       0x20 i2c_tests/scan/CMakeFiles/i2c_bus_scan.dir/C_/Program_Files/Raspberry_Pi/Pico_SDK_v1.5.1/pico-sdk/src/rp2_common/pico_printf/printf.c.obj
                0x1000366c                vfctprintf
 .text          0x1000368c       0x10 i2c_tests/scan/CMakeFiles/i2c_bus_scan.dir/C_/Program_Files/Raspberry_Pi/Pico_SDK_v1.5.1/pico-sdk/src/rp2_common/pico_bit_ops/bit_ops_aeabi.S.obj
 .text.rom_func_lookup
                0x1000369c       0x10 i2c_tests/scan/CMakeFiles/i2c_bus_scan.dir/C_/Program_Files/Raspberry_Pi/Pico_SDK_v1.5.1/pico-sdk/src/rp2_common/pico_bootrom/bootrom.c.obj
                0x1000369c                rom_func_lookup
 .text.rom_data_lookup
                0x100036ac       0x10 i2c_tests/scan/CMakeFiles/i2c_bus_scan.dir/C_/Program_Files/Raspberry_Pi/Pico_SDK_v1.5.1/pico-sdk/src/rp2_common/pico_bootrom/bootrom.c.obj
                0x100036ac                rom_data_lookup
 .text.rom_funcs_lookup
                0x100036bc       0x36 i2c_tests/scan/CMakeFiles/i2c_bus_scan.dir/C_/Program_Files/Raspberry_Pi/Pico_SDK_v1.5.1/pico-sdk/src/rp2_common/pico_bootrom/bootrom.c.obj
                0x100036bc                rom_funcs_lookup
 *fill*         0x100036f2        0x2 
 .text.__wrap___aeabi_idiv
                0x100036f4       0x50 i2c_tests/scan/CMakeFiles/i2c_bus_scan.dir/C_/Program_Files/Raspberry_Pi/Pico_SDK_v1.5.1/pico-sdk/src/rp2_common/pico_divider/divider.S.obj
                0x100036f4                __wrap___aeabi_idivmod
                0x100036f4                divmod_s32s32
                0x100036f4                div_s32s32
                0x100036f4                __wrap___aeabi_idiv
                0x100036fc                divmod_s32s32_unsafe
                0x10003728                divmod_s32s32_savestate
 .text.__wrap___aeabi_uidiv
                0x10003744       0x4c i2c_tests/scan/CMakeFiles/i2c_bus_scan.dir/C_/Program_Files/Raspberry_Pi/Pico_SDK_v1.5.1/pico-sdk/src/rp2_common/pico_divider/divider.S.obj
                0x10003744                __wrap___aeabi_uidiv
                0x10003744                __wrap___aeabi_uidivmod
                0x10003744                div_u32u32
                0x10003744                divmod_u32u32
                0x1000374c                divmod_u32u32_unsafe
                0x10003774                divmod_u32u32_savestate
 .text.__wrap___aeabi_ldiv
                0x10003790      0x424 i2c_tests/scan/CMakeFiles/i2c_bus_scan.dir/C_/Program_Files/Raspberry_Pi/Pico_SDK_v1.5.1/pico-sdk/src/rp2_common/pico_divider/divider.S.obj
                0x10003790                div_s64s64
                0x10003790                divmod_s64s64
                0x10003790                __wrap___aeabi_ldivmod
                0x100037c0                divmod_u64u64
                0x100037c0                div_u64u64
                0x100037c0                __wrap___aeabi_uldivmod
                0x100037d0                divmod_u64u64_savestate
                0x100037f0                divmod_s64s64_unsafe
                0x10003878                divmod_u64u64_unsafe
 .text.__wrap___aeabi_darithmetic
                0x10003bb4       0x80 i2c_tests/scan/CMakeFiles/i2c_bus_scan.dir/C_/Program_Files/Raspberry_Pi/Pico_SDK_v1.5.1/pico-sdk/src/rp2_common/pico_double/double_aeabi.S.obj
                0x10003bb4                __wrap___aeabi_drsub
                0x10003bba                __wrap___aeabi_dsub
                0x10003bcc                __wrap___aeabi_dadd
                0x10003bde                __wrap___aeabi_ddiv
                0x10003c1a                __wrap___aeabi_dmul
 .text.__wrap___aeabi_cdcmple
                0x10003c34       0x6c i2c_tests/scan/CMakeFiles/i2c_bus_scan.dir/C_/Program_Files/Raspberry_Pi/Pico_SDK_v1.5.1/pico-sdk/src/rp2_common/pico_double/double_aeabi.S.obj
                0x10003c34                __wrap___aeabi_cdrcmple
                0x10003c44                __wrap___aeabi_cdcmpeq
                0x10003c44                __wrap___aeabi_cdcmple
 .text.__wrap___aeabi_dcmplt
                0x10003ca0        0xc i2c_tests/scan/CMakeFiles/i2c_bus_scan.dir/C_/Program_Files/Raspberry_Pi/Pico_SDK_v1.5.1/pico-sdk/src/rp2_common/pico_double/double_aeabi.S.obj
                0x10003ca0                __wrap___aeabi_dcmplt
 .text.__wrap___aeabi_dcmple
                0x10003cac       0x10 i2c_tests/scan/CMakeFiles/i2c_bus_scan.dir/C_/Program_Files/Raspberry_Pi/Pico_SDK_v1.5.1/pico-sdk/src/rp2_common/pico_double/double_aeabi.S.obj
                0x10003cac                __wrap___aeabi_dcmple
 .text.__wrap___aeabi_dcmpge
                0x10003cbc       0x10 i2c_tests/scan/CMakeFiles/i2c_bus_scan.dir/C_/Program_Files/Raspberry_Pi/Pico_SDK_v1.5.1/pico-sdk/src/rp2_common/pico_double/double_aeabi.S.obj
                0x10003cbc                __wrap___aeabi_dcmpge
 .text.__wrap___aeabi_dcmpgt
                0x10003ccc        0xa i2c_tests/scan/CMakeFiles/i2c_bus_scan.dir/C_/Program_Files/Raspberry_Pi/Pico_SDK_v1.5.1/pico-sdk/src/rp2_common/pico_double/double_aeabi.S.obj
                0x10003ccc                __wrap___aeabi_dcmpgt
 .text.__wrap___aeabi_dcmpun
                0x10003cd6       0x1c i2c_tests/scan/CMakeFiles/i2c_bus_scan.dir/C_/Program_Files/Raspberry_Pi/Pico_SDK_v1.5.1/pico-sdk/src/rp2_common/pico_double/double_aeabi.S.obj
                0x10003cd6                __wrap___aeabi_dcmpun
 *fill*         0x10003cf2        0x2 
 .text.__wrap___aeabi_i2d
                0x10003cf4       0x38 i2c_tests/scan/CMakeFiles/i2c_bus_scan.dir/C_/Program_Files/Raspberry_Pi/Pico_SDK_v1.5.1/pico-sdk/src/rp2_common/pico_double/double_aeabi.S.obj
                0x10003cf4                __wrap___aeabi_ui2d
                0x10003cfc                __wrap___aeabi_i2d
 .text.__wrap___aeabi_d2iz
                0x10003d2c       0x48 i2c_tests/scan/CMakeFiles/i2c_bus_scan.dir/C_/Program_Files/Raspberry_Pi/Pico_SDK_v1.5.1/pico-sdk/src/rp2_common/pico_double/double_aeabi.S.obj
                0x10003d2c                double2int_z
                0x10003d2c                __wrap___aeabi_d2iz
 .text.__wrap___aeabi_d2uiz
                0x10003d74       0x18 i2c_tests/scan/CMakeFiles/i2c_bus_scan.dir/C_/Program_Files/Raspberry_Pi/Pico_SDK_v1.5.1/pico-sdk/src/rp2_common/pico_double/double_aeabi.S.obj
                0x10003d74                __wrap___aeabi_d2uiz
                0x10003d74                double2uint
 .text.__aeabi_double_init
                0x10003d8c       0xc8 i2c_tests/scan/CMakeFiles/i2c_bus_scan.dir/C_/Program_Files/Raspberry_Pi/Pico_SDK_v1.5.1/pico-sdk/src/rp2_common/pico_double/double_init_rom.c.obj
                0x10003d8c                __aeabi_double_init
 .text.double_table_shim_on_use_helper
                0x10003e54       0x34 i2c_tests/scan/CMakeFiles/i2c_bus_scan.dir/C_/Program_Files/Raspberry_Pi/Pico_SDK_v1.5.1/pico-sdk/src/rp2_common/pico_double/double_v1_rom_shim.S.obj
                0x10003e54                double_table_shim_on_use_helper
 .text.__wrap___aeabi_dsub
                0x10003e88       0x10 i2c_tests/scan/CMakeFiles/i2c_bus_scan.dir/C_/Program_Files/Raspberry_Pi/Pico_SDK_v1.5.1/pico-sdk/src/rp2_common/pico_double/double_v1_rom_shim.S.obj
                0x10003e88                drsub_shim
                0x10003e8e                dsub_shim
 .text.dadd_shim
                0x10003e98      0x15c i2c_tests/scan/CMakeFiles/i2c_bus_scan.dir/C_/Program_Files/Raspberry_Pi/Pico_SDK_v1.5.1/pico-sdk/src/rp2_common/pico_double/double_v1_rom_shim.S.obj
                0x10003e98                dadd_shim
 .text.dmul_shim
                0x10003ff4      0x15c i2c_tests/scan/CMakeFiles/i2c_bus_scan.dir/C_/Program_Files/Raspberry_Pi/Pico_SDK_v1.5.1/pico-sdk/src/rp2_common/pico_double/double_v1_rom_shim.S.obj
                0x10003ff4                dmul_shim
 .text.ddiv_shim
                0x10004150      0x1b0 i2c_tests/scan/CMakeFiles/i2c_bus_scan.dir/C_/Program_Files/Raspberry_Pi/Pico_SDK_v1.5.1/pico-sdk/src/rp2_common/pico_double/double_v1_rom_shim.S.obj
                0x10004150                ddiv_shim
 .text.double2uint_shim
                0x10004300        0xe i2c_tests/scan/CMakeFiles/i2c_bus_scan.dir/C_/Program_Files/Raspberry_Pi/Pico_SDK_v1.5.1/pico-sdk/src/rp2_common/pico_double/double_v1_rom_shim.S.obj
                0x10004300                double2uint_shim
                0x10004302                double2ufix_shim
 *fill*         0x1000430e        0x2 
 .text.double2uint64_shim
                0x10004310       0x70 i2c_tests/scan/CMakeFiles/i2c_bus_scan.dir/C_/Program_Files/Raspberry_Pi/Pico_SDK_v1.5.1/pico-sdk/src/rp2_common/pico_double/double_v1_rom_shim.S.obj
                0x10004310                double2uint64_shim
                0x10004312                double2ufix64_shim
                0x10004332                d2fix_a
 .text.dunpacks
                0x10004380       0x3c i2c_tests/scan/CMakeFiles/i2c_bus_scan.dir/C_/Program_Files/Raspberry_Pi/Pico_SDK_v1.5.1/pico-sdk/src/rp2_common/pico_double/double_v1_rom_shim.S.obj
                0x10004380                dunpacks
 .text.__aeabi_lmul
                0x100043bc       0x32 i2c_tests/scan/CMakeFiles/i2c_bus_scan.dir/C_/Program_Files/Raspberry_Pi/Pico_SDK_v1.5.1/pico-sdk/src/rp2_common/pico_int64_ops/pico_int64_ops_aeabi.S.obj
                0x100043bc                __wrap___aeabi_lmul
 *fill*         0x100043ee        0x2 
 .text.__aeabi_float_init
                0x100043f0       0xfc i2c_tests/scan/CMakeFiles/i2c_bus_scan.dir/C_/Program_Files/Raspberry_Pi/Pico_SDK_v1.5.1/pico-sdk/src/rp2_common/pico_float/float_init_rom.c.obj
                0x100043f0                __aeabi_float_init
 .text.float_table_shim_on_use_helper
                0x100044ec       0x34 i2c_tests/scan/CMakeFiles/i2c_bus_scan.dir/C_/Program_Files/Raspberry_Pi/Pico_SDK_v1.5.1/pico-sdk/src/rp2_common/pico_float/float_v1_rom_shim.S.obj
                0x100044ec                float_table_shim_on_use_helper
 .text          0x10004520       0x10 i2c_tests/scan/CMakeFiles/i2c_bus_scan.dir/C_/Program_Files/Raspberry_Pi/Pico_SDK_v1.5.1/pico-sdk/src/rp2_common/pico_mem_ops/mem_ops_aeabi.S.obj
                0x10004520                __aeabi_mem_init
 .text.memset   0x10004530        0xc i2c_tests/scan/CMakeFiles/i2c_bus_scan.dir/C_/Program_Files/Raspberry_Pi/Pico_SDK_v1.5.1/pico-sdk/src/rp2_common/pico_mem_ops/mem_ops_aeabi.S.obj
                0x10004530                __wrap_memset
 .text.memcpy   0x1000453c        0xc i2c_tests/scan/CMakeFiles/i2c_bus_scan.dir/C_/Program_Files/Raspberry_Pi/Pico_SDK_v1.5.1/pico-sdk/src/rp2_common/pico_mem_ops/mem_ops_aeabi.S.obj
                0x1000453c                __wrap_memcpy
                0x1000453c                __wrap___aeabi_memcpy
 .text.stdio_out_chars_no_crlf
                0x10004548        0xe i2c_tests/scan/CMakeFiles/i2c_bus_scan.dir/C_/Program_Files/Raspberry_Pi/Pico_SDK_v1.5.1/pico-sdk/src/rp2_common/pico_stdio/stdio.c.obj
 *fill*         0x10004556        0x2 
 .text.stdio_out_chars_crlf
                0x10004558       0x80 i2c_tests/scan/CMakeFiles/i2c_bus_scan.dir/C_/Program_Files/Raspberry_Pi/Pico_SDK_v1.5.1/pico-sdk/src/rp2_common/pico_stdio/stdio.c.obj
 .text.stdio_stack_buffer_flush
                0x100045d8       0x44 i2c_tests/scan/CMakeFiles/i2c_bus_scan.dir/C_/Program_Files/Raspberry_Pi/Pico_SDK_v1.5.1/pico-sdk/src/rp2_common/pico_stdio/stdio.c.obj
 .text.stdio_buffered_printer
                0x1000461c       0x20 i2c_tests/scan/CMakeFiles/i2c_bus_scan.dir/C_/Program_Files/Raspberry_Pi/Pico_SDK_v1.5.1/pico-sdk/src/rp2_common/pico_stdio/stdio.c.obj
 .text.stdout_serialize_begin
                0x1000463c       0x5c i2c_tests/scan/CMakeFiles/i2c_bus_scan.dir/C_/Program_Files/Raspberry_Pi/Pico_SDK_v1.5.1/pico-sdk/src/rp2_common/pico_stdio/stdio.c.obj
                0x1000463c                stdout_serialize_begin
 .text.stdout_serialize_end
                0x10004698       0x10 i2c_tests/scan/CMakeFiles/i2c_bus_scan.dir/C_/Program_Files/Raspberry_Pi/Pico_SDK_v1.5.1/pico-sdk/src/rp2_common/pico_stdio/stdio.c.obj
                0x10004698                stdout_serialize_end
 .text.stdio_put_string
                0x100046a8       0x98 i2c_tests/scan/CMakeFiles/i2c_bus_scan.dir/C_/Program_Files/Raspberry_Pi/Pico_SDK_v1.5.1/pico-sdk/src/rp2_common/pico_stdio/stdio.c.obj
 .text.stdio_set_driver_enabled
                0x10004740       0x2c i2c_tests/scan/CMakeFiles/i2c_bus_scan.dir/C_/Program_Files/Raspberry_Pi/Pico_SDK_v1.5.1/pico-sdk/src/rp2_common/pico_stdio/stdio.c.obj
                0x10004740                stdio_set_driver_enabled
 .text.stdio_flush
                0x1000476c       0x20 i2c_tests/scan/CMakeFiles/i2c_bus_scan.dir/C_/Program_Files/Raspberry_Pi/Pico_SDK_v1.5.1/pico-sdk/src/rp2_common/pico_stdio/stdio.c.obj
                0x1000476c                stdio_flush
 .text.__wrap_puts
                0x1000478c       0x1e i2c_tests/scan/CMakeFiles/i2c_bus_scan.dir/C_/Program_Files/Raspberry_Pi/Pico_SDK_v1.5.1/pico-sdk/src/rp2_common/pico_stdio/stdio.c.obj
                0x1000478c                __wrap_puts
 *fill*         0x100047aa        0x2 
 .text.__wrap_vprintf
                0x100047ac       0x40 i2c_tests/scan/CMakeFiles/i2c_bus_scan.dir/C_/Program_Files/Raspberry_Pi/Pico_SDK_v1.5.1/pico-sdk/src/rp2_common/pico_stdio/stdio.c.obj
                0x100047ac                __wrap_vprintf
 .text.__wrap_printf
                0x100047ec       0x18 i2c_tests/scan/CMakeFiles/i2c_bus_scan.dir/C_/Program_Files/Raspberry_Pi/Pico_SDK_v1.5.1/pico-sdk/src/rp2_common/pico_stdio/stdio.c.obj
                0x100047ec                __wrap_printf
 .text.stdio_init_all
                0x10004804        0x8 i2c_tests/scan/CMakeFiles/i2c_bus_scan.dir/C_/Program_Files/Raspberry_Pi/Pico_SDK_v1.5.1/pico-sdk/src/rp2_common/pico_stdio/stdio.c.obj
                0x10004804                stdio_init_all
 .text.resetd_init
                0x1000480c        0x2 i2c_tests/scan/CMakeFiles/i2c_bus_scan.dir/C_/Program_Files/Raspberry_Pi/Pico_SDK_v1.5.1/pico-sdk/src/rp2_common/pico_stdio_usb/reset_interface.c.obj
 *fill*         0x1000480e        0x2 
 .text.resetd_reset
                0x10004810        0xc i2c_tests/scan/CMakeFiles/i2c_bus_scan.dir/C_/Program_Files/Raspberry_Pi/Pico_SDK_v1.5.1/pico-sdk/src/rp2_common/pico_stdio_usb/reset_interface.c.obj
 .text.resetd_open
                0x1000481c       0x34 i2c_tests/scan/CMakeFiles/i2c_bus_scan.dir/C_/Program_Files/Raspberry_Pi/Pico_SDK_v1.5.1/pico-sdk/src/rp2_common/pico_stdio_usb/reset_interface.c.obj
 .text.resetd_xfer_cb
                0x10004850        0x4 i2c_tests/scan/CMakeFiles/i2c_bus_scan.dir/C_/Program_Files/Raspberry_Pi/Pico_SDK_v1.5.1/pico-sdk/src/rp2_common/pico_stdio_usb/reset_interface.c.obj
 .text.reset_usb_boot
                0x10004854       0x18 i2c_tests/scan/CMakeFiles/i2c_bus_scan.dir/C_/Program_Files/Raspberry_Pi/Pico_SDK_v1.5.1/pico-sdk/src/rp2_common/pico_stdio_usb/reset_interface.c.obj
 .text.resetd_control_xfer_cb
                0x1000486c       0x5c i2c_tests/scan/CMakeFiles/i2c_bus_scan.dir/C_/Program_Files/Raspberry_Pi/Pico_SDK_v1.5.1/pico-sdk/src/rp2_common/pico_stdio_usb/reset_interface.c.obj
 .text.usbd_app_driver_get_cb
                0x100048c8        0xc i2c_tests/scan/CMakeFiles/i2c_bus_scan.dir/C_/Program_Files/Raspberry_Pi/Pico_SDK_v1.5.1/pico-sdk/src/rp2_common/pico_stdio_usb/reset_interface.c.obj
                0x100048c8                usbd_app_driver_get_cb
 .text.tud_cdc_line_coding_cb
                0x100048d4       0x28 i2c_tests/scan/CMakeFiles/i2c_bus_scan.dir/C_/Program_Files/Raspberry_Pi/Pico_SDK_v1.5.1/pico-sdk/src/rp2_common/pico_stdio_usb/reset_interface.c.obj
                0x100048d4                tud_cdc_line_coding_cb
 .text.stdio_usb_set_chars_available_callback
                0x100048fc       0x14 i2c_tests/scan/CMakeFiles/i2c_bus_scan.dir/C_/Program_Files/Raspberry_Pi/Pico_SDK_v1.5.1/pico-sdk/src/rp2_common/pico_stdio_usb/stdio_usb.c.obj
                0x100048fc                stdio_usb_set_chars_available_callback
 .text.usb_irq  0x10004910       0x10 i2c_tests/scan/CMakeFiles/i2c_bus_scan.dir/C_/Program_Files/Raspberry_Pi/Pico_SDK_v1.5.1/pico-sdk/src/rp2_common/pico_stdio_usb/stdio_usb.c.obj
 .text.timer_task
                0x10004920       0x5c i2c_tests/scan/CMakeFiles/i2c_bus_scan.dir/C_/Program_Files/Raspberry_Pi/Pico_SDK_v1.5.1/pico-sdk/src/rp2_common/pico_stdio_usb/stdio_usb.c.obj
 .text.low_priority_worker_irq
                0x1000497c       0xdc i2c_tests/scan/CMakeFiles/i2c_bus_scan.dir/C_/Program_Files/Raspberry_Pi/Pico_SDK_v1.5.1/pico-sdk/src/rp2_common/pico_stdio_usb/stdio_usb.c.obj
 .text.tud_cdc_rx_cb
                0x10004a58       0x20 i2c_tests/scan/CMakeFiles/i2c_bus_scan.dir/C_/Program_Files/Raspberry_Pi/Pico_SDK_v1.5.1/pico-sdk/src/rp2_common/pico_stdio_usb/stdio_usb.c.obj
                0x10004a58                tud_cdc_rx_cb
 .text.stdio_usb_init
                0x10004a78      0x11c i2c_tests/scan/CMakeFiles/i2c_bus_scan.dir/C_/Program_Files/Raspberry_Pi/Pico_SDK_v1.5.1/pico-sdk/src/rp2_common/pico_stdio_usb/stdio_usb.c.obj
                0x10004a78                stdio_usb_init
 .text.stdio_usb_connected
                0x10004b94        0xa i2c_tests/scan/CMakeFiles/i2c_bus_scan.dir/C_/Program_Files/Raspberry_Pi/Pico_SDK_v1.5.1/pico-sdk/src/rp2_common/pico_stdio_usb/stdio_usb.c.obj
                0x10004b94                stdio_usb_connected
 *fill*         0x10004b9e        0x2 
 .text.stdio_usb_in_chars
                0x10004ba0       0xc4 i2c_tests/scan/CMakeFiles/i2c_bus_scan.dir/C_/Program_Files/Raspberry_Pi/Pico_SDK_v1.5.1/pico-sdk/src/rp2_common/pico_stdio_usb/stdio_usb.c.obj
                0x10004ba0                stdio_usb_in_chars
 .text.stdio_usb_out_chars
                0x10004c64      0x114 i2c_tests/scan/CMakeFiles/i2c_bus_scan.dir/C_/Program_Files/Raspberry_Pi/Pico_SDK_v1.5.1/pico-sdk/src/rp2_common/pico_stdio_usb/stdio_usb.c.obj
 .text.tud_descriptor_device_cb
                0x10004d78        0x8 i2c_tests/scan/CMakeFiles/i2c_bus_scan.dir/C_/Program_Files/Raspberry_Pi/Pico_SDK_v1.5.1/pico-sdk/src/rp2_common/pico_stdio_usb/stdio_usb_descriptors.c.obj
                0x10004d78                tud_descriptor_device_cb
 .text.tud_descriptor_configuration_cb
                0x10004d80        0x8 i2c_tests/scan/CMakeFiles/i2c_bus_scan.dir/C_/Program_Files/Raspberry_Pi/Pico_SDK_v1.5.1/pico-sdk/src/rp2_common/pico_stdio_usb/stdio_usb_descriptors.c.obj
                0x10004d80                tud_descriptor_configuration_cb
 .text.tud_descriptor_string_cb
                0x10004d88       0x6c i2c_tests/scan/CMakeFiles/i2c_bus_scan.dir/C_/Program_Files/Raspberry_Pi/Pico_SDK_v1.5.1/pico-sdk/src/rp2_common/pico_stdio_usb/stdio_usb_descriptors.c.obj
                0x10004d88                tud_descriptor_string_cb
 .text._retrieve_unique_id_on_boot
                0x10004df4       0x10 i2c_tests/scan/CMakeFiles/i2c_bus_scan.dir/C_/Program_Files/Raspberry_Pi/Pico_SDK_v1.5.1/pico-sdk/src/rp2_common/pico_unique_id/unique_id.c.obj
 .text.pico_get_unique_board_id_string
                0x10004e04       0x60 i2c_tests/scan/CMakeFiles/i2c_bus_scan.dir/C_/Program_Files/Raspberry_Pi/Pico_SDK_v1.5.1/pico-sdk/src/rp2_common/pico_unique_id/unique_id.c.obj
                0x10004e04                pico_get_unique_board_id_string
 .text.flash_get_unique_id
                0x10004e64       0x46 i2c_tests/scan/CMakeFiles/i2c_bus_scan.dir/C_/Program_Files/Raspberry_Pi/Pico_SDK_v1.5.1/pico-sdk/src/rp2_common/hardware_flash/flash.c.obj
                0x10004e64                flash_get_unique_id
 *fill*         0x10004eaa        0x2 
 .text.hw_endpoint_get_by_addr
                0x10004eac       0x18 i2c_tests/scan/CMakeFiles/i2c_bus_scan.dir/C_/Program_Files/Raspberry_Pi/Pico_SDK_v1.5.1/pico-sdk/lib/tinyusb/src/portable/raspberrypi/rp2040/dcd_rp2040.c.obj
 .text._hw_endpoint_alloc
                0x10004ec4       0x70 i2c_tests/scan/CMakeFiles/i2c_bus_scan.dir/C_/Program_Files/Raspberry_Pi/Pico_SDK_v1.5.1/pico-sdk/lib/tinyusb/src/portable/raspberrypi/rp2040/dcd_rp2040.c.obj
 .text.hw_endpoint_init
                0x10004f34       0x88 i2c_tests/scan/CMakeFiles/i2c_bus_scan.dir/C_/Program_Files/Raspberry_Pi/Pico_SDK_v1.5.1/pico-sdk/lib/tinyusb/src/portable/raspberrypi/rp2040/dcd_rp2040.c.obj
 .text.hw_endpoint_xfer
                0x10004fbc       0x14 i2c_tests/scan/CMakeFiles/i2c_bus_scan.dir/C_/Program_Files/Raspberry_Pi/Pico_SDK_v1.5.1/pico-sdk/lib/tinyusb/src/portable/raspberrypi/rp2040/dcd_rp2040.c.obj
 .text.dcd_int_enable
                0x10004fd0       0x2c i2c_tests/scan/CMakeFiles/i2c_bus_scan.dir/C_/Program_Files/Raspberry_Pi/Pico_SDK_v1.5.1/pico-sdk/lib/tinyusb/src/portable/raspberrypi/rp2040/dcd_rp2040.c.obj
                0x10004fd0                dcd_int_enable
 .text.dcd_set_address
                0x10004ffc       0x2c i2c_tests/scan/CMakeFiles/i2c_bus_scan.dir/C_/Program_Files/Raspberry_Pi/Pico_SDK_v1.5.1/pico-sdk/lib/tinyusb/src/portable/raspberrypi/rp2040/dcd_rp2040.c.obj
                0x10004ffc                dcd_set_address
 .text.dcd_connect
                0x10005028       0x10 i2c_tests/scan/CMakeFiles/i2c_bus_scan.dir/C_/Program_Files/Raspberry_Pi/Pico_SDK_v1.5.1/pico-sdk/lib/tinyusb/src/portable/raspberrypi/rp2040/dcd_rp2040.c.obj
                0x10005028                dcd_connect
 .text.dcd_init
                0x10005038       0x80 i2c_tests/scan/CMakeFiles/i2c_bus_scan.dir/C_/Program_Files/Raspberry_Pi/Pico_SDK_v1.5.1/pico-sdk/lib/tinyusb/src/portable/raspberrypi/rp2040/dcd_rp2040.c.obj
                0x10005038                dcd_init
 .text.dcd_edpt0_status_complete
                0x100050b8       0x1c i2c_tests/scan/CMakeFiles/i2c_bus_scan.dir/C_/Program_Files/Raspberry_Pi/Pico_SDK_v1.5.1/pico-sdk/lib/tinyusb/src/portable/raspberrypi/rp2040/dcd_rp2040.c.obj
                0x100050b8                dcd_edpt0_status_complete
 .text.dcd_edpt_open
                0x100050d4       0x40 i2c_tests/scan/CMakeFiles/i2c_bus_scan.dir/C_/Program_Files/Raspberry_Pi/Pico_SDK_v1.5.1/pico-sdk/lib/tinyusb/src/portable/raspberrypi/rp2040/dcd_rp2040.c.obj
                0x100050d4                dcd_edpt_open
 .text.dcd_edpt_close_all
                0x10005114        0x8 i2c_tests/scan/CMakeFiles/i2c_bus_scan.dir/C_/Program_Files/Raspberry_Pi/Pico_SDK_v1.5.1/pico-sdk/lib/tinyusb/src/portable/raspberrypi/rp2040/dcd_rp2040.c.obj
                0x10005114                dcd_edpt_close_all
 .text.dcd_edpt_xfer
                0x1000511c       0x34 i2c_tests/scan/CMakeFiles/i2c_bus_scan.dir/C_/Program_Files/Raspberry_Pi/Pico_SDK_v1.5.1/pico-sdk/lib/tinyusb/src/portable/raspberrypi/rp2040/dcd_rp2040.c.obj
                0x1000511c                dcd_edpt_xfer
 .text.dcd_edpt_stall
                0x10005150       0x2c i2c_tests/scan/CMakeFiles/i2c_bus_scan.dir/C_/Program_Files/Raspberry_Pi/Pico_SDK_v1.5.1/pico-sdk/lib/tinyusb/src/portable/raspberrypi/rp2040/dcd_rp2040.c.obj
                0x10005150                dcd_edpt_stall
 .text.dcd_edpt_clear_stall
                0x1000517c       0x20 i2c_tests/scan/CMakeFiles/i2c_bus_scan.dir/C_/Program_Files/Raspberry_Pi/Pico_SDK_v1.5.1/pico-sdk/lib/tinyusb/src/portable/raspberrypi/rp2040/dcd_rp2040.c.obj
                0x1000517c                dcd_edpt_clear_stall
 .text.rp2040_usb_init
                0x1000519c       0x4c i2c_tests/scan/CMakeFiles/i2c_bus_scan.dir/C_/Program_Files/Raspberry_Pi/Pico_SDK_v1.5.1/pico-sdk/lib/tinyusb/src/portable/raspberrypi/rp2040/rp2040_usb.c.obj
                0x1000519c                rp2040_usb_init
 .text.hw_endpoint_xfer_start
                0x100051e8       0x50 i2c_tests/scan/CMakeFiles/i2c_bus_scan.dir/C_/Program_Files/Raspberry_Pi/Pico_SDK_v1.5.1/pico-sdk/lib/tinyusb/src/portable/raspberrypi/rp2040/rp2040_usb.c.obj
                0x100051e8                hw_endpoint_xfer_start
 .text.configuration_reset
                0x10005238       0x84 i2c_tests/scan/CMakeFiles/i2c_bus_scan.dir/C_/Program_Files/Raspberry_Pi/Pico_SDK_v1.5.1/pico-sdk/lib/tinyusb/src/device/usbd.c.obj
 .text.usbd_reset
                0x100052bc        0xc i2c_tests/scan/CMakeFiles/i2c_bus_scan.dir/C_/Program_Files/Raspberry_Pi/Pico_SDK_v1.5.1/pico-sdk/lib/tinyusb/src/device/usbd.c.obj
 .text.invoke_class_control
                0x100052c8       0x1a i2c_tests/scan/CMakeFiles/i2c_bus_scan.dir/C_/Program_Files/Raspberry_Pi/Pico_SDK_v1.5.1/pico-sdk/lib/tinyusb/src/device/usbd.c.obj
 *fill*         0x100052e2        0x2 
 .text.process_set_config
                0x100052e4      0x178 i2c_tests/scan/CMakeFiles/i2c_bus_scan.dir/C_/Program_Files/Raspberry_Pi/Pico_SDK_v1.5.1/pico-sdk/lib/tinyusb/src/device/usbd.c.obj
 .text.process_get_descriptor
                0x1000545c       0xdc i2c_tests/scan/CMakeFiles/i2c_bus_scan.dir/C_/Program_Files/Raspberry_Pi/Pico_SDK_v1.5.1/pico-sdk/lib/tinyusb/src/device/usbd.c.obj
 .text.tud_mounted
                0x10005538       0x10 i2c_tests/scan/CMakeFiles/i2c_bus_scan.dir/C_/Program_Files/Raspberry_Pi/Pico_SDK_v1.5.1/pico-sdk/lib/tinyusb/src/device/usbd.c.obj
                0x10005538                tud_mounted
 .text.tud_suspended
                0x10005548       0x10 i2c_tests/scan/CMakeFiles/i2c_bus_scan.dir/C_/Program_Files/Raspberry_Pi/Pico_SDK_v1.5.1/pico-sdk/lib/tinyusb/src/device/usbd.c.obj
                0x10005548                tud_suspended
 .text.tud_inited
                0x10005558       0x14 i2c_tests/scan/CMakeFiles/i2c_bus_scan.dir/C_/Program_Files/Raspberry_Pi/Pico_SDK_v1.5.1/pico-sdk/lib/tinyusb/src/device/usbd.c.obj
                0x10005558                tud_inited
 .text.tud_init
                0x1000556c       0xcc i2c_tests/scan/CMakeFiles/i2c_bus_scan.dir/C_/Program_Files/Raspberry_Pi/Pico_SDK_v1.5.1/pico-sdk/lib/tinyusb/src/device/usbd.c.obj
                0x1000556c                tud_init
 .text.usbd_defer_func
                0x10005638       0x2a i2c_tests/scan/CMakeFiles/i2c_bus_scan.dir/C_/Program_Files/Raspberry_Pi/Pico_SDK_v1.5.1/pico-sdk/lib/tinyusb/src/device/usbd.c.obj
                0x10005638                usbd_defer_func
 *fill*         0x10005662        0x2 
 .text.usbd_edpt_open
                0x10005664       0x34 i2c_tests/scan/CMakeFiles/i2c_bus_scan.dir/C_/Program_Files/Raspberry_Pi/Pico_SDK_v1.5.1/pico-sdk/lib/tinyusb/src/device/usbd.c.obj
                0x10005664                usbd_edpt_open
 .text.usbd_open_edpt_pair
                0x10005698       0x62 i2c_tests/scan/CMakeFiles/i2c_bus_scan.dir/C_/Program_Files/Raspberry_Pi/Pico_SDK_v1.5.1/pico-sdk/lib/tinyusb/src/device/usbd.c.obj
                0x10005698                usbd_open_edpt_pair
 *fill*         0x100056fa        0x2 
 .text.usbd_edpt_claim
                0x100056fc       0x28 i2c_tests/scan/CMakeFiles/i2c_bus_scan.dir/C_/Program_Files/Raspberry_Pi/Pico_SDK_v1.5.1/pico-sdk/lib/tinyusb/src/device/usbd.c.obj
                0x100056fc                usbd_edpt_claim
 .text.usbd_edpt_release
                0x10005724       0x28 i2c_tests/scan/CMakeFiles/i2c_bus_scan.dir/C_/Program_Files/Raspberry_Pi/Pico_SDK_v1.5.1/pico-sdk/lib/tinyusb/src/device/usbd.c.obj
                0x10005724                usbd_edpt_release
 .text.usbd_edpt_xfer
                0x1000574c       0x78 i2c_tests/scan/CMakeFiles/i2c_bus_scan.dir/C_/Program_Files/Raspberry_Pi/Pico_SDK_v1.5.1/pico-sdk/lib/tinyusb/src/device/usbd.c.obj
                0x1000574c                usbd_edpt_xfer
 .text.usbd_edpt_stall
                0x100057c4       0x48 i2c_tests/scan/CMakeFiles/i2c_bus_scan.dir/C_/Program_Files/Raspberry_Pi/Pico_SDK_v1.5.1/pico-sdk/lib/tinyusb/src/device/usbd.c.obj
                0x100057c4                usbd_edpt_stall
 .text.usbd_edpt_clear_stall
                0x1000580c       0x48 i2c_tests/scan/CMakeFiles/i2c_bus_scan.dir/C_/Program_Files/Raspberry_Pi/Pico_SDK_v1.5.1/pico-sdk/lib/tinyusb/src/device/usbd.c.obj
                0x1000580c                usbd_edpt_clear_stall
 .text.usbd_edpt_stalled
                0x10005854       0x1c i2c_tests/scan/CMakeFiles/i2c_bus_scan.dir/C_/Program_Files/Raspberry_Pi/Pico_SDK_v1.5.1/pico-sdk/lib/tinyusb/src/device/usbd.c.obj
                0x10005854                usbd_edpt_stalled
 .text.process_control_request
                0x10005870      0x37c i2c_tests/scan/CMakeFiles/i2c_bus_scan.dir/C_/Program_Files/Raspberry_Pi/Pico_SDK_v1.5.1/pico-sdk/lib/tinyusb/src/device/usbd.c.obj
 .text.tud_task_ext
                0x10005bec      0x1b8 i2c_tests/scan/CMakeFiles/i2c_bus_scan.dir/C_/Program_Files/Raspberry_Pi/Pico_SDK_v1.5.1/pico-sdk/lib/tinyusb/src/device/usbd.c.obj
                0x10005bec                tud_task_ext
 .text._data_stage_xact
                0x10005da4       0x58 i2c_tests/scan/CMakeFiles/i2c_bus_scan.dir/C_/Program_Files/Raspberry_Pi/Pico_SDK_v1.5.1/pico-sdk/lib/tinyusb/src/device/usbd_control.c.obj
 .text.tud_control_status
                0x10005dfc       0x38 i2c_tests/scan/CMakeFiles/i2c_bus_scan.dir/C_/Program_Files/Raspberry_Pi/Pico_SDK_v1.5.1/pico-sdk/lib/tinyusb/src/device/usbd_control.c.obj
                0x10005dfc                tud_control_status
 .text.tud_control_xfer
                0x10005e34       0x74 i2c_tests/scan/CMakeFiles/i2c_bus_scan.dir/C_/Program_Files/Raspberry_Pi/Pico_SDK_v1.5.1/pico-sdk/lib/tinyusb/src/device/usbd_control.c.obj
                0x10005e34                tud_control_xfer
 .text.usbd_control_reset
                0x10005ea8       0x14 i2c_tests/scan/CMakeFiles/i2c_bus_scan.dir/C_/Program_Files/Raspberry_Pi/Pico_SDK_v1.5.1/pico-sdk/lib/tinyusb/src/device/usbd_control.c.obj
                0x10005ea8                usbd_control_reset
 .text.usbd_control_set_complete_callback
                0x10005ebc        0xc i2c_tests/scan/CMakeFiles/i2c_bus_scan.dir/C_/Program_Files/Raspberry_Pi/Pico_SDK_v1.5.1/pico-sdk/lib/tinyusb/src/device/usbd_control.c.obj
                0x10005ebc                usbd_control_set_complete_callback
 .text.usbd_control_set_request
                0x10005ec8       0x1c i2c_tests/scan/CMakeFiles/i2c_bus_scan.dir/C_/Program_Files/Raspberry_Pi/Pico_SDK_v1.5.1/pico-sdk/lib/tinyusb/src/device/usbd_control.c.obj
                0x10005ec8                usbd_control_set_request
 .text.usbd_control_xfer_cb
                0x10005ee4       0xcc i2c_tests/scan/CMakeFiles/i2c_bus_scan.dir/C_/Program_Files/Raspberry_Pi/Pico_SDK_v1.5.1/pico-sdk/lib/tinyusb/src/device/usbd_control.c.obj
                0x10005ee4                usbd_control_xfer_cb
 .text._prep_out_transaction
                0x10005fb0       0x4a i2c_tests/scan/CMakeFiles/i2c_bus_scan.dir/C_/Program_Files/Raspberry_Pi/Pico_SDK_v1.5.1/pico-sdk/lib/tinyusb/src/class/cdc/cdc_device.c.obj
 *fill*         0x10005ffa        0x2 
 .text.tud_cdc_n_connected
                0x10005ffc       0x44 i2c_tests/scan/CMakeFiles/i2c_bus_scan.dir/C_/Program_Files/Raspberry_Pi/Pico_SDK_v1.5.1/pico-sdk/lib/tinyusb/src/class/cdc/cdc_device.c.obj
                0x10005ffc                tud_cdc_n_connected
 .text.tud_cdc_n_available
                0x10006040       0x18 i2c_tests/scan/CMakeFiles/i2c_bus_scan.dir/C_/Program_Files/Raspberry_Pi/Pico_SDK_v1.5.1/pico-sdk/lib/tinyusb/src/class/cdc/cdc_device.c.obj
                0x10006040                tud_cdc_n_available
 .text.tud_cdc_n_read
                0x10006058       0x28 i2c_tests/scan/CMakeFiles/i2c_bus_scan.dir/C_/Program_Files/Raspberry_Pi/Pico_SDK_v1.5.1/pico-sdk/lib/tinyusb/src/class/cdc/cdc_device.c.obj
                0x10006058                tud_cdc_n_read
 .text.tud_cdc_n_write_flush
                0x10006080       0xb8 i2c_tests/scan/CMakeFiles/i2c_bus_scan.dir/C_/Program_Files/Raspberry_Pi/Pico_SDK_v1.5.1/pico-sdk/lib/tinyusb/src/class/cdc/cdc_device.c.obj
                0x10006080                tud_cdc_n_write_flush
 .text.tud_cdc_n_write
                0x10006138       0x38 i2c_tests/scan/CMakeFiles/i2c_bus_scan.dir/C_/Program_Files/Raspberry_Pi/Pico_SDK_v1.5.1/pico-sdk/lib/tinyusb/src/class/cdc/cdc_device.c.obj
                0x10006138                tud_cdc_n_write
 .text.tud_cdc_n_write_available
                0x10006170       0x1c i2c_tests/scan/CMakeFiles/i2c_bus_scan.dir/C_/Program_Files/Raspberry_Pi/Pico_SDK_v1.5.1/pico-sdk/lib/tinyusb/src/class/cdc/cdc_device.c.obj
                0x10006170                tud_cdc_n_write_available
 .text.cdcd_init
                0x1000618c       0xbc i2c_tests/scan/CMakeFiles/i2c_bus_scan.dir/C_/Program_Files/Raspberry_Pi/Pico_SDK_v1.5.1/pico-sdk/lib/tinyusb/src/class/cdc/cdc_device.c.obj
                0x1000618c                cdcd_init
 .text.cdcd_reset
                0x10006248       0x44 i2c_tests/scan/CMakeFiles/i2c_bus_scan.dir/C_/Program_Files/Raspberry_Pi/Pico_SDK_v1.5.1/pico-sdk/lib/tinyusb/src/class/cdc/cdc_device.c.obj
                0x10006248                cdcd_reset
 .text.cdcd_open
                0x1000628c       0xcc i2c_tests/scan/CMakeFiles/i2c_bus_scan.dir/C_/Program_Files/Raspberry_Pi/Pico_SDK_v1.5.1/pico-sdk/lib/tinyusb/src/class/cdc/cdc_device.c.obj
                0x1000628c                cdcd_open
 .text.cdcd_control_xfer_cb
                0x10006358      0x134 i2c_tests/scan/CMakeFiles/i2c_bus_scan.dir/C_/Program_Files/Raspberry_Pi/Pico_SDK_v1.5.1/pico-sdk/lib/tinyusb/src/class/cdc/cdc_device.c.obj
                0x10006358                cdcd_control_xfer_cb
 .text.cdcd_xfer_cb
                0x1000648c      0x130 i2c_tests/scan/CMakeFiles/i2c_bus_scan.dir/C_/Program_Files/Raspberry_Pi/Pico_SDK_v1.5.1/pico-sdk/lib/tinyusb/src/class/cdc/cdc_device.c.obj
                0x1000648c                cdcd_xfer_cb
 .text.tusb_init
                0x100065bc        0xa i2c_tests/scan/CMakeFiles/i2c_bus_scan.dir/C_/Program_Files/Raspberry_Pi/Pico_SDK_v1.5.1/pico-sdk/lib/tinyusb/src/tusb.c.obj
                0x100065bc                tusb_init
 .text.tusb_inited
                0x100065c6        0xe i2c_tests/scan/CMakeFiles/i2c_bus_scan.dir/C_/Program_Files/Raspberry_Pi/Pico_SDK_v1.5.1/pico-sdk/lib/tinyusb/src/tusb.c.obj
                0x100065c6                tusb_inited
 .text.tu_edpt_claim
                0x100065d4       0x50 i2c_tests/scan/CMakeFiles/i2c_bus_scan.dir/C_/Program_Files/Raspberry_Pi/Pico_SDK_v1.5.1/pico-sdk/lib/tinyusb/src/tusb.c.obj
                0x100065d4                tu_edpt_claim
 .text.tu_edpt_release
                0x10006624       0x3c i2c_tests/scan/CMakeFiles/i2c_bus_scan.dir/C_/Program_Files/Raspberry_Pi/Pico_SDK_v1.5.1/pico-sdk/lib/tinyusb/src/tusb.c.obj
                0x10006624                tu_edpt_release
 .text.tu_edpt_validate
                0x10006660       0x78 i2c_tests/scan/CMakeFiles/i2c_bus_scan.dir/C_/Program_Files/Raspberry_Pi/Pico_SDK_v1.5.1/pico-sdk/lib/tinyusb/src/tusb.c.obj
                0x10006660                tu_edpt_validate
 .text.tu_edpt_bind_driver
                0x100066d8       0x26 i2c_tests/scan/CMakeFiles/i2c_bus_scan.dir/C_/Program_Files/Raspberry_Pi/Pico_SDK_v1.5.1/pico-sdk/lib/tinyusb/src/tusb.c.obj
                0x100066d8                tu_edpt_bind_driver
 .text.advance_index
                0x100066fe       0x1a i2c_tests/scan/CMakeFiles/i2c_bus_scan.dir/C_/Program_Files/Raspberry_Pi/Pico_SDK_v1.5.1/pico-sdk/lib/tinyusb/src/common/tusb_fifo.c.obj
 .text._tu_fifo_peek
                0x10006718       0x56 i2c_tests/scan/CMakeFiles/i2c_bus_scan.dir/C_/Program_Files/Raspberry_Pi/Pico_SDK_v1.5.1/pico-sdk/lib/tinyusb/src/common/tusb_fifo.c.obj
 .text._ff_pull_const_addr
                0x1000676e       0x4c i2c_tests/scan/CMakeFiles/i2c_bus_scan.dir/C_/Program_Files/Raspberry_Pi/Pico_SDK_v1.5.1/pico-sdk/lib/tinyusb/src/common/tusb_fifo.c.obj
 .text._ff_pull_n
                0x100067ba      0x110 i2c_tests/scan/CMakeFiles/i2c_bus_scan.dir/C_/Program_Files/Raspberry_Pi/Pico_SDK_v1.5.1/pico-sdk/lib/tinyusb/src/common/tusb_fifo.c.obj
 .text._tu_fifo_peek_n
                0x100068ca       0x6a i2c_tests/scan/CMakeFiles/i2c_bus_scan.dir/C_/Program_Files/Raspberry_Pi/Pico_SDK_v1.5.1/pico-sdk/lib/tinyusb/src/common/tusb_fifo.c.obj
 .text._tu_fifo_read_n
                0x10006934       0x4e i2c_tests/scan/CMakeFiles/i2c_bus_scan.dir/C_/Program_Files/Raspberry_Pi/Pico_SDK_v1.5.1/pico-sdk/lib/tinyusb/src/common/tusb_fifo.c.obj
 .text._ff_push_const_addr
                0x10006982       0x40 i2c_tests/scan/CMakeFiles/i2c_bus_scan.dir/C_/Program_Files/Raspberry_Pi/Pico_SDK_v1.5.1/pico-sdk/lib/tinyusb/src/common/tusb_fifo.c.obj
 .text._ff_push_n
                0x100069c2      0x10c i2c_tests/scan/CMakeFiles/i2c_bus_scan.dir/C_/Program_Files/Raspberry_Pi/Pico_SDK_v1.5.1/pico-sdk/lib/tinyusb/src/common/tusb_fifo.c.obj
 .text._tu_fifo_write_n
                0x10006ace       0xf0 i2c_tests/scan/CMakeFiles/i2c_bus_scan.dir/C_/Program_Files/Raspberry_Pi/Pico_SDK_v1.5.1/pico-sdk/lib/tinyusb/src/common/tusb_fifo.c.obj
 .text.tu_fifo_config
                0x10006bbe       0x7c i2c_tests/scan/CMakeFiles/i2c_bus_scan.dir/C_/Program_Files/Raspberry_Pi/Pico_SDK_v1.5.1/pico-sdk/lib/tinyusb/src/common/tusb_fifo.c.obj
                0x10006bbe                tu_fifo_config
 .text.tu_fifo_count
                0x10006c3a       0x2a i2c_tests/scan/CMakeFiles/i2c_bus_scan.dir/C_/Program_Files/Raspberry_Pi/Pico_SDK_v1.5.1/pico-sdk/lib/tinyusb/src/common/tusb_fifo.c.obj
                0x10006c3a                tu_fifo_count
 .text.tu_fifo_empty
                0x10006c64       0x10 i2c_tests/scan/CMakeFiles/i2c_bus_scan.dir/C_/Program_Files/Raspberry_Pi/Pico_SDK_v1.5.1/pico-sdk/lib/tinyusb/src/common/tusb_fifo.c.obj
                0x10006c64                tu_fifo_empty
 .text.tu_fifo_full
                0x10006c74       0x28 i2c_tests/scan/CMakeFiles/i2c_bus_scan.dir/C_/Program_Files/Raspberry_Pi/Pico_SDK_v1.5.1/pico-sdk/lib/tinyusb/src/common/tusb_fifo.c.obj
                0x10006c74                tu_fifo_full
 .text.tu_fifo_remaining
                0x10006c9c       0x2c i2c_tests/scan/CMakeFiles/i2c_bus_scan.dir/C_/Program_Files/Raspberry_Pi/Pico_SDK_v1.5.1/pico-sdk/lib/tinyusb/src/common/tusb_fifo.c.obj
                0x10006c9c                tu_fifo_remaining
 .text.tu_fifo_read
                0x10006cc8       0x42 i2c_tests/scan/CMakeFiles/i2c_bus_scan.dir/C_/Program_Files/Raspberry_Pi/Pico_SDK_v1.5.1/pico-sdk/lib/tinyusb/src/common/tusb_fifo.c.obj
                0x10006cc8                tu_fifo_read
 .text.tu_fifo_read_n
                0x10006d0a        0xa i2c_tests/scan/CMakeFiles/i2c_bus_scan.dir/C_/Program_Files/Raspberry_Pi/Pico_SDK_v1.5.1/pico-sdk/lib/tinyusb/src/common/tusb_fifo.c.obj
                0x10006d0a                tu_fifo_read_n
 .text.tu_fifo_write
                0x10006d14       0x64 i2c_tests/scan/CMakeFiles/i2c_bus_scan.dir/C_/Program_Files/Raspberry_Pi/Pico_SDK_v1.5.1/pico-sdk/lib/tinyusb/src/common/tusb_fifo.c.obj
                0x10006d14                tu_fifo_write
 .text.tu_fifo_write_n
                0x10006d78        0xa i2c_tests/scan/CMakeFiles/i2c_bus_scan.dir/C_/Program_Files/Raspberry_Pi/Pico_SDK_v1.5.1/pico-sdk/lib/tinyusb/src/common/tusb_fifo.c.obj
                0x10006d78                tu_fifo_write_n
 .text.tu_fifo_clear
                0x10006d82       0x3e i2c_tests/scan/CMakeFiles/i2c_bus_scan.dir/C_/Program_Files/Raspberry_Pi/Pico_SDK_v1.5.1/pico-sdk/lib/tinyusb/src/common/tusb_fifo.c.obj
                0x10006d82                tu_fifo_clear
 .text.tu_fifo_set_overwritable
                0x10006dc0       0x46 i2c_tests/scan/CMakeFiles/i2c_bus_scan.dir/C_/Program_Files/Raspberry_Pi/Pico_SDK_v1.5.1/pico-sdk/lib/tinyusb/src/common/tusb_fifo.c.obj
                0x10006dc0                tu_fifo_set_overwritable
 .text.i2c_read_blocking_internal
                0x10006e06       0xe6 i2c_tests/scan/CMakeFiles/i2c_bus_scan.dir/C_/Program_Files/Raspberry_Pi/Pico_SDK_v1.5.1/pico-sdk/src/rp2_common/hardware_i2c/i2c.c.obj
 .text.i2c_set_baudrate
                0x10006eec       0xf0 i2c_tests/scan/CMakeFiles/i2c_bus_scan.dir/C_/Program_Files/Raspberry_Pi/Pico_SDK_v1.5.1/pico-sdk/src/rp2_common/hardware_i2c/i2c.c.obj
                0x10006eec                i2c_set_baudrate
 .text.i2c_init
                0x10006fdc       0x58 i2c_tests/scan/CMakeFiles/i2c_bus_scan.dir/C_/Program_Files/Raspberry_Pi/Pico_SDK_v1.5.1/pico-sdk/src/rp2_common/hardware_i2c/i2c.c.obj
                0x10006fdc                i2c_init
 .text.i2c_read_blocking_until
                0x10007034       0x3e i2c_tests/scan/CMakeFiles/i2c_bus_scan.dir/C_/Program_Files/Raspberry_Pi/Pico_SDK_v1.5.1/pico-sdk/src/rp2_common/hardware_i2c/i2c.c.obj
                0x10007034                i2c_read_blocking_until
 *fill*         0x10007072        0x2 
 .text.strlen   0x10007074       0x5c c:/progra~1/raspbe~1/picosd~1.1/gcc-ar~1/bin/../lib/gcc/arm-none-eabi/10.3.1/../../../../arm-none-eabi/lib/thumb/v6-m/nofp\libg.a(lib_a-strlen-stub.o)
                0x10007074                strlen
 *(.fini)
 .fini          0x100070d0        0x4 c:/progra~1/raspbe~1/picosd~1.1/gcc-ar~1/bin/../lib/gcc/arm-none-eabi/10.3.1/thumb/v6-m/nofp/crti.o
                0x100070d0                _fini
 *fill*         0x100070d4        0x4 
 .fini.__stub   0x100070d8       0xe0 linker stubs
 *crtbegin.o(.ctors)
 *crtbegin?.o(.ctors)
 *(EXCLUDE_FILE(*crtend.o *crtend?.o) .ctors)
 *(SORT_BY_NAME(.ctors.*))
 *(.ctors)
 *crtbegin.o(.dtors)
 *crtbegin?.o(.dtors)
 *(EXCLUDE_FILE(*crtend.o *crtend?.o) .dtors)
 *(SORT_BY_NAME(.dtors.*))
 *(.dtors)
 *(.eh_frame*)
 .eh_frame      0x100071b8        0x0 c:/progra~1/raspbe~1/picosd~1.1/gcc-ar~1/bin/../lib/gcc/arm-none-eabi/10.3.1/thumb/v6-m/nofp/crtbegin.o
                0x100071b8                . = ALIGN (0x4)

.glue_7         0x100071b8        0x0
 .glue_7        0x100071b8        0x0 linker stubs

.glue_7t        0x100071b8        0x0
 .glue_7t       0x100071b8        0x0 linker stubs

.vfp11_veneer   0x100071b8        0x0
 .vfp11_veneer  0x100071b8        0x0 linker stubs

.v4_bx          0x100071b8        0x0
 .v4_bx         0x100071b8        0x0 linker stubs

.iplt           0x100071b8        0x0
 .iplt          0x100071b8        0x0 c:/progra~1/raspbe~1/picosd~1.1/gcc-ar~1/bin/../lib/gcc/arm-none-eabi/10.3.1/thumb/v6-m/nofp/crtbegin.o

.rodata         0x100071b8     0x188c
 *(EXCLUDE_FILE(*libm.a: *libc.a:*lib_a-mem*.o *libgcc.a:) .rodata*)
 .rodata.main.str1.4
                0x100071b8      0x12a i2c_tests/scan/CMakeFiles/i2c_bus_scan.dir/scan.c.obj
                                0x132 (size before relaxing)
 *fill*         0x100072e2        0x2 
 .rodata.__bi_52.1
                0x100072e4        0x8 i2c_tests/scan/CMakeFiles/i2c_bus_scan.dir/scan.c.obj
 .rodata.__func__.0
                0x100072ec       0x15 i2c_tests/scan/CMakeFiles/i2c_bus_scan.dir/scan.c.obj
 *fill*         0x10007301        0x3 
 .rodata.spin_lock_claim_unused.str1.4
                0x10007304       0x1b i2c_tests/scan/CMakeFiles/i2c_bus_scan.dir/C_/Program_Files/Raspberry_Pi/Pico_SDK_v1.5.1/pico-sdk/src/rp2_common/hardware_sync/sync.c.obj
 *fill*         0x1000731f        0x1 
 .rodata.make_branch.str1.4
                0x10007320       0x89 i2c_tests/scan/CMakeFiles/i2c_bus_scan.dir/C_/Program_Files/Raspberry_Pi/Pico_SDK_v1.5.1/pico-sdk/src/rp2_common/hardware_irq/irq.c.obj
 *fill*         0x100073a9        0x3 
 .rodata.insert_branch_and_link.str1.4
                0x100073ac       0x10 i2c_tests/scan/CMakeFiles/i2c_bus_scan.dir/C_/Program_Files/Raspberry_Pi/Pico_SDK_v1.5.1/pico-sdk/src/rp2_common/hardware_irq/irq.c.obj
 .rodata.irq_set_exclusive_handler.str1.4
                0x100073bc       0x36 i2c_tests/scan/CMakeFiles/i2c_bus_scan.dir/C_/Program_Files/Raspberry_Pi/Pico_SDK_v1.5.1/pico-sdk/src/rp2_common/hardware_irq/irq.c.obj
 *fill*         0x100073f2        0x2 
 .rodata.irq_add_shared_handler.str1.4
                0x100073f4       0xd9 i2c_tests/scan/CMakeFiles/i2c_bus_scan.dir/C_/Program_Files/Raspberry_Pi/Pico_SDK_v1.5.1/pico-sdk/src/rp2_common/hardware_irq/irq.c.obj
 *fill*         0x100074cd        0x3 
 .rodata.irq_remove_handler.str1.4
                0x100074d0       0x3a i2c_tests/scan/CMakeFiles/i2c_bus_scan.dir/C_/Program_Files/Raspberry_Pi/Pico_SDK_v1.5.1/pico-sdk/src/rp2_common/hardware_irq/irq.c.obj
 *fill*         0x1000750a        0x2 
 .rodata.irq_add_tail_to_free_list.str1.4
                0x1000750c       0x3a i2c_tests/scan/CMakeFiles/i2c_bus_scan.dir/C_/Program_Files/Raspberry_Pi/Pico_SDK_v1.5.1/pico-sdk/src/rp2_common/hardware_irq/irq.c.obj
 *fill*         0x10007546        0x2 
 .rodata.user_irq_claim_unused.str1.4
                0x10007548       0x1b i2c_tests/scan/CMakeFiles/i2c_bus_scan.dir/C_/Program_Files/Raspberry_Pi/Pico_SDK_v1.5.1/pico-sdk/src/rp2_common/hardware_irq/irq.c.obj
 *fill*         0x10007563        0x1 
 .rodata.__func__.0
                0x10007564       0x1a i2c_tests/scan/CMakeFiles/i2c_bus_scan.dir/C_/Program_Files/Raspberry_Pi/Pico_SDK_v1.5.1/pico-sdk/src/rp2_common/hardware_irq/irq.c.obj
 *fill*         0x1000757e        0x2 
 .rodata.__func__.1
                0x10007580       0x17 i2c_tests/scan/CMakeFiles/i2c_bus_scan.dir/C_/Program_Files/Raspberry_Pi/Pico_SDK_v1.5.1/pico-sdk/src/rp2_common/hardware_irq/irq.c.obj
 *fill*         0x10007597        0x1 
 .rodata.__func__.2
                0x10007598       0x13 i2c_tests/scan/CMakeFiles/i2c_bus_scan.dir/C_/Program_Files/Raspberry_Pi/Pico_SDK_v1.5.1/pico-sdk/src/rp2_common/hardware_irq/irq.c.obj
 *fill*         0x100075ab        0x1 
 .rodata.__func__.3
                0x100075ac        0xc i2c_tests/scan/CMakeFiles/i2c_bus_scan.dir/C_/Program_Files/Raspberry_Pi/Pico_SDK_v1.5.1/pico-sdk/src/rp2_common/hardware_irq/irq.c.obj
 .rodata.__func__.4
                0x100075b8        0xf i2c_tests/scan/CMakeFiles/i2c_bus_scan.dir/C_/Program_Files/Raspberry_Pi/Pico_SDK_v1.5.1/pico-sdk/src/rp2_common/hardware_irq/irq.c.obj
 *fill*         0x100075c7        0x1 
 .rodata.__func__.5
                0x100075c8       0x17 i2c_tests/scan/CMakeFiles/i2c_bus_scan.dir/C_/Program_Files/Raspberry_Pi/Pico_SDK_v1.5.1/pico-sdk/src/rp2_common/hardware_irq/irq.c.obj
 *fill*         0x100075df        0x1 
 .rodata.__func__.6
                0x100075e0       0x1a i2c_tests/scan/CMakeFiles/i2c_bus_scan.dir/C_/Program_Files/Raspberry_Pi/Pico_SDK_v1.5.1/pico-sdk/src/rp2_common/hardware_irq/irq.c.obj
 *fill*         0x100075fa        0x2 
 .rodata.str1.4
                0x100075fc       0xa5 i2c_tests/scan/CMakeFiles/i2c_bus_scan.dir/C_/Program_Files/Raspberry_Pi/Pico_SDK_v1.5.1/pico-sdk/src/common/pico_sync/mutex.c.obj
                                0x125 (size before relaxing)
 *fill*         0x100076a1        0x3 
 .rodata.__func__.1
                0x100076a4        0xb i2c_tests/scan/CMakeFiles/i2c_bus_scan.dir/C_/Program_Files/Raspberry_Pi/Pico_SDK_v1.5.1/pico-sdk/src/common/pico_sync/mutex.c.obj
 *fill*         0x100076af        0x1 
 .rodata.__func__.3
                0x100076b0       0x18 i2c_tests/scan/CMakeFiles/i2c_bus_scan.dir/C_/Program_Files/Raspberry_Pi/Pico_SDK_v1.5.1/pico-sdk/src/common/pico_sync/mutex.c.obj
 .rodata.__func__.4
                0x100076c8       0x15 i2c_tests/scan/CMakeFiles/i2c_bus_scan.dir/C_/Program_Files/Raspberry_Pi/Pico_SDK_v1.5.1/pico-sdk/src/common/pico_sync/mutex.c.obj
 *fill*         0x100076dd        0x3 
 .rodata.repeating_timer_callback.str1.4
                0x100076e0       0x67 i2c_tests/scan/CMakeFiles/i2c_bus_scan.dir/C_/Program_Files/Raspberry_Pi/Pico_SDK_v1.5.1/pico-sdk/src/common/pico_time/time.c.obj
 *fill*         0x10007747        0x1 
 .rodata.timer_pool_entry_comparator.str1.4
                0x10007748       0x22 i2c_tests/scan/CMakeFiles/i2c_bus_scan.dir/C_/Program_Files/Raspberry_Pi/Pico_SDK_v1.5.1/pico-sdk/src/common/pico_time/time.c.obj
 *fill*         0x1000776a        0x2 
 .rodata.ph_add_child_node.str1.4
                0x1000776c       0xb2 i2c_tests/scan/CMakeFiles/i2c_bus_scan.dir/C_/Program_Files/Raspberry_Pi/Pico_SDK_v1.5.1/pico-sdk/src/common/pico_time/time.c.obj
 *fill*         0x1000781e        0x2 
 .rodata.add_alarm_under_lock.str1.4
                0x10007820       0x28 i2c_tests/scan/CMakeFiles/i2c_bus_scan.dir/C_/Program_Files/Raspberry_Pi/Pico_SDK_v1.5.1/pico-sdk/src/common/pico_time/time.c.obj
                                 0x2b (size before relaxing)
 .rodata.alarm_pool_alarm_callback.str1.4
                0x10007848       0x98 i2c_tests/scan/CMakeFiles/i2c_bus_scan.dir/C_/Program_Files/Raspberry_Pi/Pico_SDK_v1.5.1/pico-sdk/src/common/pico_time/time.c.obj
                                0x118 (size before relaxing)
 .rodata.alarm_pool_get_default.str1.4
                0x100078e0       0x21 i2c_tests/scan/CMakeFiles/i2c_bus_scan.dir/C_/Program_Files/Raspberry_Pi/Pico_SDK_v1.5.1/pico-sdk/src/common/pico_time/time.c.obj
 *fill*         0x10007901        0x3 
 .rodata.alarm_pool_cancel_alarm.str1.4
                0x10007904       0x27 i2c_tests/scan/CMakeFiles/i2c_bus_scan.dir/C_/Program_Files/Raspberry_Pi/Pico_SDK_v1.5.1/pico-sdk/src/common/pico_time/time.c.obj
 *fill*         0x1000792b        0x1 
 .rodata.sleep_until.str1.4
                0x1000792c       0x4d i2c_tests/scan/CMakeFiles/i2c_bus_scan.dir/C_/Program_Files/Raspberry_Pi/Pico_SDK_v1.5.1/pico-sdk/src/common/pico_time/time.c.obj
 *fill*         0x10007979        0x3 
 .rodata.__func__.1
                0x1000797c       0x18 i2c_tests/scan/CMakeFiles/i2c_bus_scan.dir/C_/Program_Files/Raspberry_Pi/Pico_SDK_v1.5.1/pico-sdk/src/common/pico_time/time.c.obj
 .rodata.__func__.10
                0x10007994       0x15 i2c_tests/scan/CMakeFiles/i2c_bus_scan.dir/C_/Program_Files/Raspberry_Pi/Pico_SDK_v1.5.1/pico-sdk/src/common/pico_time/time.c.obj
 *fill*         0x100079a9        0x3 
 .rodata.__func__.11
                0x100079ac       0x1a i2c_tests/scan/CMakeFiles/i2c_bus_scan.dir/C_/Program_Files/Raspberry_Pi/Pico_SDK_v1.5.1/pico-sdk/src/common/pico_time/time.c.obj
 *fill*         0x100079c6        0x2 
 .rodata.__func__.12
                0x100079c8        0xa i2c_tests/scan/CMakeFiles/i2c_bus_scan.dir/C_/Program_Files/Raspberry_Pi/Pico_SDK_v1.5.1/pico-sdk/src/common/pico_time/time.c.obj
 *fill*         0x100079d2        0x2 
 .rodata.__func__.3
                0x100079d4       0x17 i2c_tests/scan/CMakeFiles/i2c_bus_scan.dir/C_/Program_Files/Raspberry_Pi/Pico_SDK_v1.5.1/pico-sdk/src/common/pico_time/time.c.obj
 *fill*         0x100079eb        0x1 
 .rodata.__func__.4
                0x100079ec       0x12 i2c_tests/scan/CMakeFiles/i2c_bus_scan.dir/C_/Program_Files/Raspberry_Pi/Pico_SDK_v1.5.1/pico-sdk/src/common/pico_time/time.c.obj
 *fill*         0x100079fe        0x2 
 .rodata.__func__.5
                0x10007a00        0xd i2c_tests/scan/CMakeFiles/i2c_bus_scan.dir/C_/Program_Files/Raspberry_Pi/Pico_SDK_v1.5.1/pico-sdk/src/common/pico_time/time.c.obj
 *fill*         0x10007a0d        0x3 
 .rodata.__func__.6
                0x10007a10       0x12 i2c_tests/scan/CMakeFiles/i2c_bus_scan.dir/C_/Program_Files/Raspberry_Pi/Pico_SDK_v1.5.1/pico-sdk/src/common/pico_time/time.c.obj
 *fill*         0x10007a22        0x2 
 .rodata.__func__.7
                0x10007a24        0xf i2c_tests/scan/CMakeFiles/i2c_bus_scan.dir/C_/Program_Files/Raspberry_Pi/Pico_SDK_v1.5.1/pico-sdk/src/common/pico_time/time.c.obj
 *fill*         0x10007a33        0x1 
 .rodata.__func__.8
                0x10007a34        0xc i2c_tests/scan/CMakeFiles/i2c_bus_scan.dir/C_/Program_Files/Raspberry_Pi/Pico_SDK_v1.5.1/pico-sdk/src/common/pico_time/time.c.obj
 .rodata.__func__.9
                0x10007a40       0x15 i2c_tests/scan/CMakeFiles/i2c_bus_scan.dir/C_/Program_Files/Raspberry_Pi/Pico_SDK_v1.5.1/pico-sdk/src/common/pico_time/time.c.obj
 *fill*         0x10007a55        0x3 
 .rodata.hardware_alarm_claim.str1.4
                0x10007a58       0x22 i2c_tests/scan/CMakeFiles/i2c_bus_scan.dir/C_/Program_Files/Raspberry_Pi/Pico_SDK_v1.5.1/pico-sdk/src/rp2_common/hardware_timer/timer.c.obj
 *fill*         0x10007a7a        0x2 
 .rodata.hardware_alarm_set_target.str1.4
                0x10007a7c       0x81 i2c_tests/scan/CMakeFiles/i2c_bus_scan.dir/C_/Program_Files/Raspberry_Pi/Pico_SDK_v1.5.1/pico-sdk/src/rp2_common/hardware_timer/timer.c.obj
 *fill*         0x10007afd        0x3 
 .rodata.__func__.0
                0x10007b00       0x1a i2c_tests/scan/CMakeFiles/i2c_bus_scan.dir/C_/Program_Files/Raspberry_Pi/Pico_SDK_v1.5.1/pico-sdk/src/rp2_common/hardware_timer/timer.c.obj
 .rodata.ph_add_child_node.str1.4
                0x10007b1a       0xb2 i2c_tests/scan/CMakeFiles/i2c_bus_scan.dir/C_/Program_Files/Raspberry_Pi/Pico_SDK_v1.5.1/pico-sdk/src/common/pico_util/pheap.c.obj
 *fill*         0x10007b1a        0x2 
 .rodata.ph_remove_any_head.str1.4
                0x10007b1c       0xa8 i2c_tests/scan/CMakeFiles/i2c_bus_scan.dir/C_/Program_Files/Raspberry_Pi/Pico_SDK_v1.5.1/pico-sdk/src/common/pico_util/pheap.c.obj
                                 0xbc (size before relaxing)
 .rodata.ph_remove_and_free_node.str1.4
                0x10007bc4       0x1e i2c_tests/scan/CMakeFiles/i2c_bus_scan.dir/C_/Program_Files/Raspberry_Pi/Pico_SDK_v1.5.1/pico-sdk/src/common/pico_util/pheap.c.obj
                                 0x26 (size before relaxing)
 *fill*         0x10007be2        0x2 
 .rodata.__func__.0
                0x10007be4       0x18 i2c_tests/scan/CMakeFiles/i2c_bus_scan.dir/C_/Program_Files/Raspberry_Pi/Pico_SDK_v1.5.1/pico-sdk/src/common/pico_util/pheap.c.obj
 .rodata.__func__.1
                0x10007bfc       0x13 i2c_tests/scan/CMakeFiles/i2c_bus_scan.dir/C_/Program_Files/Raspberry_Pi/Pico_SDK_v1.5.1/pico-sdk/src/common/pico_util/pheap.c.obj
 *fill*         0x10007c0f        0x1 
 .rodata.__func__.2
                0x10007c10       0x12 i2c_tests/scan/CMakeFiles/i2c_bus_scan.dir/C_/Program_Files/Raspberry_Pi/Pico_SDK_v1.5.1/pico-sdk/src/common/pico_util/pheap.c.obj
 *fill*         0x10007c22        0x2 
 .rodata.__func__.3
                0x10007c24        0xc i2c_tests/scan/CMakeFiles/i2c_bus_scan.dir/C_/Program_Files/Raspberry_Pi/Pico_SDK_v1.5.1/pico-sdk/src/common/pico_util/pheap.c.obj
 .rodata.clock_configure.str1.4
                0x10007c30       0x73 i2c_tests/scan/CMakeFiles/i2c_bus_scan.dir/C_/Program_Files/Raspberry_Pi/Pico_SDK_v1.5.1/pico-sdk/src/rp2_common/hardware_clocks/clocks.c.obj
 *fill*         0x10007ca3        0x1 
 .rodata.__func__.1
                0x10007ca4       0x10 i2c_tests/scan/CMakeFiles/i2c_bus_scan.dir/C_/Program_Files/Raspberry_Pi/Pico_SDK_v1.5.1/pico-sdk/src/rp2_common/hardware_clocks/clocks.c.obj
 .rodata.pll_init.str1.4
                0x10007cb4      0x140 i2c_tests/scan/CMakeFiles/i2c_bus_scan.dir/C_/Program_Files/Raspberry_Pi/Pico_SDK_v1.5.1/pico-sdk/src/rp2_common/hardware_pll/pll.c.obj
 .rodata.__func__.0
                0x10007df4        0x9 i2c_tests/scan/CMakeFiles/i2c_bus_scan.dir/C_/Program_Files/Raspberry_Pi/Pico_SDK_v1.5.1/pico-sdk/src/rp2_common/hardware_pll/pll.c.obj
 *fill*         0x10007dfd        0x3 
 .rodata.__assert_func.str1.4
                0x10007e00       0x3f i2c_tests/scan/CMakeFiles/i2c_bus_scan.dir/C_/Program_Files/Raspberry_Pi/Pico_SDK_v1.5.1/pico-sdk/src/rp2_common/pico_runtime/runtime.c.obj
                                 0x43 (size before relaxing)
 *fill*         0x10007e3f        0x1 
 .rodata.runtime_init.str1.4
                0x10007e40       0x7d i2c_tests/scan/CMakeFiles/i2c_bus_scan.dir/C_/Program_Files/Raspberry_Pi/Pico_SDK_v1.5.1/pico-sdk/src/rp2_common/pico_runtime/runtime.c.obj
 *fill*         0x10007ebd        0x3 
 .rodata.panic.str1.4
                0x10007ec0       0x10 i2c_tests/scan/CMakeFiles/i2c_bus_scan.dir/C_/Program_Files/Raspberry_Pi/Pico_SDK_v1.5.1/pico-sdk/src/rp2_common/pico_runtime/runtime.c.obj
                                 0x12 (size before relaxing)
 .rodata.__func__.2
                0x10007ed0        0xd i2c_tests/scan/CMakeFiles/i2c_bus_scan.dir/C_/Program_Files/Raspberry_Pi/Pico_SDK_v1.5.1/pico-sdk/src/rp2_common/pico_runtime/runtime.c.obj
 *fill*         0x10007edd        0x3 
 .rodata._ftoa.str1.4
                0x10007ee0       0x15 i2c_tests/scan/CMakeFiles/i2c_bus_scan.dir/C_/Program_Files/Raspberry_Pi/Pico_SDK_v1.5.1/pico-sdk/src/rp2_common/pico_printf/printf.c.obj
 *fill*         0x10007ef5        0x3 
 .rodata._vsnprintf
                0x10007ef8      0x1e0 i2c_tests/scan/CMakeFiles/i2c_bus_scan.dir/C_/Program_Files/Raspberry_Pi/Pico_SDK_v1.5.1/pico-sdk/src/rp2_common/pico_printf/printf.c.obj
 .rodata.pow10.0
                0x100080d8       0x50 i2c_tests/scan/CMakeFiles/i2c_bus_scan.dir/C_/Program_Files/Raspberry_Pi/Pico_SDK_v1.5.1/pico-sdk/src/rp2_common/pico_printf/printf.c.obj
 .rodata.__aeabi_double_init.str1.4
                0x10008128       0xb8 i2c_tests/scan/CMakeFiles/i2c_bus_scan.dir/C_/Program_Files/Raspberry_Pi/Pico_SDK_v1.5.1/pico-sdk/src/rp2_common/pico_double/double_init_rom.c.obj
 .rodata.__func__.0
                0x100081e0       0x14 i2c_tests/scan/CMakeFiles/i2c_bus_scan.dir/C_/Program_Files/Raspberry_Pi/Pico_SDK_v1.5.1/pico-sdk/src/rp2_common/pico_double/double_init_rom.c.obj
 .rodata.__aeabi_float_init.str1.4
                0x100081f4       0x96 i2c_tests/scan/CMakeFiles/i2c_bus_scan.dir/C_/Program_Files/Raspberry_Pi/Pico_SDK_v1.5.1/pico-sdk/src/rp2_common/pico_float/float_init_rom.c.obj
                                 0x9a (size before relaxing)
 *fill*         0x1000828a        0x2 
 .rodata.__func__.0
                0x1000828c       0x13 i2c_tests/scan/CMakeFiles/i2c_bus_scan.dir/C_/Program_Files/Raspberry_Pi/Pico_SDK_v1.5.1/pico-sdk/src/rp2_common/pico_float/float_init_rom.c.obj
 *fill*         0x1000829f        0x1 
 .rodata.str1.4
                0x100082a0       0x44 i2c_tests/scan/CMakeFiles/i2c_bus_scan.dir/C_/Program_Files/Raspberry_Pi/Pico_SDK_v1.5.1/pico-sdk/src/rp2_common/pico_standard_link/binary_info.c.obj
 .rodata.__bi_44
                0x100082e4        0xc i2c_tests/scan/CMakeFiles/i2c_bus_scan.dir/C_/Program_Files/Raspberry_Pi/Pico_SDK_v1.5.1/pico-sdk/src/rp2_common/pico_standard_link/binary_info.c.obj
 .rodata.__bi_75
                0x100082f0        0xc i2c_tests/scan/CMakeFiles/i2c_bus_scan.dir/C_/Program_Files/Raspberry_Pi/Pico_SDK_v1.5.1/pico-sdk/src/rp2_common/pico_standard_link/binary_info.c.obj
 .rodata.__bi_81
                0x100082fc        0xc i2c_tests/scan/CMakeFiles/i2c_bus_scan.dir/C_/Program_Files/Raspberry_Pi/Pico_SDK_v1.5.1/pico-sdk/src/rp2_common/pico_standard_link/binary_info.c.obj
 .rodata.stdout_serialize_begin.str1.4
                0x10008308       0x7d i2c_tests/scan/CMakeFiles/i2c_bus_scan.dir/C_/Program_Files/Raspberry_Pi/Pico_SDK_v1.5.1/pico-sdk/src/rp2_common/pico_stdio/stdio.c.obj
 .rodata.__func__.3
                0x10008308       0x15 i2c_tests/scan/CMakeFiles/i2c_bus_scan.dir/C_/Program_Files/Raspberry_Pi/Pico_SDK_v1.5.1/pico-sdk/src/rp2_common/pico_stdio/stdio.c.obj
 *fill*         0x1000831d        0x3 
 .rodata.crlf_str.2
                0x10008320        0x2 i2c_tests/scan/CMakeFiles/i2c_bus_scan.dir/C_/Program_Files/Raspberry_Pi/Pico_SDK_v1.5.1/pico-sdk/src/rp2_common/pico_stdio/stdio.c.obj
 *fill*         0x10008322        0x2 
 .rodata._resetd_driver
                0x10008324       0x18 i2c_tests/scan/CMakeFiles/i2c_bus_scan.dir/C_/Program_Files/Raspberry_Pi/Pico_SDK_v1.5.1/pico-sdk/src/rp2_common/pico_stdio_usb/reset_interface.c.obj
 .rodata.low_priority_worker_irq.str1.4
                0x1000833c       0x7d i2c_tests/scan/CMakeFiles/i2c_bus_scan.dir/C_/Program_Files/Raspberry_Pi/Pico_SDK_v1.5.1/pico-sdk/src/rp2_common/pico_stdio_usb/stdio_usb.c.obj
 .rodata.stdio_usb_init.str1.4
                0x1000833c       0x61 i2c_tests/scan/CMakeFiles/i2c_bus_scan.dir/C_/Program_Files/Raspberry_Pi/Pico_SDK_v1.5.1/pico-sdk/src/rp2_common/pico_stdio_usb/stdio_usb.c.obj
                                 0x69 (size before relaxing)
 *fill*         0x1000839d        0x3 
 .rodata.str1.4
                0x100083a0       0x13 i2c_tests/scan/CMakeFiles/i2c_bus_scan.dir/C_/Program_Files/Raspberry_Pi/Pico_SDK_v1.5.1/pico-sdk/src/rp2_common/pico_stdio_usb/stdio_usb.c.obj
 *fill*         0x100083b3        0x1 
 .rodata.__bi_182.0
                0x100083b4        0xc i2c_tests/scan/CMakeFiles/i2c_bus_scan.dir/C_/Program_Files/Raspberry_Pi/Pico_SDK_v1.5.1/pico-sdk/src/rp2_common/pico_stdio_usb/stdio_usb.c.obj
 .rodata.__func__.1
                0x100083c0        0xf i2c_tests/scan/CMakeFiles/i2c_bus_scan.dir/C_/Program_Files/Raspberry_Pi/Pico_SDK_v1.5.1/pico-sdk/src/rp2_common/pico_stdio_usb/stdio_usb.c.obj
 *fill*         0x100083cf        0x1 
 .rodata.__func__.3
                0x100083d0       0x15 i2c_tests/scan/CMakeFiles/i2c_bus_scan.dir/C_/Program_Files/Raspberry_Pi/Pico_SDK_v1.5.1/pico-sdk/src/rp2_common/pico_stdio_usb/stdio_usb.c.obj
 *fill*         0x100083e5        0x3 
 .rodata.str1.4
                0x100083e8       0x2a i2c_tests/scan/CMakeFiles/i2c_bus_scan.dir/C_/Program_Files/Raspberry_Pi/Pico_SDK_v1.5.1/pico-sdk/src/rp2_common/pico_stdio_usb/stdio_usb_descriptors.c.obj
 *fill*         0x10008412        0x2 
 .rodata.usbd_desc_cfg
                0x10008414       0x54 i2c_tests/scan/CMakeFiles/i2c_bus_scan.dir/C_/Program_Files/Raspberry_Pi/Pico_SDK_v1.5.1/pico-sdk/src/rp2_common/pico_stdio_usb/stdio_usb_descriptors.c.obj
 .rodata.usbd_desc_device
                0x10008468       0x12 i2c_tests/scan/CMakeFiles/i2c_bus_scan.dir/C_/Program_Files/Raspberry_Pi/Pico_SDK_v1.5.1/pico-sdk/src/rp2_common/pico_stdio_usb/stdio_usb_descriptors.c.obj
 *fill*         0x1000847a        0x2 
 .rodata.usbd_desc_str
                0x1000847c       0x18 i2c_tests/scan/CMakeFiles/i2c_bus_scan.dir/C_/Program_Files/Raspberry_Pi/Pico_SDK_v1.5.1/pico-sdk/src/rp2_common/pico_stdio_usb/stdio_usb_descriptors.c.obj
 .rodata.pico_get_unique_board_id_string.str1.4
                0x10008494       0x69 i2c_tests/scan/CMakeFiles/i2c_bus_scan.dir/C_/Program_Files/Raspberry_Pi/Pico_SDK_v1.5.1/pico-sdk/src/rp2_common/pico_unique_id/unique_id.c.obj
 *fill*         0x100084fd        0x3 
 .rodata.__func__.0
                0x10008500       0x20 i2c_tests/scan/CMakeFiles/i2c_bus_scan.dir/C_/Program_Files/Raspberry_Pi/Pico_SDK_v1.5.1/pico-sdk/src/rp2_common/pico_unique_id/unique_id.c.obj
 .rodata.str1.4
                0x10008520      0x176 i2c_tests/scan/CMakeFiles/i2c_bus_scan.dir/C_/Program_Files/Raspberry_Pi/Pico_SDK_v1.5.1/pico-sdk/src/rp2_common/hardware_flash/flash.c.obj
 *fill*         0x10008696        0x2 
 .rodata.__func__.0
                0x10008698        0xd i2c_tests/scan/CMakeFiles/i2c_bus_scan.dir/C_/Program_Files/Raspberry_Pi/Pico_SDK_v1.5.1/pico-sdk/src/rp2_common/hardware_flash/flash.c.obj
 *fill*         0x100086a5        0x3 
 .rodata._hw_endpoint_alloc.str1.4
                0x100086a8       0xd1 i2c_tests/scan/CMakeFiles/i2c_bus_scan.dir/C_/Program_Files/Raspberry_Pi/Pico_SDK_v1.5.1/pico-sdk/lib/tinyusb/src/portable/raspberrypi/rp2040/dcd_rp2040.c.obj
 *fill*         0x10008779        0x3 
 .rodata.str1.4
                0x1000877c       0x14 i2c_tests/scan/CMakeFiles/i2c_bus_scan.dir/C_/Program_Files/Raspberry_Pi/Pico_SDK_v1.5.1/pico-sdk/lib/tinyusb/src/portable/raspberrypi/rp2040/dcd_rp2040.c.obj
 .rodata.dcd_int_enable.str1.4
                0x10008790        0xc i2c_tests/scan/CMakeFiles/i2c_bus_scan.dir/C_/Program_Files/Raspberry_Pi/Pico_SDK_v1.5.1/pico-sdk/lib/tinyusb/src/portable/raspberrypi/rp2040/dcd_rp2040.c.obj
 .rodata.__func__.0
                0x1000879c        0xe i2c_tests/scan/CMakeFiles/i2c_bus_scan.dir/C_/Program_Files/Raspberry_Pi/Pico_SDK_v1.5.1/pico-sdk/lib/tinyusb/src/portable/raspberrypi/rp2040/dcd_rp2040.c.obj
 *fill*         0x100087aa        0x2 
 .rodata.__func__.1
                0x100087ac        0xe i2c_tests/scan/CMakeFiles/i2c_bus_scan.dir/C_/Program_Files/Raspberry_Pi/Pico_SDK_v1.5.1/pico-sdk/lib/tinyusb/src/portable/raspberrypi/rp2040/dcd_rp2040.c.obj
 *fill*         0x100087ba        0x2 
 .rodata.__func__.3
                0x100087bc       0x10 i2c_tests/scan/CMakeFiles/i2c_bus_scan.dir/C_/Program_Files/Raspberry_Pi/Pico_SDK_v1.5.1/pico-sdk/lib/tinyusb/src/portable/raspberrypi/rp2040/dcd_rp2040.c.obj
 .rodata.__func__.5
                0x100087cc        0xf i2c_tests/scan/CMakeFiles/i2c_bus_scan.dir/C_/Program_Files/Raspberry_Pi/Pico_SDK_v1.5.1/pico-sdk/lib/tinyusb/src/portable/raspberrypi/rp2040/dcd_rp2040.c.obj
 *fill*         0x100087db        0x1 
 .rodata.__func__.6
                0x100087dc       0x13 i2c_tests/scan/CMakeFiles/i2c_bus_scan.dir/C_/Program_Files/Raspberry_Pi/Pico_SDK_v1.5.1/pico-sdk/lib/tinyusb/src/portable/raspberrypi/rp2040/dcd_rp2040.c.obj
 *fill*         0x100087ef        0x1 
 .rodata.__func__.7
                0x100087f0        0x9 i2c_tests/scan/CMakeFiles/i2c_bus_scan.dir/C_/Program_Files/Raspberry_Pi/Pico_SDK_v1.5.1/pico-sdk/lib/tinyusb/src/portable/raspberrypi/rp2040/dcd_rp2040.c.obj
 *fill*         0x100087f9        0x3 
 .rodata.str1.4
                0x100087fc      0x103 i2c_tests/scan/CMakeFiles/i2c_bus_scan.dir/C_/Program_Files/Raspberry_Pi/Pico_SDK_v1.5.1/pico-sdk/lib/tinyusb/src/portable/raspberrypi/rp2040/rp2040_usb.c.obj
 *fill*         0x100088ff        0x1 
 .rodata.__func__.0
                0x10008900        0xf i2c_tests/scan/CMakeFiles/i2c_bus_scan.dir/C_/Program_Files/Raspberry_Pi/Pico_SDK_v1.5.1/pico-sdk/lib/tinyusb/src/portable/raspberrypi/rp2040/rp2040_usb.c.obj
 *fill*         0x1000890f        0x1 
 .rodata.process_get_descriptor
                0x10008910       0x40 i2c_tests/scan/CMakeFiles/i2c_bus_scan.dir/C_/Program_Files/Raspberry_Pi/Pico_SDK_v1.5.1/pico-sdk/lib/tinyusb/src/device/usbd.c.obj
 .rodata.process_control_request
                0x10008950       0x28 i2c_tests/scan/CMakeFiles/i2c_bus_scan.dir/C_/Program_Files/Raspberry_Pi/Pico_SDK_v1.5.1/pico-sdk/lib/tinyusb/src/device/usbd.c.obj
 .rodata.tud_task_ext
                0x10008978       0x24 i2c_tests/scan/CMakeFiles/i2c_bus_scan.dir/C_/Program_Files/Raspberry_Pi/Pico_SDK_v1.5.1/pico-sdk/lib/tinyusb/src/device/usbd.c.obj
 .rodata._usbd_driver
                0x1000899c       0x18 i2c_tests/scan/CMakeFiles/i2c_bus_scan.dir/C_/Program_Files/Raspberry_Pi/Pico_SDK_v1.5.1/pico-sdk/lib/tinyusb/src/device/usbd.c.obj
 .rodata.i2c_set_baudrate.str1.4
                0x100089b4       0x79 i2c_tests/scan/CMakeFiles/i2c_bus_scan.dir/C_/Program_Files/Raspberry_Pi/Pico_SDK_v1.5.1/pico-sdk/src/rp2_common/hardware_i2c/i2c.c.obj
 *fill*         0x10008a2d        0x3 
 .rodata.__func__.0
                0x10008a30       0x11 i2c_tests/scan/CMakeFiles/i2c_bus_scan.dir/C_/Program_Files/Raspberry_Pi/Pico_SDK_v1.5.1/pico-sdk/src/rp2_common/hardware_i2c/i2c.c.obj
                0x10008a44                . = ALIGN (0x4)
 *fill*         0x10008a41        0x3 
 *(SORT_BY_ALIGNMENT(SORT_BY_NAME(.flashdata*)))
                0x10008a44                . = ALIGN (0x4)

.ARM.extab
 *(.ARM.extab* .gnu.linkonce.armextab.*)
                0x10008a44                __exidx_start = .

.ARM.exidx
 *(.ARM.exidx* .gnu.linkonce.armexidx.*)
                0x10008a44                __exidx_end = .
                0x10008a44                . = ALIGN (0x4)
                0x10008a44                __binary_info_start = .

.binary_info    0x10008a44       0x24
 *(.binary_info.keep.*)
 .binary_info.keep.__bi_ptr52
                0x10008a44        0x4 i2c_tests/scan/CMakeFiles/i2c_bus_scan.dir/scan.c.obj
 .binary_info.keep.__bi_ptr22
                0x10008a48        0x4 i2c_tests/scan/CMakeFiles/i2c_bus_scan.dir/C_/Program_Files/Raspberry_Pi/Pico_SDK_v1.5.1/pico-sdk/src/rp2_common/pico_standard_link/binary_info.c.obj
 .binary_info.keep.__bi_ptr30
                0x10008a4c        0x4 i2c_tests/scan/CMakeFiles/i2c_bus_scan.dir/C_/Program_Files/Raspberry_Pi/Pico_SDK_v1.5.1/pico-sdk/src/rp2_common/pico_standard_link/binary_info.c.obj
 .binary_info.keep.__bi_ptr38
                0x10008a50        0x4 i2c_tests/scan/CMakeFiles/i2c_bus_scan.dir/C_/Program_Files/Raspberry_Pi/Pico_SDK_v1.5.1/pico-sdk/src/rp2_common/pico_standard_link/binary_info.c.obj
 .binary_info.keep.__bi_ptr44