Archive member included to satisfy reference by file (symbol)

Battery_Software/lib/libmain.a(main.cpp.obj)
                              Battery_Software/boot/CMakeFiles/boot.dir/boot.cpp.obj (main_program(neopixel))
Battery_Software/lib/libneopixel.a(neopixel.cpp.obj)
                              Battery_Software/boot/CMakeFiles/boot.dir/boot.cpp.obj (neopixel::neopixel(pio_hw_t*, unsigned int))
Battery_Software/lib/libpysquared.a(pysquared.cpp.obj)
                              Battery_Software/lib/libmain.a(main.cpp.obj) (pysquared::check_reboot())
Battery_Software/lib/libfunctions.a(functions.cpp.obj)
                              Battery_Software/lib/libmain.a(main.cpp.obj) (satellite_functions::satellite_functions(pysquared&))
Battery_Software/lib/libina219.a(INA219.cpp.obj)
                              Battery_Software/lib/libpysquared.a(pysquared.cpp.obj) (INA219::INA219(i2c_inst*, unsigned char))
Battery_Software/lib/libpct2075.a(PCT2075.cpp.obj)
                              Battery_Software/lib/libpysquared.a(pysquared.cpp.obj) (PCT2075::PCT2075(i2c_inst*, unsigned char))
Battery_Software/lib/libpca9685.a(PCA9685.cpp.obj)
                              Battery_Software/lib/libpysquared.a(pysquared.cpp.obj) (PCA9685::PCA9685(i2c_inst*, unsigned char))
Battery_Software/lib/libads1015.a(ADS1015.cpp.obj)
                              Battery_Software/lib/libpysquared.a(pysquared.cpp.obj) (ADS1015::ADS1015(i2c_inst*, unsigned char))
Battery_Software/lib/libtools.a(tools.cpp.obj)
                              Battery_Software/lib/libmain.a(main.cpp.obj) (tools::tools(bool, char const*))
Battery_Software/lib/libbig_data.a(Big_Data.cpp.obj)
                              Battery_Software/lib/libfunctions.a(functions.cpp.obj) (Big_Data::Big_Data(i2c_inst*, TCA9548A&))
Battery_Software/lib/libtca9548a.a(TCA9548A.cpp.obj)
                              Battery_Software/lib/libpysquared.a(pysquared.cpp.obj) (TCA9548A::TCA9548A(i2c_inst*, unsigned char))
Battery_Software/lib/libmcp9808.a(MCP9808.cpp.obj)
                              Battery_Software/lib/libbig_data.a(Big_Data.cpp.obj) (MCP9808::MCP9808(i2c_inst*, unsigned char))
Battery_Software/lib/libveml7700.a(VEML7700.cpp.obj)
                              Battery_Software/lib/libbig_data.a(Big_Data.cpp.obj) (VEML7700::VEML7700(i2c_inst*, unsigned char))
Battery_Software/lib/libdrv2605.a(DRV2605.cpp.obj)
                              Battery_Software/lib/libbig_data.a(Big_Data.cpp.obj) (DRV2605::DRV2605(i2c_inst*, unsigned char))
c:/progra~1/raspbe~1/picosd~1.1/gcc-ar~1/bin/../lib/gcc/arm-none-eabi/10.3.1/../../../../arm-none-eabi/lib/thumb/v6-m/nofp\libstdc++.a(eh_arm.o)
                              Battery_Software/lib/libpysquared.a(pysquared.cpp.obj) (__cxa_end_cleanup)
c:/progra~1/raspbe~1/picosd~1.1/gcc-ar~1/bin/../lib/gcc/arm-none-eabi/10.3.1/../../../../arm-none-eabi/lib/thumb/v6-m/nofp\libstdc++.a(eh_catch.o)
                              Battery_Software/lib/libpysquared.a(pysquared.cpp.obj) (__cxa_begin_catch)
c:/progra~1/raspbe~1/picosd~1.1/gcc-ar~1/bin/../lib/gcc/arm-none-eabi/10.3.1/../../../../arm-none-eabi/lib/thumb/v6-m/nofp\libstdc++.a(eh_exception.o)
                              c:/progra~1/raspbe~1/picosd~1.1/gcc-ar~1/bin/../lib/gcc/arm-none-eabi/10.3.1/../../../../arm-none-eabi/lib/thumb/v6-m/nofp\libstdc++.a(eh_arm.o) (typeinfo for __cxxabiv1::__forced_unwind)
c:/progra~1/raspbe~1/picosd~1.1/gcc-ar~1/bin/../lib/gcc/arm-none-eabi/10.3.1/../../../../arm-none-eabi/lib/thumb/v6-m/nofp\libstdc++.a(eh_globals.o)
                              c:/progra~1/raspbe~1/picosd~1.1/gcc-ar~1/bin/../lib/gcc/arm-none-eabi/10.3.1/../../../../arm-none-eabi/lib/thumb/v6-m/nofp\libstdc++.a(eh_catch.o) (__cxa_get_globals_fast)
c:/progra~1/raspbe~1/picosd~1.1/gcc-ar~1/bin/../lib/gcc/arm-none-eabi/10.3.1/../../../../arm-none-eabi/lib/thumb/v6-m/nofp\libstdc++.a(eh_personality.o)
                              Battery_Software/lib/libpysquared.a(pysquared.cpp.obj) (__gxx_personality_v0)
c:/progra~1/raspbe~1/picosd~1.1/gcc-ar~1/bin/../lib/gcc/arm-none-eabi/10.3.1/../../../../arm-none-eabi/lib/thumb/v6-m/nofp\libstdc++.a(eh_terminate.o)
                              c:/progra~1/raspbe~1/picosd~1.1/gcc-ar~1/bin/../lib/gcc/arm-none-eabi/10.3.1/../../../../arm-none-eabi/lib/thumb/v6-m/nofp\libstdc++.a(eh_arm.o) (std::terminate())
c:/progra~1/raspbe~1/picosd~1.1/gcc-ar~1/bin/../lib/gcc/arm-none-eabi/10.3.1/../../../../arm-none-eabi/lib/thumb/v6-m/nofp\libstdc++.a(eh_unex_handler.o)
                              c:/progra~1/raspbe~1/picosd~1.1/gcc-ar~1/bin/../lib/gcc/arm-none-eabi/10.3.1/../../../../arm-none-eabi/lib/thumb/v6-m/nofp\libstdc++.a(eh_terminate.o) (__cxxabiv1::__unexpected_handler)
c:/progra~1/raspbe~1/picosd~1.1/gcc-ar~1/bin/../lib/gcc/arm-none-eabi/10.3.1/../../../../arm-none-eabi/lib/thumb/v6-m/nofp\libstdc++.a(pure.o)
[...]
Memory Configuration

Name             Origin             Length             Attributes
FLASH            0x10000000         0x00200000         xr
RAM              0x20000000         0x00040000         xrw
SCRATCH_X        0x20040000         0x00001000         xrw
SCRATCH_Y        0x20041000         0x00001000         xrw
*default*        0x00000000         0xffffffff

Linker script and memory map

LOAD c:/progra~1/raspbe~1/picosd~1.1/gcc-ar~1/bin/../lib/gcc/arm-none-eabi/10.3.1/thumb/v6-m/nofp/crti.o
LOAD c:/progra~1/raspbe~1/picosd~1.1/gcc-ar~1/bin/../lib/gcc/arm-none-eabi/10.3.1/thumb/v6-m/nofp/crtbegin.o
LOAD c:/progra~1/raspbe~1/picosd~1.1/gcc-ar~1/bin/../lib/gcc/arm-none-eabi/10.3.1/../../../../arm-none-eabi/lib/thumb/v6-m/nofp/crt0.o

.flash_begin    0x10000000        0x0
                0x10000000                __flash_binary_start = .

.boot2          0x10000000      0x100
                0x10000000                __boot2_start__ = .
 *(.boot2)
 .boot2         0x10000000      0x100 C:\Users\nicol\AppData\Local\Temp\ccgjXqft.o
                0x10000100                __boot2_end__ = .
                0x00000001                ASSERT (((__boot2_end__ - __boot2_start__) == 0x100), ERROR: Pico second stage bootloader must be 256 bytes in size)

.text           0x10000100    0x121e8
                0x10000100                __logical_binary_start = .
 *(.vectors)
 .vectors       0x10000100       0xd4 Battery_Software/boot/CMakeFiles/boot.dir/C_/Program_Files/Raspberry_Pi/Pico_SDK_v1.5.1/pico-sdk/src/rp2_common/pico_standard_link/crt0.S.obj
                0x10000100                __VECTOR_TABLE
                0x10000100                __vectors
                0x100001c0                isr_invalid
                0x100001c0                __default_isrs_start
                0x100001c2                isr_nmi
                0x100001c4                isr_hardfault
                0x100001c6                isr_svcall
                0x100001c8                isr_pendsv
                0x100001ca                isr_systick
                0x100001cc                isr_irq23
                0x100001cc                isr_irq18
                0x100001cc                isr_irq11
                0x100001cc                isr_irq28
                0x100001cc                isr_irq19
                0x100001cc                isr_irq0
                0x100001cc                isr_irq6
                0x100001cc                isr_irq5
                0x100001cc                isr_irq12
                0x100001cc                isr_irq22
                0x100001cc                isr_irq31
                0x100001cc                isr_irq17
                0x100001cc                isr_irq27
                0x100001cc                isr_irq30
                0x100001cc                isr_irq2
                0x100001cc                isr_irq10
                0x100001cc                isr_irq8
                0x100001cc                isr_irq24
                0x100001cc                isr_irq1
                0x100001cc                isr_irq7
                0x100001cc                isr_irq21
                0x100001cc                isr_irq20
                0x100001cc                isr_irq15
                0x100001cc                isr_irq25
                0x100001cc                isr_irq13
                0x100001cc                __unhandled_user_irq
                0x100001cc                isr_irq4
                0x100001cc                isr_irq16
                0x100001cc                isr_irq29
                0x100001cc                isr_irq26
                0x100001cc                __default_isrs_end
                0x100001cc                isr_irq3
                0x100001cc                isr_irq14
                0x100001cc                isr_irq9
                0x100001d2                unhandled_user_irq_num_in_r0
 *(.binary_info_header)
 .binary_info_header
                0x100001d4       0x14 Battery_Software/boot/CMakeFiles/boot.dir/C_/Program_Files/Raspberry_Pi/Pico_SDK_v1.5.1/pico-sdk/src/rp2_common/pico_standard_link/crt0.S.obj
                0x100001e8                __binary_info_header_end = .
 *(.reset)
 .reset         0x100001e8       0xa0 Battery_Software/boot/CMakeFiles/boot.dir/C_/Program_Files/Raspberry_Pi/Pico_SDK_v1.5.1/pico-sdk/src/rp2_common/pico_standard_link/crt0.S.obj
                0x100001e8                _entry_point
 .reset         0x10000288       0x30 Battery_Software/boot/CMakeFiles/boot.dir/C_/Program_Files/Raspberry_Pi/Pico_SDK_v1.5.1/pico-sdk/src/rp2_common/pico_standard_link/binary_info.c.obj
 *(.init)
 .init          0x100002b8        0x4 c:/progra~1/raspbe~1/picosd~1.1/gcc-ar~1/bin/../lib/gcc/arm-none-eabi/10.3.1/thumb/v6-m/nofp/crti.o
                0x100002b8                _init
 *(EXCLUDE_FILE(*libm.a: *libc.a:*lib_a-mem*.o *libgcc.a:) .text*)
 .text          0x100002bc       0x48 c:/progra~1/raspbe~1/picosd~1.1/gcc-ar~1/bin/../lib/gcc/arm-none-eabi/10.3.1/thumb/v6-m/nofp/crtbegin.o
 .text.sm_config_set_clkdiv
                0x10000304       0x3c Battery_Software/boot/CMakeFiles/boot.dir/boot.cpp.obj
 .text._Z18blink_program_initP8pio_hw_tjjjf
                0x10000340       0xbc Battery_Software/boot/CMakeFiles/boot.dir/boot.cpp.obj
                0x10000340                blink_program_init(pio_hw_t*, unsigned int, unsigned int, unsigned int, float)
 .text._Z21generate_blink_pio_smP8pio_hw_tjjjf
                0x100003fc       0x48 Battery_Software/boot/CMakeFiles/boot.dir/boot.cpp.obj
                0x100003fc                generate_blink_pio_sm(pio_hw_t*, unsigned int, unsigned int, unsigned int, float)
 .text.main     0x10000444      0x18c Battery_Software/boot/CMakeFiles/boot.dir/boot.cpp.obj
                0x10000444                main
 .text.gpio_set_function
                0x100005d0       0x30 Battery_Software/boot/CMakeFiles/boot.dir/C_/Program_Files/Raspberry_Pi/Pico_SDK_v1.5.1/pico-sdk/src/rp2_common/hardware_gpio/gpio.c.obj
                0x100005d0                gpio_set_function
 .text.gpio_init
                0x10000600       0x16 Battery_Software/boot/CMakeFiles/boot.dir/C_/Program_Files/Raspberry_Pi/Pico_SDK_v1.5.1/pico-sdk/src/rp2_common/hardware_gpio/gpio.c.obj
                0x10000600                gpio_init
 *fill*         0x10000616        0x2 
 .text.running_on_fpga
                0x10000618       0x14 Battery_Software/boot/CMakeFiles/boot.dir/C_/Program_Files/Raspberry_Pi/Pico_SDK_v1.5.1/pico-sdk/src/rp2_common/pico_platform/platform.c.obj
                0x10000618                running_on_fpga
 .text.hw_claim_lock
                0x1000062c       0x18 Battery_Software/boot/CMakeFiles/boot.dir/C_/Program_Files/Raspberry_Pi/Pico_SDK_v1.5.1/pico-sdk/src/rp2_common/hardware_claim/claim.c.obj
                0x1000062c                hw_claim_lock
 .text.hw_claim_unlock
                0x10000644       0x14 Battery_Software/boot/CMakeFiles/boot.dir/C_/Program_Files/Raspberry_Pi/Pico_SDK_v1.5.1/pico-sdk/src/rp2_common/hardware_claim/claim.c.obj
                0x10000644                hw_claim_unlock
 .text.hw_claim_or_assert
                0x10000658       0x32 Battery_Software/boot/CMakeFiles/boot.dir/C_/Program_Files/Raspberry_Pi/Pico_SDK_v1.5.1/pico-sdk/src/rp2_common/hardware_claim/claim.c.obj
                0x10000658                hw_claim_or_assert
 .text.hw_claim_unused_from_range
                0x1000068a       0x50 Battery_Software/boot/CMakeFiles/boot.dir/C_/Program_Files/Raspberry_Pi/Pico_SDK_v1.5.1/pico-sdk/src/rp2_common/hardware_claim/claim.c.obj
                0x1000068a                hw_claim_unused_from_range
 *fill*         0x100006da        0x2 
 .text.spin_locks_reset
                0x100006dc       0x20 Battery_Software/boot/CMakeFiles/boot.dir/C_/Program_Files/Raspberry_Pi/Pico_SDK_v1.5.1/pico-sdk/src/rp2_common/hardware_sync/sync.c.obj
                0x100006dc                spin_locks_reset
 .text.next_striped_spin_lock_num
                0x100006fc       0x1c Battery_Software/boot/CMakeFiles/boot.dir/C_/Program_Files/Raspberry_Pi/Pico_SDK_v1.5.1/pico-sdk/src/rp2_common/hardware_sync/sync.c.obj
                0x100006fc                next_striped_spin_lock_num
 .text.spin_lock_claim_unused
                0x10000718       0x20 Battery_Software/boot/CMakeFiles/boot.dir/C_/Program_Files/Raspberry_Pi/Pico_SDK_v1.5.1/pico-sdk/src/rp2_common/hardware_sync/sync.c.obj
                0x10000718                spin_lock_claim_unused
 .text.set_raw_irq_handler_and_unlock
                0x10000738       0x28 Battery_Software/boot/CMakeFiles/boot.dir/C_/Program_Files/Raspberry_Pi/Pico_SDK_v1.5.1/pico-sdk/src/rp2_common/hardware_irq/irq.c.obj
 .text.make_branch
                0x10000760       0x48 Battery_Software/boot/CMakeFiles/boot.dir/C_/Program_Files/Raspberry_Pi/Pico_SDK_v1.5.1/pico-sdk/src/rp2_common/hardware_irq/irq.c.obj
 .text.insert_branch_and_link
                0x100007a8       0x40 Battery_Software/boot/CMakeFiles/boot.dir/C_/Program_Files/Raspberry_Pi/Pico_SDK_v1.5.1/pico-sdk/src/rp2_common/hardware_irq/irq.c.obj
 .text.irq_is_enabled
                0x100007e8       0x18 Battery_Software/boot/CMakeFiles/boot.dir/C_/Program_Files/Raspberry_Pi/Pico_SDK_v1.5.1/pico-sdk/src/rp2_common/hardware_irq/irq.c.obj
                0x100007e8                irq_is_enabled
 .text.irq_set_mask_enabled
                0x10000800       0x20 Battery_Software/boot/CMakeFiles/boot.dir/C_/Program_Files/Raspberry_Pi/Pico_SDK_v1.5.1/pico-sdk/src/rp2_common/hardware_irq/irq.c.obj
                0x10000800                irq_set_mask_enabled
 .text.irq_set_enabled
                0x10000820        0xe Battery_Software/boot/CMakeFiles/boot.dir/C_/Program_Files/Raspberry_Pi/Pico_SDK_v1.5.1/pico-sdk/src/rp2_common/hardware_irq/irq.c.obj
                0x10000820                irq_set_enabled
 *fill*         0x1000082e        0x2 
 .text.irq_set_pending
                0x10000830       0x10 Battery_Software/boot/CMakeFiles/boot.dir/C_/Program_Files/Raspberry_Pi/Pico_SDK_v1.5.1/pico-sdk/src/rp2_common/hardware_irq/irq.c.obj
                0x10000830                irq_set_pending
 .text.irq_get_vtable_handler
                0x10000840       0x10 Battery_Software/boot/CMakeFiles/boot.dir/C_/Program_Files/Raspberry_Pi/Pico_SDK_v1.5.1/pico-sdk/src/rp2_common/hardware_irq/irq.c.obj
                0x10000840                irq_get_vtable_handler
 .text.irq_has_shared_handler
                0x10000850       0x24 Battery_Software/boot/CMakeFiles/boot.dir/C_/Program_Files/Raspberry_Pi/Pico_SDK_v1.5.1/pico-sdk/src/rp2_common/hardware_irq/irq.c.obj
                0x10000850                irq_has_shared_handler
 .text.irq_set_exclusive_handler
                0x10000874       0x54 Battery_Software/boot/CMakeFiles/boot.dir/C_/Program_Files/Raspberry_Pi/Pico_SDK_v1.5.1/pico-sdk/src/rp2_common/hardware_irq/irq.c.obj
                0x10000874                irq_set_exclusive_handler
 .text.irq_add_shared_handler
                0x100008c8      0x234 Battery_Software/boot/CMakeFiles/boot.dir/C_/Program_Files/Raspberry_Pi/Pico_SDK_v1.5.1/pico-sdk/src/rp2_common/hardware_irq/irq.c.obj
                0x100008c8                irq_add_shared_handler
 .text.irq_remove_handler
                0x10000afc      0x1ac Battery_Software/boot/CMakeFiles/boot.dir/C_/Program_Files/Raspberry_Pi/Pico_SDK_v1.5.1/pico-sdk/src/rp2_common/hardware_irq/irq.c.obj
                0x10000afc                irq_remove_handler
 .text.irq_add_tail_to_free_list
                0x10000ca8       0xf0 Battery_Software/boot/CMakeFiles/boot.dir/C_/Program_Files/Raspberry_Pi/Pico_SDK_v1.5.1/pico-sdk/src/rp2_common/hardware_irq/irq.c.obj
                0x10000ca8                irq_add_tail_to_free_list
 .text.irq_init_priorities
                0x10000d98       0x1c Battery_Software/boot/CMakeFiles/boot.dir/C_/Program_Files/Raspberry_Pi/Pico_SDK_v1.5.1/pico-sdk/src/rp2_common/hardware_irq/irq.c.obj
                0x10000d98                irq_init_priorities
 .text.user_irq_claim_unused
                0x10000db4       0x28 Battery_Software/boot/CMakeFiles/boot.dir/C_/Program_Files/Raspberry_Pi/Pico_SDK_v1.5.1/pico-sdk/src/rp2_common/hardware_irq/irq.c.obj
                0x10000db4                user_irq_claim_unused
 .text.lock_init
                0x10000ddc       0x10 Battery_Software/boot/CMakeFiles/boot.dir/C_/Program_Files/Raspberry_Pi/Pico_SDK_v1.5.1/pico-sdk/src/common/pico_sync/lock_core.c.obj
                0x10000ddc                lock_init
 .text.mutex_init
                0x10000dec       0x1a Battery_Software/boot/CMakeFiles/boot.dir/C_/Program_Files/Raspberry_Pi/Pico_SDK_v1.5.1/pico-sdk/src/common/pico_sync/mutex.c.obj
                0x10000dec                mutex_init
 .text.recursive_mutex_init
                0x10000e06       0x1e Battery_Software/boot/CMakeFiles/boot.dir/C_/Program_Files/Raspberry_Pi/Pico_SDK_v1.5.1/pico-sdk/src/common/pico_sync/mutex.c.obj
                0x10000e06                recursive_mutex_init
 .text.critical_section_init_with_lock_num
                0x10000e24       0x14 Battery_Software/boot/CMakeFiles/boot.dir/C_/Program_Files/Raspberry_Pi/Pico_SDK_v1.5.1/pico-sdk/src/common/pico_sync/critical_section.c.obj
                0x10000e24                critical_section_init_with_lock_num
 .text.critical_section_init
                0x10000e38       0x14 Battery_Software/boot/CMakeFiles/boot.dir/C_/Program_Files/Raspberry_Pi/Pico_SDK_v1.5.1/pico-sdk/src/common/pico_sync/critical_section.c.obj
                0x10000e38                critical_section_init
 .text.alarm_pool_post_alloc_init
                0x10000e4c       0x40 Battery_Software/boot/CMakeFiles/boot.dir/C_/Program_Files/Raspberry_Pi/Pico_SDK_v1.5.1/pico-sdk/src/common/pico_time/time.c.obj
 .text.sleep_until_callback
                0x10000e8c       0x30 Battery_Software/boot/CMakeFiles/boot.dir/C_/Program_Files/Raspberry_Pi/Pico_SDK_v1.5.1/pico-sdk/src/common/pico_time/time.c.obj
 .text.timer_pool_entry_comparator
                0x10000ebc       0x7c Battery_Software/boot/CMakeFiles/boot.dir/C_/Program_Files/Raspberry_Pi/Pico_SDK_v1.5.1/pico-sdk/src/common/pico_time/time.c.obj
                0x10000ebc                timer_pool_entry_comparator
 .text.ph_add_child_node
                0x10000f38       0xa4 Battery_Software/boot/CMakeFiles/boot.dir/C_/Program_Files/Raspberry_Pi/Pico_SDK_v1.5.1/pico-sdk/src/common/pico_time/time.c.obj
 .text.ph_merge_nodes
                0x10000fdc       0x3e Battery_Software/boot/CMakeFiles/boot.dir/C_/Program_Files/Raspberry_Pi/Pico_SDK_v1.5.1/pico-sdk/src/common/pico_time/time.c.obj
 *fill*         0x1000101a        0x2 
 .text.add_alarm_under_lock
                0x1000101c      0x174 Battery_Software/boot/CMakeFiles/boot.dir/C_/Program_Files/Raspberry_Pi/Pico_SDK_v1.5.1/pico-sdk/src/common/pico_time/time.c.obj
 .text.alarm_pool_alarm_callback
                0x10001190      0x33c Battery_Software/boot/CMakeFiles/boot.dir/C_/Program_Files/Raspberry_Pi/Pico_SDK_v1.5.1/pico-sdk/src/common/pico_time/time.c.obj
 .text.alarm_pool_init_default
                0x100014cc       0x40 Battery_Software/boot/CMakeFiles/boot.dir/C_/Program_Files/Raspberry_Pi/Pico_SDK_v1.5.1/pico-sdk/src/common/pico_time/time.c.obj
                0x100014cc                alarm_pool_init_default
 .text.alarm_pool_get_default
                0x1000150c       0x2c Battery_Software/boot/CMakeFiles/boot.dir/C_/Program_Files/Raspberry_Pi/Pico_SDK_v1.5.1/pico-sdk/src/common/pico_time/time.c.obj
                0x1000150c                alarm_pool_get_default
 .text.alarm_pool_add_alarm_at
                0x10001538      0x168 Battery_Software/boot/CMakeFiles/boot.dir/C_/Program_Files/Raspberry_Pi/Pico_SDK_v1.5.1/pico-sdk/src/common/pico_time/time.c.obj
                0x10001538                alarm_pool_add_alarm_at
 .text.alarm_pool_cancel_alarm
                0x100016a0       0xf8 Battery_Software/boot/CMakeFiles/boot.dir/C_/Program_Files/Raspberry_Pi/Pico_SDK_v1.5.1/pico-sdk/src/common/pico_time/time.c.obj
                0x100016a0                alarm_pool_cancel_alarm
 .text.alarm_pool_core_num
                0x10001798        0x4 Battery_Software/boot/CMakeFiles/boot.dir/C_/Program_Files/Raspberry_Pi/Pico_SDK_v1.5.1/pico-sdk/src/common/pico_time/time.c.obj
                0x10001798                alarm_pool_core_num
 .text.sleep_until
                0x1000179c       0xfc Battery_Software/boot/CMakeFiles/boot.dir/C_/Program_Files/Raspberry_Pi/Pico_SDK_v1.5.1/pico-sdk/src/common/pico_time/time.c.obj
                0x1000179c                sleep_until
 .text.sleep_us
                0x10001898       0x58 Battery_Software/boot/CMakeFiles/boot.dir/C_/Program_Files/Raspberry_Pi/Pico_SDK_v1.5.1/pico-sdk/src/common/pico_time/time.c.obj
                0x10001898                sleep_us
 .text.sleep_ms
                0x100018f0       0x14 Battery_Software/boot/CMakeFiles/boot.dir/C_/Program_Files/Raspberry_Pi/Pico_SDK_v1.5.1/pico-sdk/src/common/pico_time/time.c.obj
                0x100018f0                sleep_ms
 .text.best_effort_wfe_or_timeout
                0x10001904       0xac Battery_Software/boot/CMakeFiles/boot.dir/C_/Program_Files/Raspberry_Pi/Pico_SDK_v1.5.1/pico-sdk/src/common/pico_time/time.c.obj
                0x10001904                best_effort_wfe_or_timeout
 .text.check_single_timeout_us
                0x100019b0       0x2c Battery_Software/boot/CMakeFiles/boot.dir/C_/Program_Files/Raspberry_Pi/Pico_SDK_v1.5.1/pico-sdk/src/common/pico_time/timeout_helper.c.obj
 .text.init_single_timeout_until
                0x100019dc        0xc Battery_Software/boot/CMakeFiles/boot.dir/C_/Program_Files/Raspberry_Pi/Pico_SDK_v1.5.1/pico-sdk/src/common/pico_time/timeout_helper.c.obj
                0x100019dc                init_single_timeout_until
 .text.hardware_alarm_irq_handler
                0x100019e8       0x90 Battery_Software/boot/CMakeFiles/boot.dir/C_/Program_Files/Raspberry_Pi/Pico_SDK_v1.5.1/pico-sdk/src/rp2_common/hardware_timer/timer.c.obj
 .text.hardware_alarm_claim
                0x10001a78       0x18 Battery_Software/boot/CMakeFiles/boot.dir/C_/Program_Files/Raspberry_Pi/Pico_SDK_v1.5.1/pico-sdk/src/rp2_common/hardware_timer/timer.c.obj
                0x10001a78                hardware_alarm_claim
 .text.time_us_64
                0x10001a90       0x18 Battery_Software/boot/CMakeFiles/boot.dir/C_/Program_Files/Raspberry_Pi/Pico_SDK_v1.5.1/pico-sdk/src/rp2_common/hardware_timer/timer.c.obj
                0x10001a90                time_us_64
 .text.busy_wait_until
                0x10001aa8       0x28 Battery_Software/boot/CMakeFiles/boot.dir/C_/Program_Files/Raspberry_Pi/Pico_SDK_v1.5.1/pico-sdk/src/rp2_common/hardware_timer/timer.c.obj
                0x10001aa8                busy_wait_until
 .text.busy_wait_us
                0x10001ad0       0x48 Battery_Software/boot/CMakeFiles/boot.dir/C_/Program_Files/Raspberry_Pi/Pico_SDK_v1.5.1/pico-sdk/src/rp2_common/hardware_timer/timer.c.obj
                0x10001ad0                busy_wait_us
 .text.hardware_alarm_set_callback
                0x10001b18       0x90 Battery_Software/boot/CMakeFiles/boot.dir/C_/Program_Files/Raspberry_Pi/Pico_SDK_v1.5.1/pico-sdk/src/rp2_common/hardware_timer/timer.c.obj
                0x10001b18                hardware_alarm_set_callback
 .text.hardware_alarm_set_target
                0x10001ba8       0xe8 Battery_Software/boot/CMakeFiles/boot.dir/C_/Program_Files/Raspberry_Pi/Pico_SDK_v1.5.1/pico-sdk/src/rp2_common/hardware_timer/timer.c.obj
                0x10001ba8                hardware_alarm_set_target
 .text.hardware_alarm_cancel
                0x10001c90       0x40 Battery_Software/boot/CMakeFiles/boot.dir/C_/Program_Files/Raspberry_Pi/Pico_SDK_v1.5.1/pico-sdk/src/rp2_common/hardware_timer/timer.c.obj
                0x10001c90                hardware_alarm_cancel
 .text.ph_add_child_node
                0x10001cd0       0xa4 Battery_Software/boot/CMakeFiles/boot.dir/C_/Program_Files/Raspberry_Pi/Pico_SDK_v1.5.1/pico-sdk/src/common/pico_util/pheap.c.obj
 .text.ph_merge_nodes
                0x10001d74       0x3e Battery_Software/boot/CMakeFiles/boot.dir/C_/Program_Files/Raspberry_Pi/Pico_SDK_v1.5.1/pico-sdk/src/common/pico_util/pheap.c.obj
 *fill*         0x10001db2        0x2 
 .text.ph_clear
                0x10001db4       0x70 Battery_Software/boot/CMakeFiles/boot.dir/C_/Program_Files/Raspberry_Pi/Pico_SDK_v1.5.1/pico-sdk/src/common/pico_util/pheap.c.obj
                0x10001db4                ph_clear
 .text.ph_post_alloc_init
                0x10001e24        0xe Battery_Software/boot/CMakeFiles/boot.dir/C_/Program_Files/Raspberry_Pi/Pico_SDK_v1.5.1/pico-sdk/src/common/pico_util/pheap.c.obj
                0x10001e24                ph_post_alloc_init
 *fill*         0x10001e32        0x2 
 .text.ph_merge_two_pass
                0x10001e34       0xa8 Battery_Software/boot/CMakeFiles/boot.dir/C_/Program_Files/Raspberry_Pi/Pico_SDK_v1.5.1/pico-sdk/src/common/pico_util/pheap.c.obj
                0x10001e34                ph_merge_two_pass
 .text.ph_remove_any_head
                0x10001edc      0x128 Battery_Software/boot/CMakeFiles/boot.dir/C_/Program_Files/Raspberry_Pi/Pico_SDK_v1.5.1/pico-sdk/src/common/pico_util/pheap.c.obj
 .text.ph_remove_head
                0x10002004       0x14 Battery_Software/boot/CMakeFiles/boot.dir/C_/Program_Files/Raspberry_Pi/Pico_SDK_v1.5.1/pico-sdk/src/common/pico_util/pheap.c.obj
                0x10002004                ph_remove_head
 .text.ph_remove_and_free_node
                0x10002018       0xf8 Battery_Software/boot/CMakeFiles/boot.dir/C_/Program_Files/Raspberry_Pi/Pico_SDK_v1.5.1/pico-sdk/src/common/pico_util/pheap.c.obj
                0x10002018                ph_remove_and_free_node
 .text.clock_configure
                0x10002110      0x108 Battery_Software/boot/CMakeFiles/boot.dir/C_/Program_Files/Raspberry_Pi/Pico_SDK_v1.5.1/pico-sdk/src/rp2_common/hardware_clocks/clocks.c.obj
                0x10002110                clock_configure
 .text.clocks_init
                0x10002218      0x100 Battery_Software/boot/CMakeFiles/boot.dir/C_/Program_Files/Raspberry_Pi/Pico_SDK_v1.5.1/pico-sdk/src/rp2_common/hardware_clocks/clocks.c.obj
                0x10002218                clocks_init
 .text.clock_get_hz
                0x10002318        0xc Battery_Software/boot/CMakeFiles/boot.dir/C_/Program_Files/Raspberry_Pi/Pico_SDK_v1.5.1/pico-sdk/src/rp2_common/hardware_clocks/clocks.c.obj
                0x10002318                clock_get_hz
 .text.pll_init
                0x10002324      0x120 Battery_Software/boot/CMakeFiles/boot.dir/C_/Program_Files/Raspberry_Pi/Pico_SDK_v1.5.1/pico-sdk/src/rp2_common/hardware_pll/pll.c.obj
                0x10002324                pll_init
 .text.watchdog_start_tick
                0x10002444       0x10 Battery_Software/boot/CMakeFiles/boot.dir/C_/Program_Files/Raspberry_Pi/Pico_SDK_v1.5.1/pico-sdk/src/rp2_common/hardware_watchdog/watchdog.c.obj
                0x10002444                watchdog_start_tick
 .text.watchdog_update
                0x10002454       0x14 Battery_Software/boot/CMakeFiles/boot.dir/C_/Program_Files/Raspberry_Pi/Pico_SDK_v1.5.1/pico-sdk/src/rp2_common/hardware_watchdog/watchdog.c.obj
                0x10002454                watchdog_update
 .text._watchdog_enable
                0x10002468       0x78 Battery_Software/boot/CMakeFiles/boot.dir/C_/Program_Files/Raspberry_Pi/Pico_SDK_v1.5.1/pico-sdk/src/rp2_common/hardware_watchdog/watchdog.c.obj
                0x10002468                _watchdog_enable
 .text.watchdog_reboot
                0x100024e0       0x48 Battery_Software/boot/CMakeFiles/boot.dir/C_/Program_Files/Raspberry_Pi/Pico_SDK_v1.5.1/pico-sdk/src/rp2_common/hardware_watchdog/watchdog.c.obj
                0x100024e0                watchdog_reboot
 .text.xosc_init
                0x10002528       0x28 Battery_Software/boot/CMakeFiles/boot.dir/C_/Program_Files/Raspberry_Pi/Pico_SDK_v1.5.1/pico-sdk/src/rp2_common/hardware_xosc/xosc.c.obj
                0x10002528                xosc_init
 .text._exit    0x10002550        0x4 Battery_Software/boot/CMakeFiles/boot.dir/C_/Program_Files/Raspberry_Pi/Pico_SDK_v1.5.1/pico-sdk/src/rp2_common/pico_runtime/runtime.c.obj
                0x10002550                _exit
 .text._sbrk    0x10002554       0x38 Battery_Software/boot/CMakeFiles/boot.dir/C_/Program_Files/Raspberry_Pi/Pico_SDK_v1.5.1/pico-sdk/src/rp2_common/pico_runtime/runtime.c.obj
                0x10002554                _sbrk
 .text._getpid  0x1000258c        0x4 Battery_Software/boot/CMakeFiles/boot.dir/C_/Program_Files/Raspberry_Pi/Pico_SDK_v1.5.1/pico-sdk/src/rp2_common/pico_runtime/runtime.c.obj
                0x1000258c                _getpid
 .text._kill    0x10002590        0x6 Battery_Software/boot/CMakeFiles/boot.dir/C_/Program_Files/Raspberry_Pi/Pico_SDK_v1.5.1/pico-sdk/src/rp2_common/pico_runtime/runtime.c.obj
                0x10002590                _kill
 .text.exit     0x10002596        0x6 Battery_Software/boot/CMakeFiles/boot.dir/C_/Program_Files/Raspberry_Pi/Pico_SDK_v1.5.1/pico-sdk/src/rp2_common/pico_runtime/runtime.c.obj
                0x10002596                exit
 .text.__assert_func
                0x1000259c       0x3c Battery_Software/boot/CMakeFiles/boot.dir/C_/Program_Files/Raspberry_Pi/Pico_SDK_v1.5.1/pico-sdk/src/rp2_common/pico_runtime/runtime.c.obj
                0x1000259c                __assert_func
 .text.runtime_init
                0x100025d8       0xf8 Battery_Software/boot/CMakeFiles/boot.dir/C_/Program_Files/Raspberry_Pi/Pico_SDK_v1.5.1/pico-sdk/src/rp2_common/pico_runtime/runtime.c.obj
                0x100025d8                runtime_init
 .text.panic    0x100026d0       0x30 Battery_Software/boot/CMakeFiles/boot.dir/C_/Program_Files/Raspberry_Pi/Pico_SDK_v1.5.1/pico-sdk/src/rp2_common/pico_runtime/runtime.c.obj
                0x100026d0                panic
 .text._out_buffer
                0x10002700        0x8 Battery_Software/boot/CMakeFiles/boot.dir/C_/Program_Files/Raspberry_Pi/Pico_SDK_v1.5.1/pico-sdk/src/rp2_common/pico_printf/printf.c.obj
 .text._out_null
                0x10002708        0x2 Battery_Software/boot/CMakeFiles/boot.dir/C_/Program_Files/Raspberry_Pi/Pico_SDK_v1.5.1/pico-sdk/src/rp2_common/pico_printf/printf.c.obj
 .text._out_fct
                0x1000270a        0xe Battery_Software/boot/CMakeFiles/boot.dir/C_/Program_Files/Raspberry_Pi/Pico_SDK_v1.5.1/pico-sdk/src/rp2_common/pico_printf/printf.c.obj
 .text._atoi    0x10002718       0x24 Battery_Software/boot/CMakeFiles/boot.dir/C_/Program_Files/Raspberry_Pi/Pico_SDK_v1.5.1/pico-sdk/src/rp2_common/pico_printf/printf.c.obj
 .text._out_rev
                0x1000273c       0xae Battery_Software/boot/CMakeFiles/boot.dir/C_/Program_Files/Raspberry_Pi/Pico_SDK_v1.5.1/pico-sdk/src/rp2_common/pico_printf/printf.c.obj
 .text._ntoa_format
                0x100027ea      0x112 Battery_Software/boot/CMakeFiles/boot.dir/C_/Program_Files/Raspberry_Pi/Pico_SDK_v1.5.1/pico-sdk/src/rp2_common/pico_printf/printf.c.obj
 .text._ntoa_long
                0x100028fc       0xbc Battery_Software/boot/CMakeFiles/boot.dir/C_/Program_Files/Raspberry_Pi/Pico_SDK_v1.5.1/pico-sdk/src/rp2_common/pico_printf/printf.c.obj
 .text._ntoa_long_long
                0x100029b8       0xe2 Battery_Software/boot/CMakeFiles/boot.dir/C_/Program_Files/Raspberry_Pi/Pico_SDK_v1.5.1/pico-sdk/src/rp2_common/pico_printf/printf.c.obj
 *fill*         0x10002a9a        0x2 
 .text._etoa    0x10002a9c      0x414 Battery_Software/boot/CMakeFiles/boot.dir/C_/Program_Files/Raspberry_Pi/Pico_SDK_v1.5.1/pico-sdk/src/rp2_common/pico_printf/printf.c.obj
 .text._ftoa    0x10002eb0      0x354 Battery_Software/boot/CMakeFiles/boot.dir/C_/Program_Files/Raspberry_Pi/Pico_SDK_v1.5.1/pico-sdk/src/rp2_common/pico_printf/printf.c.obj
 .text._vsnprintf
                0x10003204      0x624 Battery_Software/boot/CMakeFiles/boot.dir/C_/Program_Files/Raspberry_Pi/Pico_SDK_v1.5.1/pico-sdk/src/rp2_common/pico_printf/printf.c.obj
 .text.__wrap_sprintf
                0x10003828       0x28 Battery_Software/boot/CMakeFiles/boot.dir/C_/Program_Files/Raspberry_Pi/Pico_SDK_v1.5.1/pico-sdk/src/rp2_common/pico_printf/printf.c.obj
                0x10003828                __wrap_sprintf
 .text.vfctprintf
                0x10003850       0x20 Battery_Software/boot/CMakeFiles/boot.dir/C_/Program_Files/Raspberry_Pi/Pico_SDK_v1.5.1/pico-sdk/src/rp2_common/pico_printf/printf.c.obj
                0x10003850                vfctprintf
 .text          0x10003870       0x10 Battery_Software/boot/CMakeFiles/boot.dir/C_/Program_Files/Raspberry_Pi/Pico_SDK_v1.5.1/pico-sdk/src/rp2_common/pico_bit_ops/bit_ops_aeabi.S.obj
 .text.rom_func_lookup
                0x10003880       0x10 Battery_Software/boot/CMakeFiles/boot.dir/C_/Program_Files/Raspberry_Pi/Pico_SDK_v1.5.1/pico-sdk/src/rp2_common/pico_bootrom/bootrom.c.obj
                0x10003880                rom_func_lookup
 .text.rom_data_lookup
                0x10003890       0x10 Battery_Software/boot/CMakeFiles/boot.dir/C_/Program_Files/Raspberry_Pi/Pico_SDK_v1.5.1/pico-sdk/src/rp2_common/pico_bootrom/bootrom.c.obj
                0x10003890                rom_data_lookup
 .text.rom_funcs_lookup
                0x100038a0       0x36 Battery_Software/boot/CMakeFiles/boot.dir/C_/Program_Files/Raspberry_Pi/Pico_SDK_v1.5.1/pico-sdk/src/rp2_common/pico_bootrom/bootrom.c.obj
                0x100038a0                rom_funcs_lookup
 *fill*         0x100038d6        0x2 
 .text.__wrap___aeabi_idiv
                0x100038d8       0x50 Battery_Software/boot/CMakeFiles/boot.dir/C_/Program_Files/Raspberry_Pi/Pico_SDK_v1.5.1/pico-sdk/src/rp2_common/pico_divider/divider.S.obj
                0x100038d8                __wrap___aeabi_idivmod
                0x100038d8                divmod_s32s32
                0x100038d8                div_s32s32
                0x100038d8                __wrap___aeabi_idiv
                0x100038e0                divmod_s32s32_unsafe
                0x1000390c                divmod_s32s32_savestate
 .text.__wrap___aeabi_uidiv
                0x10003928       0x4c Battery_Software/boot/CMakeFiles/boot.dir/C_/Program_Files/Raspberry_Pi/Pico_SDK_v1.5.1/pico-sdk/src/rp2_common/pico_divider/divider.S.obj
                0x10003928                __wrap___aeabi_uidiv
                0x10003928                __wrap___aeabi_uidivmod
                0x10003928                div_u32u32
                0x10003928                divmod_u32u32
                0x10003930                divmod_u32u32_unsafe
                0x10003958                divmod_u32u32_savestate
 .text.__wrap___aeabi_ldiv
                0x10003974      0x424 Battery_Software/boot/CMakeFiles/boot.dir/C_/Program_Files/Raspberry_Pi/Pico_SDK_v1.5.1/pico-sdk/src/rp2_common/pico_divider/divider.S.obj
                0x10003974                div_s64s64
                0x10003974                divmod_s64s64
                0x10003974                __wrap___aeabi_ldivmod
                0x100039a4                divmod_u64u64
                0x100039a4                div_u64u64
                0x100039a4                __wrap___aeabi_uldivmod
                0x100039b4                divmod_u64u64_savestate
                0x100039d4                divmod_s64s64_unsafe
                0x10003a5c                divmod_u64u64_unsafe
 .text.__wrap___aeabi_darithmetic
                0x10003d98       0x80 Battery_Software/boot/CMakeFiles/boot.dir/C_/Program_Files/Raspberry_Pi/Pico_SDK_v1.5.1/pico-sdk/src/rp2_common/pico_double/double_aeabi.S.obj
                0x10003d98                __wrap___aeabi_drsub
                0x10003d9e                __wrap___aeabi_dsub
                0x10003db0                __wrap___aeabi_dadd
                0x10003dc2                __wrap___aeabi_ddiv
                0x10003dfe                __wrap___aeabi_dmul
 .text.__wrap___aeabi_cdcmple
                0x10003e18       0x6c Battery_Software/boot/CMakeFiles/boot.dir/C_/Program_Files/Raspberry_Pi/Pico_SDK_v1.5.1/pico-sdk/src/rp2_common/pico_double/double_aeabi.S.obj
                0x10003e18                __wrap___aeabi_cdrcmple
                0x10003e28                __wrap___aeabi_cdcmpeq
                0x10003e28                __wrap___aeabi_cdcmple
 .text.__wrap___aeabi_dcmplt
                0x10003e84        0xc Battery_Software/boot/CMakeFiles/boot.dir/C_/Program_Files/Raspberry_Pi/Pico_SDK_v1.5.1/pico-sdk/src/rp2_common/pico_double/double_aeabi.S.obj
                0x10003e84                __wrap___aeabi_dcmplt
 .text.__wrap___aeabi_dcmple
                0x10003e90       0x10 Battery_Software/boot/CMakeFiles/boot.dir/C_/Program_Files/Raspberry_Pi/Pico_SDK_v1.5.1/pico-sdk/src/rp2_common/pico_double/double_aeabi.S.obj
                0x10003e90                __wrap___aeabi_dcmple
 .text.__wrap___aeabi_dcmpge
                0x10003ea0       0x10 Battery_Software/boot/CMakeFiles/boot.dir/C_/Program_Files/Raspberry_Pi/Pico_SDK_v1.5.1/pico-sdk/src/rp2_common/pico_double/double_aeabi.S.obj
                0x10003ea0                __wrap___aeabi_dcmpge
 .text.__wrap___aeabi_dcmpgt
                0x10003eb0        0xa Battery_Software/boot/CMakeFiles/boot.dir/C_/Program_Files/Raspberry_Pi/Pico_SDK_v1.5.1/pico-sdk/src/rp2_common/pico_double/double_aeabi.S.obj
                0x10003eb0                __wrap___aeabi_dcmpgt
 .text.__wrap___aeabi_dcmpun
                0x10003eba       0x1c Battery_Software/boot/CMakeFiles/boot.dir/C_/Program_Files/Raspberry_Pi/Pico_SDK_v1.5.1/pico-sdk/src/rp2_common/pico_double/double_aeabi.S.obj
                0x10003eba                __wrap___aeabi_dcmpun
 *fill*         0x10003ed6        0x2 
 .text.__wrap___aeabi_i2d
                0x10003ed8       0x38 Battery_Software/boot/CMakeFiles/boot.dir/C_/Program_Files/Raspberry_Pi/Pico_SDK_v1.5.1/pico-sdk/src/rp2_common/pico_double/double_aeabi.S.obj
                0x10003ed8                __wrap___aeabi_ui2d
                0x10003ee0                __wrap___aeabi_i2d
 .text.__wrap___aeabi_d2iz
                0x10003f10       0x48 Battery_Software/boot/CMakeFiles/boot.dir/C_/Program_Files/Raspberry_Pi/Pico_SDK_v1.5.1/pico-sdk/src/rp2_common/pico_double/double_aeabi.S.obj
                0x10003f10                double2int_z
                0x10003f10                __wrap___aeabi_d2iz
 .text.__wrap___aeabi_d2uiz
                0x10003f58       0x18 Battery_Software/boot/CMakeFiles/boot.dir/C_/Program_Files/Raspberry_Pi/Pico_SDK_v1.5.1/pico-sdk/src/rp2_common/pico_double/double_aeabi.S.obj
                0x10003f58                __wrap___aeabi_d2uiz
                0x10003f58                double2uint
 .text.__wrap___aeabi_d2f
                0x10003f70       0x18 Battery_Software/boot/CMakeFiles/boot.dir/C_/Program_Files/Raspberry_Pi/Pico_SDK_v1.5.1/pico-sdk/src/rp2_common/pico_double/double_aeabi.S.obj
                0x10003f70                __wrap___aeabi_d2f
 .text.__aeabi_double_init
                0x10003f88       0xc8 Battery_Software/boot/CMakeFiles/boot.dir/C_/Program_Files/Raspberry_Pi/Pico_SDK_v1.5.1/pico-sdk/src/rp2_common/pico_double/double_init_rom.c.obj
                0x10003f88                __aeabi_double_init
 .text.double_table_shim_on_use_helper
                0x10004050       0x34 Battery_Software/boot/CMakeFiles/boot.dir/C_/Program_Files/Raspberry_Pi/Pico_SDK_v1.5.1/pico-sdk/src/rp2_common/pico_double/double_v1_rom_shim.S.obj
                0x10004050                double_table_shim_on_use_helper
 .text.__wrap___aeabi_dsub
                0x10004084       0x10 Battery_Software/boot/CMakeFiles/boot.dir/C_/Program_Files/Raspberry_Pi/Pico_SDK_v1.5.1/pico-sdk/src/rp2_common/pico_double/double_v1_rom_shim.S.obj
                0x10004084                drsub_shim
                0x1000408a                dsub_shim
 .text.dadd_shim
                0x10004094      0x15c Battery_Software/boot/CMakeFiles/boot.dir/C_/Program_Files/Raspberry_Pi/Pico_SDK_v1.5.1/pico-sdk/src/rp2_common/pico_double/double_v1_rom_shim.S.obj
                0x10004094                dadd_shim
 .text.dmul_shim
                0x100041f0      0x15c Battery_Software/boot/CMakeFiles/boot.dir/C_/Program_Files/Raspberry_Pi/Pico_SDK_v1.5.1/pico-sdk/src/rp2_common/pico_double/double_v1_rom_shim.S.obj
                0x100041f0                dmul_shim
 .text.ddiv_shim
                0x1000434c      0x1b0 Battery_Software/boot/CMakeFiles/boot.dir/C_/Program_Files/Raspberry_Pi/Pico_SDK_v1.5.1/pico-sdk/src/rp2_common/pico_double/double_v1_rom_shim.S.obj
                0x1000434c                ddiv_shim
 .text.double2uint_shim
                0x100044fc        0xe Battery_Software/boot/CMakeFiles/boot.dir/C_/Program_Files/Raspberry_Pi/Pico_SDK_v1.5.1/pico-sdk/src/rp2_common/pico_double/double_v1_rom_shim.S.obj
                0x100044fc                double2uint_shim
                0x100044fe                double2ufix_shim
 *fill*         0x1000450a        0x2 
 .text.double2uint64_shim
                0x1000450c       0x70 Battery_Software/boot/CMakeFiles/boot.dir/C_/Program_Files/Raspberry_Pi/Pico_SDK_v1.5.1/pico-sdk/src/rp2_common/pico_double/double_v1_rom_shim.S.obj
                0x1000450c                double2uint64_shim
                0x1000450e                double2ufix64_shim
                0x1000452e                d2fix_a
 .text.double2float_shim
                0x1000457c       0x5c Battery_Software/boot/CMakeFiles/boot.dir/C_/Program_Files/Raspberry_Pi/Pico_SDK_v1.5.1/pico-sdk/src/rp2_common/pico_double/double_v1_rom_shim.S.obj
                0x1000457c                double2float_shim
 .text.dunpacks
                0x100045d8       0x3c Battery_Software/boot/CMakeFiles/boot.dir/C_/Program_Files/Raspberry_Pi/Pico_SDK_v1.5.1/pico-sdk/src/rp2_common/pico_double/double_v1_rom_shim.S.obj
                0x100045d8                dunpacks
 .text.__aeabi_lmul
                0x10004614       0x32 Battery_Software/boot/CMakeFiles/boot.dir/C_/Program_Files/Raspberry_Pi/Pico_SDK_v1.5.1/pico-sdk/src/rp2_common/pico_int64_ops/pico_int64_ops_aeabi.S.obj
                0x10004614                __wrap___aeabi_lmul
 *fill*         0x10004646        0x2 
 .text.__wrap___aeabi_farithmetic
                0x10004648       0x58 Battery_Software/boot/CMakeFiles/boot.dir/C_/Program_Files/Raspberry_Pi/Pico_SDK_v1.5.1/pico-sdk/src/rp2_common/pico_float/float_aeabi.S.obj
                0x10004648                __wrap___aeabi_frsub
                0x1000464e                __wrap___aeabi_fsub
                0x10004658                __wrap___aeabi_fadd
                0x10004662                __wrap___aeabi_fdiv
                0x1000468e                __wrap___aeabi_fmul
 .text.__wrap___aeabi_cfcmple
                0x100046a0       0x50 Battery_Software/boot/CMakeFiles/boot.dir/C_/Program_Files/Raspberry_Pi/Pico_SDK_v1.5.1/pico-sdk/src/rp2_common/pico_float/float_aeabi.S.obj
                0x100046a0                __wrap___aeabi_cfrcmple
                0x100046ac                __wrap___aeabi_cfcmple
                0x100046ac                __wrap___aeabi_cfcmpeq
 .text.__wrap___aeabi_fcmplt
                0x100046f0        0xc Battery_Software/boot/CMakeFiles/boot.dir/C_/Program_Files/Raspberry_Pi/Pico_SDK_v1.5.1/pico-sdk/src/rp2_common/pico_float/float_aeabi.S.obj
                0x100046f0                __wrap___aeabi_fcmplt
 .text.__wrap___aeabi_ui2f
                0x100046fc        0xa Battery_Software/boot/CMakeFiles/boot.dir/C_/Program_Files/Raspberry_Pi/Pico_SDK_v1.5.1/pico-sdk/src/rp2_common/pico_float/float_aeabi.S.obj
                0x100046fc                __wrap___aeabi_ui2f
 *fill*         0x10004706        0x2 
 .text.__wrap___aeabi_i2f
                0x10004708       0x44 Battery_Software/boot/CMakeFiles/boot.dir/C_/Program_Files/Raspberry_Pi/Pico_SDK_v1.5.1/pico-sdk/src/rp2_common/pico_float/float_aeabi.S.obj
                0x10004708                __wrap___aeabi_i2f
 .text.__wrap___aeabi_f2uiz
                0x1000474c       0x10 Battery_Software/boot/CMakeFiles/boot.dir/C_/Program_Files/Raspberry_Pi/Pico_SDK_v1.5.1/pico-sdk/src/rp2_common/pico_float/float_aeabi.S.obj
                0x1000474c                __wrap___aeabi_f2uiz
 .text.__wrap___aeabi_f2d
                0x1000475c       0x14 Battery_Software/boot/CMakeFiles/boot.dir/C_/Program_Files/Raspberry_Pi/Pico_SDK_v1.5.1/pico-sdk/src/rp2_common/pico_float/float_aeabi.S.obj
                0x1000475c                __wrap___aeabi_f2d
 .text.__aeabi_float_init
                0x10004770       0xfc Battery_Software/boot/CMakeFiles/boot.dir/C_/Program_Files/Raspberry_Pi/Pico_SDK_v1.5.1/pico-sdk/src/rp2_common/pico_float/float_init_rom.c.obj
                0x10004770                __aeabi_float_init
 .text.float_table_shim_on_use_helper
                0x1000486c       0x34 Battery_Software/boot/CMakeFiles/boot.dir/C_/Program_Files/Raspberry_Pi/Pico_SDK_v1.5.1/pico-sdk/src/rp2_common/pico_float/float_v1_rom_shim.S.obj
                0x1000486c                float_table_shim_on_use_helper
 .text.float2double_shim
                0x100048a0       0x30 Battery_Software/boot/CMakeFiles/boot.dir/C_/Program_Files/Raspberry_Pi/Pico_SDK_v1.5.1/pico-sdk/src/rp2_common/pico_float/float_v1_rom_shim.S.obj
                0x100048a0                float2double_shim
 .text.__wrap_malloc
                0x100048d0       0x24 Battery_Software/boot/CMakeFiles/boot.dir/C_/Program_Files/Raspberry_Pi/Pico_SDK_v1.5.1/pico-sdk/src/rp2_common/pico_malloc/pico_malloc.c.obj
                0x100048d0                __wrap_malloc
 .text.__wrap_realloc
                0x100048f4       0x24 Battery_Software/boot/CMakeFiles/boot.dir/C_/Program_Files/Raspberry_Pi/Pico_SDK_v1.5.1/pico-sdk/src/rp2_common/pico_malloc/pico_malloc.c.obj
                0x100048f4                __wrap_realloc
 .text.__wrap_free
                0x10004918        0x8 Battery_Software/boot/CMakeFiles/boot.dir/C_/Program_Files/Raspberry_Pi/Pico_SDK_v1.5.1/pico-sdk/src/rp2_common/pico_malloc/pico_malloc.c.obj
                0x10004918                __wrap_free
 .text          0x10004920       0x10 Battery_Software/boot/CMakeFiles/boot.dir/C_/Program_Files/Raspberry_Pi/Pico_SDK_v1.5.1/pico-sdk/src/rp2_common/pico_mem_ops/mem_ops_aeabi.S.obj
                0x10004920                __aeabi_mem_init
 .text.memset   0x10004930        0xc Battery_Software/boot/CMakeFiles/boot.dir/C_/Program_Files/Raspberry_Pi/Pico_SDK_v1.5.1/pico-sdk/src/rp2_common/pico_mem_ops/mem_ops_aeabi.S.obj
                0x10004930                __wrap_memset
 .text.memcpy   0x1000493c        0xc Battery_Software/boot/CMakeFiles/boot.dir/C_/Program_Files/Raspberry_Pi/Pico_SDK_v1.5.1/pico-sdk/src/rp2_common/pico_mem_ops/mem_ops_aeabi.S.obj
                0x1000493c                __wrap_memcpy
                0x1000493c                __wrap___aeabi_memcpy
 .text.stdio_out_chars_no_crlf
                0x10004948        0xe Battery_Software/boot/CMakeFiles/boot.dir/C_/Program_Files/Raspberry_Pi/Pico_SDK_v1.5.1/pico-sdk/src/rp2_common/pico_stdio/stdio.c.obj
 *fill*         0x10004956        0x2 
 .text.stdio_out_chars_crlf
                0x10004958       0x80 Battery_Software/boot/CMakeFiles/boot.dir/C_/Program_Files/Raspberry_Pi/Pico_SDK_v1.5.1/pico-sdk/src/rp2_common/pico_stdio/stdio.c.obj
 .text.stdio_stack_buffer_flush
                0x100049d8       0x44 Battery_Software/boot/CMakeFiles/boot.dir/C_/Program_Files/Raspberry_Pi/Pico_SDK_v1.5.1/pico-sdk/src/rp2_common/pico_stdio/stdio.c.obj
 .text.stdio_buffered_printer
                0x10004a1c       0x20 Battery_Software/boot/CMakeFiles/boot.dir/C_/Program_Files/Raspberry_Pi/Pico_SDK_v1.5.1/pico-sdk/src/rp2_common/pico_stdio/stdio.c.obj
 .text.stdio_get_until
                0x10004a3c       0x80 Battery_Software/boot/CMakeFiles/boot.dir/C_/Program_Files/Raspberry_Pi/Pico_SDK_v1.5.1/pico-sdk/src/rp2_common/pico_stdio/stdio.c.obj
 .text.stdout_serialize_begin
                0x10004abc       0x5c Battery_Software/boot/CMakeFiles/boot.dir/C_/Program_Files/Raspberry_Pi/Pico_SDK_v1.5.1/pico-sdk/src/rp2_common/pico_stdio/stdio.c.obj
                0x10004abc                stdout_serialize_begin
 .text.stdout_serialize_end
                0x10004b18       0x10 Battery_Software/boot/CMakeFiles/boot.dir/C_/Program_Files/Raspberry_Pi/Pico_SDK_v1.5.1/pico-sdk/src/rp2_common/pico_stdio/stdio.c.obj
                0x10004b18                stdout_serialize_end
 .text.stdio_put_string
                0x10004b28       0x98 Battery_Software/boot/CMakeFiles/boot.dir/C_/Program_Files/Raspberry_Pi/Pico_SDK_v1.5.1/pico-sdk/src/rp2_common/pico_stdio/stdio.c.obj
 .text._read    0x10004bc0       0x24 Battery_Software/boot/CMakeFiles/boot.dir/C_/Program_Files/Raspberry_Pi/Pico_SDK_v1.5.1/pico-sdk/src/rp2_common/pico_stdio/stdio.c.obj
                0x10004bc0                _read
 .text._write   0x10004be4       0x22 Battery_Software/boot/CMakeFiles/boot.dir/C_/Program_Files/Raspberry_Pi/Pico_SDK_v1.5.1/pico-sdk/src/rp2_common/pico_stdio/stdio.c.obj
                0x10004be4                _write
 .text._close   0x10004c06        0x6 Battery_Software/boot/CMakeFiles/boot.dir/C_/Program_Files/Raspberry_Pi/Pico_SDK_v1.5.1/pico-sdk/src/rp2_common/pico_stdio/stdio.c.obj
                0x10004c06                _close
 .text._lseek   0x10004c0c        0x6 Battery_Software/boot/CMakeFiles/boot.dir/C_/Program_Files/Raspberry_Pi/Pico_SDK_v1.5.1/pico-sdk/src/rp2_common/pico_stdio/stdio.c.obj
                0x10004c0c                _lseek
 .text._fstat   0x10004c12        0x6 Battery_Software/boot/CMakeFiles/boot.dir/C_/Program_Files/Raspberry_Pi/Pico_SDK_v1.5.1/pico-sdk/src/rp2_common/pico_stdio/stdio.c.obj
                0x10004c12                _fstat
 .text._isatty  0x10004c18        0xc Battery_Software/boot/CMakeFiles/boot.dir/C_/Program_Files/Raspberry_Pi/Pico_SDK_v1.5.1/pico-sdk/src/rp2_common/pico_stdio/stdio.c.obj
                0x10004c18                _isatty
 .text.stdio_set_driver_enabled
                0x10004c24       0x2c Battery_Software/boot/CMakeFiles/boot.dir/C_/Program_Files/Raspberry_Pi/Pico_SDK_v1.5.1/pico-sdk/src/rp2_common/pico_stdio/stdio.c.obj
                0x10004c24                stdio_set_driver_enabled
 .text.stdio_flush
                0x10004c50       0x20 Battery_Software/boot/CMakeFiles/boot.dir/C_/Program_Files/Raspberry_Pi/Pico_SDK_v1.5.1/pico-sdk/src/rp2_common/pico_stdio/stdio.c.obj
                0x10004c50                stdio_flush
 .text.__wrap_puts
                0x10004c70       0x1e Battery_Software/boot/CMakeFiles/boot.dir/C_/Program_Files/Raspberry_Pi/Pico_SDK_v1.5.1/pico-sdk/src/rp2_common/pico_stdio/stdio.c.obj
                0x10004c70                __wrap_puts
 *fill*         0x10004c8e        0x2 
 .text.__wrap_vprintf
                0x10004c90       0x40 Battery_Software/boot/CMakeFiles/boot.dir/C_/Program_Files/Raspberry_Pi/Pico_SDK_v1.5.1/pico-sdk/src/rp2_common/pico_stdio/stdio.c.obj
                0x10004c90                __wrap_vprintf
 .text.__wrap_printf
                0x10004cd0       0x18 Battery_Software/boot/CMakeFiles/boot.dir/C_/Program_Files/Raspberry_Pi/Pico_SDK_v1.5.1/pico-sdk/src/rp2_common/pico_stdio/stdio.c.obj
                0x10004cd0                __wrap_printf
 .text.stdio_init_all
                0x10004ce8        0x8 Battery_Software/boot/CMakeFiles/boot.dir/C_/Program_Files/Raspberry_Pi/Pico_SDK_v1.5.1/pico-sdk/src/rp2_common/pico_stdio/stdio.c.obj
                0x10004ce8                stdio_init_all
 .text.resetd_init
                0x10004cf0        0x2 Battery_Software/boot/CMakeFiles/boot.dir/C_/Program_Files/Raspberry_Pi/Pico_SDK_v1.5.1/pico-sdk/src/rp2_common/pico_stdio_usb/reset_interface.c.obj
 *fill*         0x10004cf2        0x2 
 .text.resetd_reset
                0x10004cf4        0xc Battery_Software/boot/CMakeFiles/boot.dir/C_/Program_Files/Raspberry_Pi/Pico_SDK_v1.5.1/pico-sdk/src/rp2_common/pico_stdio_usb/reset_interface.c.obj
 .text.resetd_open
                0x10004d00       0x34 Battery_Software/boot/CMakeFiles/boot.dir/C_/Program_Files/Raspberry_Pi/Pico_SDK_v1.5.1/pico-sdk/src/rp2_common/pico_stdio_usb/reset_interface.c.obj
 .text.resetd_xfer_cb
                0x10004d34        0x4 Battery_Software/boot/CMakeFiles/boot.dir/C_/Program_Files/Raspberry_Pi/Pico_SDK_v1.5.1/pico-sdk/src/rp2_common/pico_stdio_usb/reset_interface.c.obj
 .text.reset_usb_boot
                0x10004d38       0x18 Battery_Software/boot/CMakeFiles/boot.dir/C_/Program_Files/Raspberry_Pi/Pico_SDK_v1.5.1/pico-sdk/src/rp2_common/pico_stdio_usb/reset_interface.c.obj
 .text.resetd_control_xfer_cb
                0x10004d50       0x5c Battery_Software/boot/CMakeFiles/boot.dir/C_/Program_Files/Raspberry_Pi/Pico_SDK_v1.5.1/pico-sdk/src/rp2_common/pico_stdio_usb/reset_interface.c.obj
 .text.usbd_app_driver_get_cb
                0x10004dac        0xc Battery_Software/boot/CMakeFiles/boot.dir/C_/Program_Files/Raspberry_Pi/Pico_SDK_v1.5.1/pico-sdk/src/rp2_common/pico_stdio_usb/reset_interface.c.obj
                0x10004dac                usbd_app_driver_get_cb
 .text.tud_cdc_line_coding_cb
                0x10004db8       0x28 Battery_Software/boot/CMakeFiles/boot.dir/C_/Program_Files/Raspberry_Pi/Pico_SDK_v1.5.1/pico-sdk/src/rp2_common/pico_stdio_usb/reset_interface.c.obj
                0x10004db8                tud_cdc_line_coding_cb
 .text.stdio_usb_set_chars_available_callback
                0x10004de0       0x14 Battery_Software/boot/CMakeFiles/boot.dir/C_/Program_Files/Raspberry_Pi/Pico_SDK_v1.5.1/pico-sdk/src/rp2_common/pico_stdio_usb/stdio_usb.c.obj
                0x10004de0                stdio_usb_set_chars_available_callback
 .text.usb_irq  0x10004df4       0x10 Battery_Software/boot/CMakeFiles/boot.dir/C_/Program_Files/Raspberry_Pi/Pico_SDK_v1.5.1/pico-sdk/src/rp2_common/pico_stdio_usb/stdio_usb.c.obj
 .text.timer_task
                0x10004e04       0x5c Battery_Software/boot/CMakeFiles/boot.dir/C_/Program_Files/Raspberry_Pi/Pico_SDK_v1.5.1/pico-sdk/src/rp2_common/pico_stdio_usb/stdio_usb.c.obj
 .text.low_priority_worker_irq
                0x10004e60       0xdc Battery_Software/boot/CMakeFiles/boot.dir/C_/Program_Files/Raspberry_Pi/Pico_SDK_v1.5.1/pico-sdk/src/rp2_common/pico_stdio_usb/stdio_usb.c.obj
 .text.tud_cdc_rx_cb
                0x10004f3c       0x20 Battery_Software/boot/CMakeFiles/boot.dir/C_/Program_Files/Raspberry_Pi/Pico_SDK_v1.5.1/pico-sdk/src/rp2_common/pico_stdio_usb/stdio_usb.c.obj
                0x10004f3c                tud_cdc_rx_cb
 .text.stdio_usb_init
                0x10004f5c      0x11c Battery_Software/boot/CMakeFiles/boot.dir/C_/Program_Files/Raspberry_Pi/Pico_SDK_v1.5.1/pico-sdk/src/rp2_common/pico_stdio_usb/stdio_usb.c.obj
                0x10004f5c                stdio_usb_init
 .text.stdio_usb_connected
                0x10005078        0xa Battery_Software/boot/CMakeFiles/boot.dir/C_/Program_Files/Raspberry_Pi/Pico_SDK_v1.5.1/pico-sdk/src/rp2_common/pico_stdio_usb/stdio_usb.c.obj
                0x10005078                stdio_usb_connected
 *fill*         0x10005082        0x2 
 .text.stdio_usb_in_chars
                0x10005084       0xc4 Battery_Software/boot/CMakeFiles/boot.dir/C_/Program_Files/Raspberry_Pi/Pico_SDK_v1.5.1/pico-sdk/src/rp2_common/pico_stdio_usb/stdio_usb.c.obj
                0x10005084                stdio_usb_in_chars
 .text.stdio_usb_out_chars
                0x10005148      0x114 Battery_Software/boot/CMakeFiles/boot.dir/C_/Program_Files/Raspberry_Pi/Pico_SDK_v1.5.1/pico-sdk/src/rp2_common/pico_stdio_usb/stdio_usb.c.obj
 .text.tud_descriptor_device_cb
                0x1000525c        0x8 Battery_Software/boot/CMakeFiles/boot.dir/C_/Program_Files/Raspberry_Pi/Pico_SDK_v1.5.1/pico-sdk/src/rp2_common/pico_stdio_usb/stdio_usb_descriptors.c.obj
                0x1000525c                tud_descriptor_device_cb
 .text.tud_descriptor_configuration_cb
                0x10005264        0x8 Battery_Software/boot/CMakeFiles/boot.dir/C_/Program_Files/Raspberry_Pi/Pico_SDK_v1.5.1/pico-sdk/src/rp2_common/pico_stdio_usb/stdio_usb_descriptors.c.obj
                0x10005264                tud_descriptor_configuration_cb
 .text.tud_descriptor_string_cb
                0x1000526c       0x6c Battery_Software/boot/CMakeFiles/boot.dir/C_/Program_Files/Raspberry_Pi/Pico_SDK_v1.5.1/pico-sdk/src/rp2_common/pico_stdio_usb/stdio_usb_descriptors.c.obj
                0x1000526c                tud_descriptor_string_cb
 .text._retrieve_unique_id_on_boot
                0x100052d8       0x10 Battery_Software/boot/CMakeFiles/boot.dir/C_/Program_Files/Raspberry_Pi/Pico_SDK_v1.5.1/pico-sdk/src/rp2_common/pico_unique_id/unique_id.c.obj
 .text.pico_get_unique_board_id_string
                0x100052e8       0x60 Battery_Software/boot/CMakeFiles/boot.dir/C_/Program_Files/Raspberry_Pi/Pico_SDK_v1.5.1/pico-sdk/src/rp2_common/pico_unique_id/unique_id.c.obj
                0x100052e8                pico_get_unique_board_id_string
 .text.flash_get_unique_id
                0x10005348       0x46 Battery_Software/boot/CMakeFiles/boot.dir/C_/Program_Files/Raspberry_Pi/Pico_SDK_v1.5.1/pico-sdk/src/rp2_common/hardware_flash/flash.c.obj
                0x10005348                flash_get_unique_id
 *fill*         0x1000538e        0x2 
 .text.hw_endpoint_get_by_addr
                0x10005390       0x18 Battery_Software/boot/CMakeFiles/boot.dir/C_/Program_Files/Raspberry_Pi/Pico_SDK_v1.5.1/pico-sdk/lib/tinyusb/src/portable/raspberrypi/rp2040/dcd_rp2040.c.obj
 .text._hw_endpoint_alloc
                0x100053a8       0x70 Battery_Software/boot/CMakeFiles/boot.dir/C_/Program_Files/Raspberry_Pi/Pico_SDK_v1.5.1/pico-sdk/lib/tinyusb/src/portable/raspberrypi/rp2040/dcd_rp2040.c.obj
 .text.hw_endpoint_init
                0x10005418       0x88 Battery_Software/boot/CMakeFiles/boot.dir/C_/Program_Files/Raspberry_Pi/Pico_SDK_v1.5.1/pico-sdk/lib/tinyusb/src/portable/raspberrypi/rp2040/dcd_rp2040.c.obj
 .text.hw_endpoint_xfer
                0x100054a0       0x14 Battery_Software/boot/CMakeFiles/boot.dir/C_/Program_Files/Raspberry_Pi/Pico_SDK_v1.5.1/pico-sdk/lib/tinyusb/src/portable/raspberrypi/rp2040/dcd_rp2040.c.obj
 .text.dcd_int_enable
                0x100054b4       0x2c Battery_Software/boot/CMakeFiles/boot.dir/C_/Program_Files/Raspberry_Pi/Pico_SDK_v1.5.1/pico-sdk/lib/tinyusb/src/portable/raspberrypi/rp2040/dcd_rp2040.c.obj
                0x100054b4                dcd_int_enable
 .text.dcd_set_address
                0x100054e0       0x2c Battery_Software/boot/CMakeFiles/boot.dir/C_/Program_Files/Raspberry_Pi/Pico_SDK_v1.5.1/pico-sdk/lib/tinyusb/src/portable/raspberrypi/rp2040/dcd_rp2040.c.obj
                0x100054e0                dcd_set_address
 .text.dcd_connect
                0x1000550c       0x10 Battery_Software/boot/CMakeFiles/boot.dir/C_/Program_Files/Raspberry_Pi/Pico_SDK_v1.5.1/pico-sdk/lib/tinyusb/src/portable/raspberrypi/rp2040/dcd_rp2040.c.obj
                0x1000550c                dcd_connect
 .text.dcd_init
                0x1000551c       0x80 Battery_Software/boot/CMakeFiles/boot.dir/C_/Program_Files/Raspberry_Pi/Pico_SDK_v1.5.1/pico-sdk/lib/tinyusb/src/portable/raspberrypi/rp2040/dcd_rp2040.c.obj
                0x1000551c                dcd_init
 .text.dcd_edpt0_status_complete
                0x1000559c       0x1c Battery_Software/boot/CMakeFiles/boot.dir/C_/Program_Files/Raspberry_Pi/Pico_SDK_v1.5.1/pico-sdk/lib/tinyusb/src/portable/raspberrypi/rp2040/dcd_rp2040.c.obj
                0x1000559c                dcd_edpt0_status_complete
 .text.dcd_edpt_open
                0x100055b8       0x40 Battery_Software/boot/CMakeFiles/boot.dir/C_/Program_Files/Raspberry_Pi/Pico_SDK_v1.5.1/pico-sdk/lib/tinyusb/src/portable/raspberrypi/rp2040/dcd_rp2040.c.obj
                0x100055b8                dcd_edpt_open
 .text.dcd_edpt_close_all
                0x100055f8        0x8 Battery_Software/boot/CMakeFiles/boot.dir/C_/Program_Files/Raspberry_Pi/Pico_SDK_v1.5.1/pico-sdk/lib/tinyusb/src/portable/raspberrypi/rp2040/dcd_rp2040.c.obj
                0x100055f8                dcd_edpt_close_all
 .text.dcd_edpt_xfer
                0x10005600       0x34 Battery_Software/boot/CMakeFiles/boot.dir/C_/Program_Files/Raspberry_Pi/Pico_SDK_v1.5.1/pico-sdk/lib/tinyusb/src/portable/raspberrypi/rp2040/dcd_rp2040.c.obj
                0x10005600                dcd_edpt_xfer
 .text.dcd_edpt_stall
                0x10005634       0x2c Battery_Software/boot/CMakeFiles/boot.dir/C_/Program_Files/Raspberry_Pi/Pico_SDK_v1.5.1/pico-sdk/lib/tinyusb/src/portable/raspberrypi/rp2040/dcd_rp2040.c.obj
                0x10005634                dcd_edpt_stall
 .text.dcd_edpt_clear_stall
                0x10005660       0x20 Battery_Software/boot/CMakeFiles/boot.dir/C_/Program_Files/Raspberry_Pi/Pico_SDK_v1.5.1/pico-sdk/lib/tinyusb/src/portable/raspberrypi/rp2040/dcd_rp2040.c.obj
                0x10005660                dcd_edpt_clear_stall
 .text.rp2040_usb_init
                0x10005680       0x4c Battery_Software/boot/CMakeFiles/boot.dir/C_/Program_Files/Raspberry_Pi/Pico_SDK_v1.5.1/pico-sdk/lib/tinyusb/src/portable/raspberrypi/rp2040/rp2040_usb.c.obj
                0x10005680                rp2040_usb_init
 .text.hw_endpoint_xfer_start
                0x100056cc       0x50 Battery_Software/boot/CMakeFiles/boot.dir/C_/Program_Files/Raspberry_Pi/Pico_SDK_v1.5.1/pico-sdk/lib/tinyusb/src/portable/raspberrypi/rp2040/rp2040_usb.c.obj
                0x100056cc                hw_endpoint_xfer_start
 .text.configuration_reset
                0x1000571c       0x84 Battery_Software/boot/CMakeFiles/boot.dir/C_/Program_Files/Raspberry_Pi/Pico_SDK_v1.5.1/pico-sdk/lib/tinyusb/src/device/usbd.c.obj
 .text.usbd_reset
                0x100057a0        0xc Battery_Software/boot/CMakeFiles/boot.dir/C_/Program_Files/Raspberry_Pi/Pico_SDK_v1.5.1/pico-sdk/lib/tinyusb/src/device/usbd.c.obj
 .text.invoke_class_control
                0x100057ac       0x1a Battery_Software/boot/CMakeFiles/boot.dir/C_/Program_Files/Raspberry_Pi/Pico_SDK_v1.5.1/pico-sdk/lib/tinyusb/src/device/usbd.c.obj
 *fill*         0x100057c6        0x2 
 .text.process_set_config
                0x100057c8      0x178 Battery_Software/boot/CMakeFiles/boot.dir/C_/Program_Files/Raspberry_Pi/Pico_SDK_v1.5.1/pico-sdk/lib/tinyusb/src/device/usbd.c.obj
 .text.process_get_descriptor
                0x10005940       0xdc Battery_Software/boot/CMakeFiles/boot.dir/C_/Program_Files/Raspberry_Pi/Pico_SDK_v1.5.1/pico-sdk/lib/tinyusb/src/device/usbd.c.obj
 .text.tud_mounted
                0x10005a1c       0x10 Battery_Software/boot/CMakeFiles/boot.dir/C_/Program_Files/Raspberry_Pi/Pico_SDK_v1.5.1/pico-sdk/lib/tinyusb/src/device/usbd.c.obj
                0x10005a1c                tud_mounted
 .text.tud_suspended
                0x10005a2c       0x10 Battery_Software/boot/CMakeFiles/boot.dir/C_/Program_Files/Raspberry_Pi/Pico_SDK_v1.5.1/pico-sdk/lib/tinyusb/src/device/usbd.c.obj
                0x10005a2c                tud_suspended
 .text.tud_inited
                0x10005a3c       0x14 Battery_Software/boot/CMakeFiles/boot.dir/C_/Program_Files/Raspberry_Pi/Pico_SDK_v1.5.1/pico-sdk/lib/tinyusb/src/device/usbd.c.obj
                0x10005a3c                tud_inited
 .text.tud_init
                0x10005a50       0xcc Battery_Software/boot/CMakeFiles/boot.dir/C_/Program_Files/Raspberry_Pi/Pico_SDK_v1.5.1/pico-sdk/lib/tinyusb/src/device/usbd.c.obj
                0x10005a50                tud_init
 .text.usbd_defer_func
                0x10005b1c       0x2a Battery_Software/boot/CMakeFiles/boot.dir/C_/Program_Files/Raspberry_Pi/Pico_SDK_v1.5.1/pico-sdk/lib/tinyusb/src/device/usbd.c.obj
                0x10005b1c                usbd_defer_func
 *fill*         0x10005b46        0x2 
 .text.usbd_edpt_open
                0x10005b48       0x34 Battery_Software/boot/CMakeFiles/boot.dir/C_/Program_Files/Raspberry_Pi/Pico_SDK_v1.5.1/pico-sdk/lib/tinyusb/src/device/usbd.c.obj
                0x10005b48                usbd_edpt_open
 .text.usbd_open_edpt_pair
                0x10005b7c       0x62 Battery_Software/boot/CMakeFiles/boot.dir/C_/Program_Files/Raspberry_Pi/Pico_SDK_v1.5.1/pico-sdk/lib/tinyusb/src/device/usbd.c.obj
                0x10005b7c                usbd_open_edpt_pair
 *fill*         0x10005bde        0x2 
 .text.usbd_edpt_claim
                0x10005be0       0x28 Battery_Software/boot/CMakeFiles/boot.dir/C_/Program_Files/Raspberry_Pi/Pico_SDK_v1.5.1/pico-sdk/lib/tinyusb/src/device/usbd.c.obj
                0x10005be0                usbd_edpt_claim
 .text.usbd_edpt_release
                0x10005c08       0x28 Battery_Software/boot/CMakeFiles/boot.dir/C_/Program_Files/Raspberry_Pi/Pico_SDK_v1.5.1/pico-sdk/lib/tinyusb/src/device/usbd.c.obj
                0x10005c08                usbd_edpt_release
 .text.usbd_edpt_xfer
                0x10005c30       0x78 Battery_Software/boot/CMakeFiles/boot.dir/C_/Program_Files/Raspberry_Pi/Pico_SDK_v1.5.1/pico-sdk/lib/tinyusb/src/device/usbd.c.obj
                0x10005c30                usbd_edpt_xfer
 .text.usbd_edpt_stall
                0x10005ca8       0x48 Battery_Software/boot/CMakeFiles/boot.dir/C_/Program_Files/Raspberry_Pi/Pico_SDK_v1.5.1/pico-sdk/lib/tinyusb/src/device/usbd.c.obj
                0x10005ca8                usbd_edpt_stall
 .text.usbd_edpt_clear_stall
                0x10005cf0       0x48 Battery_Software/boot/CMakeFiles/boot.dir/C_/Program_Files/Raspberry_Pi/Pico_SDK_v1.5.1/pico-sdk/lib/tinyusb/src/device/usbd.c.obj
                0x10005cf0                usbd_edpt_clear_stall
 .text.usbd_edpt_stalled
                0x10005d38       0x1c Battery_Software/boot/CMakeFiles/boot.dir/C_/Program_Files/Raspberry_Pi/Pico_SDK_v1.5.1/pico-sdk/lib/tinyusb/src/device/usbd.c.obj
                0x10005d38                usbd_edpt_stalled
 .text.process_control_request
                0x10005d54      0x37c Battery_Software/boot/CMakeFiles/boot.dir/C_/Program_Files/Raspberry_Pi/Pico_SDK_v1.5.1/pico-sdk/lib/tinyusb/src/device/usbd.c.obj
 .text.tud_task_ext
                0x100060d0      0x1b8 Battery_Software/boot/CMakeFiles/boot.dir/C_/Program_Files/Raspberry_Pi/Pico_SDK_v1.5.1/pico-sdk/lib/tinyusb/src/device/usbd.c.obj
                0x100060d0                tud_task_ext
 .text._data_stage_xact
                0x10006288       0x58 Battery_Software/boot/CMakeFiles/boot.dir/C_/Program_Files/Raspberry_Pi/Pico_SDK_v1.5.1/pico-sdk/lib/tinyusb/src/device/usbd_control.c.obj
 .text.tud_control_status
                0x100062e0       0x38 Battery_Software/boot/CMakeFiles/boot.dir/C_/Program_Files/Raspberry_Pi/Pico_SDK_v1.5.1/pico-sdk/lib/tinyusb/src/device/usbd_control.c.obj
                0x100062e0                tud_control_status
 .text.tud_control_xfer
                0x10006318       0x74 Battery_Software/boot/CMakeFiles/boot.dir/C_/Program_Files/Raspberry_Pi/Pico_SDK_v1.5.1/pico-sdk/lib/tinyusb/src/device/usbd_control.c.obj
                0x10006318                tud_control_xfer
 .text.usbd_control_reset
                0x1000638c       0x14 Battery_Software/boot/CMakeFiles/boot.dir/C_/Program_Files/Raspberry_Pi/Pico_SDK_v1.5.1/pico-sdk/lib/tinyusb/src/device/usbd_control.c.obj
                0x1000638c                usbd_control_reset
 .text.usbd_control_set_complete_callback
                0x100063a0        0xc Battery_Software/boot/CMakeFiles/boot.dir/C_/Program_Files/Raspberry_Pi/Pico_SDK_v1.5.1/pico-sdk/lib/tinyusb/src/device/usbd_control.c.obj
                0x100063a0                usbd_control_set_complete_callback
 .text.usbd_control_set_request
                0x100063ac       0x1c Battery_Software/boot/CMakeFiles/boot.dir/C_/Program_Files/Raspberry_Pi/Pico_SDK_v1.5.1/pico-sdk/lib/tinyusb/src/device/usbd_control.c.obj
                0x100063ac                usbd_control_set_request
 .text.usbd_control_xfer_cb
                0x100063c8       0xcc Battery_Software/boot/CMakeFiles/boot.dir/C_/Program_Files/Raspberry_Pi/Pico_SDK_v1.5.1/pico-sdk/lib/tinyusb/src/device/usbd_control.c.obj
                0x100063c8                usbd_control_xfer_cb
 .text._prep_out_transaction
                0x10006494       0x4a Battery_Software/boot/CMakeFiles/boot.dir/C_/Program_Files/Raspberry_Pi/Pico_SDK_v1.5.1/pico-sdk/lib/tinyusb/src/class/cdc/cdc_device.c.obj
 *fill*         0x100064de        0x2 
 .text.tud_cdc_n_connected
                0x100064e0       0x44 Battery_Software/boot/CMakeFiles/boot.dir/C_/Program_Files/Raspberry_Pi/Pico_SDK_v1.5.1/pico-sdk/lib/tinyusb/src/class/cdc/cdc_device.c.obj
                0x100064e0                tud_cdc_n_connected
 .text.tud_cdc_n_available
                0x10006524       0x18 Battery_Software/boot/CMakeFiles/boot.dir/C_/Program_Files/Raspberry_Pi/Pico_SDK_v1.5.1/pico-sdk/lib/tinyusb/src/class/cdc/cdc_device.c.obj
                0x10006524                tud_cdc_n_available
 .text.tud_cdc_n_read
                0x1000653c       0x28 Battery_Software/boot/CMakeFiles/boot.dir/C_/Program_Files/Raspberry_Pi/Pico_SDK_v1.5.1/pico-sdk/lib/tinyusb/src/class/cdc/cdc_device.c.obj
                0x1000653c                tud_cdc_n_read
 .text.tud_cdc_n_write_flush
                0x10006564       0xb8 Battery_Software/boot/CMakeFiles/boot.dir/C_/Program_Files/Raspberry_Pi/Pico_SDK_v1.5.1/pico-sdk/lib/tinyusb/src/class/cdc/cdc_device.c.obj
                0x10006564                tud_cdc_n_write_flush
 .text.tud_cdc_n_write
                0x1000661c       0x38 Battery_Software/boot/CMakeFiles/boot.dir/C_/Program_Files/Raspberry_Pi/Pico_SDK_v1.5.1/pico-sdk/lib/tinyusb/src/class/cdc/cdc_device.c.obj
                0x1000661c                tud_cdc_n_write
 .text.tud_cdc_n_write_available
                0x10006654       0x1c Battery_Software/boot/CMakeFiles/boot.dir/C_/Program_Files/Raspberry_Pi/Pico_SDK_v1.5.1/pico-sdk/lib/tinyusb/src/class/cdc/cdc_device.c.obj
                0x10006654                tud_cdc_n_write_available
 .text.cdcd_init
                0x10006670       0xbc Battery_Software/boot/CMakeFiles/boot.dir/C_/Program_Files/Raspberry_Pi/Pico_SDK_v1.5.1/pico-sdk/lib/tinyusb/src/class/cdc/cdc_device.c.obj
                0x10006670                cdcd_init
 .text.cdcd_reset
                0x1000672c       0x44 Battery_Software/boot/CMakeFiles/boot.dir/C_/Program_Files/Raspberry_Pi/Pico_SDK_v1.5.1/pico-sdk/lib/tinyusb/src/class/cdc/cdc_device.c.obj
                0x1000672c                cdcd_reset
 .text.cdcd_open
                0x10006770       0xcc Battery_Software/boot/CMakeFiles/boot.dir/C_/Program_Files/Raspberry_Pi/Pico_SDK_v1.5.1/pico-sdk/lib/tinyusb/src/class/cdc/cdc_device.c.obj
                0x10006770                cdcd_open
 .text.cdcd_control_xfer_cb
                0x1000683c      0x134 Battery_Software/boot/CMakeFiles/boot.dir/C_/Program_Files/Raspberry_Pi/Pico_SDK_v1.5.1/pico-sdk/lib/tinyusb/src/class/cdc/cdc_device.c.obj
                0x1000683c                cdcd_control_xfer_cb
 .text.cdcd_xfer_cb
                0x10006970      0x130 Battery_Software/boot/CMakeFiles/boot.dir/C_/Program_Files/Raspberry_Pi/Pico_SDK_v1.5.1/pico-sdk/lib/tinyusb/src/class/cdc/cdc_device.c.obj
                0x10006970                cdcd_xfer_cb
 .text.tusb_init
                0x10006aa0        0xa Battery_Software/boot/CMakeFiles/boot.dir/C_/Program_Files/Raspberry_Pi/Pico_SDK_v1.5.1/pico-sdk/lib/tinyusb/src/tusb.c.obj
                0x10006aa0                tusb_init
 .text.tusb_inited
                0x10006aaa        0xe Battery_Software/boot/CMakeFiles/boot.dir/C_/Program_Files/Raspberry_Pi/Pico_SDK_v1.5.1/pico-sdk/lib/tinyusb/src/tusb.c.obj
                0x10006aaa                tusb_inited
 .text.tu_edpt_claim
                0x10006ab8       0x50 Battery_Software/boot/CMakeFiles/boot.dir/C_/Program_Files/Raspberry_Pi/Pico_SDK_v1.5.1/pico-sdk/lib/tinyusb/src/tusb.c.obj
                0x10006ab8                tu_edpt_claim
 .text.tu_edpt_release
                0x10006b08       0x3c Battery_Software/boot/CMakeFiles/boot.dir/C_/Program_Files/Raspberry_Pi/Pico_SDK_v1.5.1/pico-sdk/lib/tinyusb/src/tusb.c.obj
                0x10006b08                tu_edpt_release
 .text.tu_edpt_validate
                0x10006b44       0x78 Battery_Software/boot/CMakeFiles/boot.dir/C_/Program_Files/Raspberry_Pi/Pico_SDK_v1.5.1/pico-sdk/lib/tinyusb/src/tusb.c.obj
                0x10006b44                tu_edpt_validate
 .text.tu_edpt_bind_driver
                0x10006bbc       0x26 Battery_Software/boot/CMakeFiles/boot.dir/C_/Program_Files/Raspberry_Pi/Pico_SDK_v1.5.1/pico-sdk/lib/tinyusb/src/tusb.c.obj
                0x10006bbc                tu_edpt_bind_driver
 .text.advance_index
                0x10006be2       0x1a Battery_Software/boot/CMakeFiles/boot.dir/C_/Program_Files/Raspberry_Pi/Pico_SDK_v1.5.1/pico-sdk/lib/tinyusb/src/common/tusb_fifo.c.obj
 .text._tu_fifo_peek
                0x10006bfc       0x56 Battery_Software/boot/CMakeFiles/boot.dir/C_/Program_Files/Raspberry_Pi/Pico_SDK_v1.5.1/pico-sdk/lib/tinyusb/src/common/tusb_fifo.c.obj
 .text._ff_pull_const_addr
                0x10006c52       0x4c Battery_Software/boot/CMakeFiles/boot.dir/C_/Program_Files/Raspberry_Pi/Pico_SDK_v1.5.1/pico-sdk/lib/tinyusb/src/common/tusb_fifo.c.obj
 .text._ff_pull_n
                0x10006c9e      0x110 Battery_Software/boot/CMakeFiles/boot.dir/C_/Program_Files/Raspberry_Pi/Pico_SDK_v1.5.1/pico-sdk/lib/tinyusb/src/common/tusb_fifo.c.obj
 .text._tu_fifo_peek_n
                0x10006dae       0x6a Battery_Software/boot/CMakeFiles/boot.dir/C_/Program_Files/Raspberry_Pi/Pico_SDK_v1.5.1/pico-sdk/lib/tinyusb/src/common/tusb_fifo.c.obj
 .text._tu_fifo_read_n
                0x10006e18       0x4e Battery_Software/boot/CMakeFiles/boot.dir/C_/Program_Files/Raspberry_Pi/Pico_SDK_v1.5.1/pico-sdk/lib/tinyusb/src/common/tusb_fifo.c.obj
 .text._ff_push_const_addr
                0x10006e66       0x40 Battery_Software/boot/CMakeFiles/boot.dir/C_/Program_Files/Raspberry_Pi/Pico_SDK_v1.5.1/pico-sdk/lib/tinyusb/src/common/tusb_fifo.c.obj
 .text._ff_push_n
                0x10006ea6      0x10c Battery_Software/boot/CMakeFiles/boot.dir/C_/Program_Files/Raspberry_Pi/Pico_SDK_v1.5.1/pico-sdk/lib/tinyusb/src/common/tusb_fifo.c.obj
 .text._tu_fifo_write_n
                0x10006fb2       0xf0 Battery_Software/boot/CMakeFiles/boot.dir/C_/Program_Files/Raspberry_Pi/Pico_SDK_v1.5.1/pico-sdk/lib/tinyusb/src/common/tusb_fifo.c.obj
 .text.tu_fifo_config
                0x100070a2       0x7c Battery_Software/boot/CMakeFiles/boot.dir/C_/Program_Files/Raspberry_Pi/Pico_SDK_v1.5.1/pico-sdk/lib/tinyusb/src/common/tusb_fifo.c.obj
                0x100070a2                tu_fifo_config
 .text.tu_fifo_count
                0x1000711e       0x2a Battery_Software/boot/CMakeFiles/boot.dir/C_/Program_Files/Raspberry_Pi/Pico_SDK_v1.5.1/pico-sdk/lib/tinyusb/src/common/tusb_fifo.c.obj
                0x1000711e                tu_fifo_count
 .text.tu_fifo_empty
                0x10007148       0x10 Battery_Software/boot/CMakeFiles/boot.dir/C_/Program_Files/Raspberry_Pi/Pico_SDK_v1.5.1/pico-sdk/lib/tinyusb/src/common/tusb_fifo.c.obj
                0x10007148                tu_fifo_empty
 .text.tu_fifo_full
                0x10007158       0x28 Battery_Software/boot/CMakeFiles/boot.dir/C_/Program_Files/Raspberry_Pi/Pico_SDK_v1.5.1/pico-sdk/lib/tinyusb/src/common/tusb_fifo.c.obj
                0x10007158                tu_fifo_full
 .text.tu_fifo_remaining
                0x10007180       0x2c Battery_Software/boot/CMakeFiles/boot.dir/C_/Program_Files/Raspberry_Pi/Pico_SDK_v1.5.1/pico-sdk/lib/tinyusb/src/common/tusb_fifo.c.obj
                0x10007180                tu_fifo_remaining
 .text.tu_fifo_read
                0x100071ac       0x42 Battery_Software/boot/CMakeFiles/boot.dir/C_/Program_Files/Raspberry_Pi/Pico_SDK_v1.5.1/pico-sdk/lib/tinyusb/src/common/tusb_fifo.c.obj
                0x100071ac                tu_fifo_read
 .text.tu_fifo_read_n
                0x100071ee        0xa Battery_Software/boot/CMakeFiles/boot.dir/C_/Program_Files/Raspberry_Pi/Pico_SDK_v1.5.1/pico-sdk/lib/tinyusb/src/common/tusb_fifo.c.obj
                0x100071ee                tu_fifo_read_n
 .text.tu_fifo_write
                0x100071f8       0x64 Battery_Software/boot/CMakeFiles/boot.dir/C_/Program_Files/Raspberry_Pi/Pico_SDK_v1.5.1/pico-sdk/lib/tinyusb/src/common/tusb_fifo.c.obj
                0x100071f8                tu_fifo_write
 .text.tu_fifo_write_n
                0x1000725c        0xa Battery_Software/boot/CMakeFiles/boot.dir/C_/Program_Files/Raspberry_Pi/Pico_SDK_v1.5.1/pico-sdk/lib/tinyusb/src/common/tusb_fifo.c.obj
                0x1000725c                tu_fifo_write_n
 .text.tu_fifo_clear
                0x10007266       0x3e Battery_Software/boot/CMakeFiles/boot.dir/C_/Program_Files/Raspberry_Pi/Pico_SDK_v1.5.1/pico-sdk/lib/tinyusb/src/common/tusb_fifo.c.obj
                0x10007266                tu_fifo_clear
 .text.tu_fifo_set_overwritable
                0x100072a4       0x46 Battery_Software/boot/CMakeFiles/boot.dir/C_/Program_Files/Raspberry_Pi/Pico_SDK_v1.5.1/pico-sdk/lib/tinyusb/src/common/tusb_fifo.c.obj
                0x100072a4                tu_fifo_set_overwritable
 *fill*         0x100072ea        0x2 
 .text._pio_can_add_program_at_offset
                0x100072ec       0x3c Battery_Software/boot/CMakeFiles/boot.dir/C_/Program_Files/Raspberry_Pi/Pico_SDK_v1.5.1/pico-sdk/src/rp2_common/hardware_pio/pio.c.obj
 .text._pio_find_offset_for_program
                0x10007328       0x7c Battery_Software/boot/CMakeFiles/boot.dir/C_/Program_Files/Raspberry_Pi/Pico_SDK_v1.5.1/pico-sdk/src/rp2_common/hardware_pio/pio.c.obj
 .text._pio_add_program_at_offset
                0x100073a4       0x78 Battery_Software/boot/CMakeFiles/boot.dir/C_/Program_Files/Raspberry_Pi/Pico_SDK_v1.5.1/pico-sdk/src/rp2_common/hardware_pio/pio.c.obj
 .text.pio_add_program
                0x1000741c       0x38 Battery_Software/boot/CMakeFiles/boot.dir/C_/Program_Files/Raspberry_Pi/Pico_SDK_v1.5.1/pico-sdk/src/rp2_common/hardware_pio/pio.c.obj
                0x1000741c                pio_add_program
 .text.pio_sm_set_consecutive_pindirs
                0x10007454       0xa4 Battery_Software/boot/CMakeFiles/boot.dir/C_/Program_Files/Raspberry_Pi/Pico_SDK_v1.5.1/pico-sdk/src/rp2_common/hardware_pio/pio.c.obj
                0x10007454                pio_sm_set_consecutive_pindirs
 .text.pio_sm_init
                0x100074f8       0xe4 Battery_Software/boot/CMakeFiles/boot.dir/C_/Program_Files/Raspberry_Pi/Pico_SDK_v1.5.1/pico-sdk/src/rp2_common/hardware_pio/pio.c.obj
                0x100074f8                pio_sm_init
 .text.i2c_write_blocking_internal
                0x100075dc      0x140 Battery_Software/boot/CMakeFiles/boot.dir/C_/Program_Files/Raspberry_Pi/Pico_SDK_v1.5.1/pico-sdk/src/rp2_common/hardware_i2c/i2c.c.obj
 .text.i2c_read_blocking_internal
                0x1000771c       0xe6 Battery_Software/boot/CMakeFiles/boot.dir/C_/Program_Files/Raspberry_Pi/Pico_SDK_v1.5.1/pico-sdk/src/rp2_common/hardware_i2c/i2c.c.obj
 *fill*         0x10007802        0x2 
 .text.i2c_set_baudrate
                0x10007804       0xf0 Battery_Software/boot/CMakeFiles/boot.dir/C_/Program_Files/Raspberry_Pi/Pico_SDK_v1.5.1/pico-sdk/src/rp2_common/hardware_i2c/i2c.c.obj
                0x10007804                i2c_set_baudrate
 .text.i2c_init
                0x100078f4       0x58 Battery_Software/boot/CMakeFiles/boot.dir/C_/Program_Files/Raspberry_Pi/Pico_SDK_v1.5.1/pico-sdk/src/rp2_common/hardware_i2c/i2c.c.obj
                0x100078f4                i2c_init
 .text.i2c_write_blocking
                0x1000794c       0x18 Battery_Software/boot/CMakeFiles/boot.dir/C_/Program_Files/Raspberry_Pi/Pico_SDK_v1.5.1/pico-sdk/src/rp2_common/hardware_i2c/i2c.c.obj
                0x1000794c                i2c_write_blocking
 .text.i2c_read_blocking
                0x10007964       0x18 Battery_Software/boot/CMakeFiles/boot.dir/C_/Program_Files/Raspberry_Pi/Pico_SDK_v1.5.1/pico-sdk/src/rp2_common/hardware_i2c/i2c.c.obj
                0x10007964                i2c_read_blocking
 .text.i2c_read_blocking_until
                0x1000797c       0x3e Battery_Software/boot/CMakeFiles/boot.dir/C_/Program_Files/Raspberry_Pi/Pico_SDK_v1.5.1/pico-sdk/src/rp2_common/hardware_i2c/i2c.c.obj
                0x1000797c                i2c_read_blocking_until
 *fill*         0x100079ba        0x2 
 .text._Z25critical_power_operations5tools19satellite_functions
                0x100079bc       0x24 Battery_Software/lib/libmain.a(main.cpp.obj)
                0x100079bc                critical_power_operations(tools, satellite_functions)
 .text._Z20low_power_operations5tools8neopixel19satellite_functions
                0x100079e0       0x30 Battery_Software/lib/libmain.a(main.cpp.obj)
                0x100079e0                low_power_operations(tools, neopixel, satellite_functions)
 .text._Z23normal_power_operations5tools8neopixel19satellite_functions
                0x10007a10       0x44 Battery_Software/lib/libmain.a(main.cpp.obj)
                0x10007a10                normal_power_operations(tools, neopixel, satellite_functions)
 .text._Z24maximum_power_operations5tools8neopixel19satellite_functions
                0x10007a54       0x44 Battery_Software/lib/libmain.a(main.cpp.obj)
                0x10007a54                maximum_power_operations(tools, neopixel, satellite_functions)
 .text._Z12main_program8neopixel
                0x10007a98      0x120 Battery_Software/lib/libmain.a(main.cpp.obj)
                0x10007a98                main_program(neopixel)
 .text._ZN8neopixelC2EP8pio_hw_tj
                0x10007bb8        0x6 Battery_Software/lib/libneopixel.a(neopixel.cpp.obj)
                0x10007bb8                neopixel::neopixel(pio_hw_t*, unsigned int)
                0x10007bb8                neopixel::neopixel(pio_hw_t*, unsigned int)
 .text._ZN8neopixel9put_pixelEi
                0x10007bbe       0x1e Battery_Software/lib/libneopixel.a(neopixel.cpp.obj)
                0x10007bbe                neopixel::put_pixel(int)
 .text._ZN8neopixel8urgb_u32Ehhh
                0x10007bdc        0xa Battery_Software/lib/libneopixel.a(neopixel.cpp.obj)
                0x10007bdc                neopixel::urgb_u32(unsigned char, unsigned char, unsigned char)
 *fill*         0x10007be6        0x2 
 .text._ZN9pysquared12check_rebootEv
                0x10007be8       0x40 Battery_Software/lib/libpysquared.a(pysquared.cpp.obj)
                0x10007be8                pysquared::check_reboot()
 .text._ZN9pysquared12all_faces_onEv
                0x10007c28       0x84 Battery_Software/lib/libpysquared.a(pysquared.cpp.obj)
                0x10007c28                pysquared::all_faces_on()
 .text._ZN9pysquaredC2E8neopixel
                0x10007cac      0x344 Battery_Software/lib/libpysquared.a(pysquared.cpp.obj)
                0x10007cac                pysquared::pysquared(neopixel)
                0x10007cac                pysquared::pysquared(neopixel)
 .text._ZN9pysquared13all_faces_offEv
                0x10007ff0       0x84 Battery_Software/lib/libpysquared.a(pysquared.cpp.obj)
                0x10007ff0                pysquared::all_faces_off()
 .text._ZN9pysquared14get_power_modeEv
                0x10008074        0x6 Battery_Software/lib/libpysquared.a(pysquared.cpp.obj)
                0x10008074                pysquared::get_power_mode()
 *fill*         0x1000807a        0x2 
 .text._ZN9pysquared21get_thermocouple_tempEv
                0x1000807c       0x98 Battery_Software/lib/libpysquared.a(pysquared.cpp.obj)
                0x1000807c                pysquared::get_thermocouple_temp()
 .text._ZN9pysquared17get_internal_tempEv
                0x10008114       0x60 Battery_Software/lib/libpysquared.a(pysquared.cpp.obj)
                0x10008114                pysquared::get_internal_temp()
 .text._ZN9pysquared19get_battery_voltageEv
                0x10008174       0x5c Battery_Software/lib/libpysquared.a(pysquared.cpp.obj)
                0x10008174                pysquared::get_battery_voltage()
 .text._ZN9pysquared16get_draw_currentEv
                0x100081d0       0x5c Battery_Software/lib/libpysquared.a(pysquared.cpp.obj)
                0x100081d0                pysquared::get_draw_current()
 .text._ZN9pysquared18get_charge_voltageEv
                0x1000822c       0x60 Battery_Software/lib/libpysquared.a(pysquared.cpp.obj)
                0x1000822c                pysquared::get_charge_voltage()
 .text._ZN9pysquared18get_charge_currentEv
                0x1000828c       0x60 Battery_Software/lib/libpysquared.a(pysquared.cpp.obj)
                0x1000828c                pysquared::get_charge_current()
 .text._ZN19satellite_functionsC2ER9pysquared
                0x100082ec       0x38 Battery_Software/lib/libfunctions.a(functions.cpp.obj)
                0x100082ec                satellite_functions::satellite_functions(pysquared&)
                0x100082ec                satellite_functions::satellite_functions(pysquared&)
 .text._ZN19satellite_functions15battery_managerEv
                0x10008324      0x17c Battery_Software/lib/libfunctions.a(functions.cpp.obj)
                0x10008324                satellite_functions::battery_manager()
 .text._ZN19satellite_functions13all_face_dataEv
                0x100084a0       0x70 Battery_Software/lib/libfunctions.a(functions.cpp.obj)
                0x100084a0                satellite_functions::all_face_data()
 .text._ZN6INA219C2EP8i2c_insth
                0x10008510        0x6 Battery_Software/lib/libina219.a(INA219.cpp.obj)
                0x10008510                INA219::INA219(i2c_inst*, unsigned char)
                0x10008510                INA219::INA219(i2c_inst*, unsigned char)
 .text._ZN6INA21913writeRegisterEht
                0x10008516       0x22 Battery_Software/lib/libina219.a(INA219.cpp.obj)
                0x10008516                INA219::writeRegister(unsigned char, unsigned short)
 .text._ZN6INA2199calibrateEff
                0x10008538       0x48 Battery_Software/lib/libina219.a(INA219.cpp.obj)
                0x10008538                INA219::calibrate(float, float)
 .text._ZN6INA2199configureEv
                0x10008580       0x24 Battery_Software/lib/libina219.a(INA219.cpp.obj)
                0x10008580                INA219::configure()
 .text._ZN6INA21912readRegisterEh
                0x100085a4       0x38 Battery_Software/lib/libina219.a(INA219.cpp.obj)
                0x100085a4                INA219::readRegister(unsigned char)
 .text._ZN6INA21914readBusVoltageEv
                0x100085dc       0x28 Battery_Software/lib/libina219.a(INA219.cpp.obj)
                0x100085dc                INA219::readBusVoltage()
 .text._ZN6INA21911readCurrentEv
                0x10008604       0x10 Battery_Software/lib/libina219.a(INA219.cpp.obj)
                0x10008604                INA219::readCurrent()
 .text._ZN7PCT2075C2EP8i2c_insth
                0x10008614        0x6 Battery_Software/lib/libpct2075.a(PCT2075.cpp.obj)
                0x10008614                PCT2075::PCT2075(i2c_inst*, unsigned char)
                0x10008614                PCT2075::PCT2075(i2c_inst*, unsigned char)
 .text._ZN7PCT207512readRegisterEh
                0x1000861a       0x36 Battery_Software/lib/libpct2075.a(PCT2075.cpp.obj)
                0x1000861a                PCT2075::readRegister(unsigned char)
 .text._ZN7PCT207515readTemperatureEv
                0x10008650       0x3c Battery_Software/lib/libpct2075.a(PCT2075.cpp.obj)
                0x10008650                PCT2075::readTemperature()
 .text._ZN7PCA9685C2EP8i2c_insth
                0x1000868c        0x6 Battery_Software/lib/libpca9685.a(PCA9685.cpp.obj)
                0x1000868c                PCA9685::PCA9685(i2c_inst*, unsigned char)
                0x1000868c                PCA9685::PCA9685(i2c_inst*, unsigned char)
 .text._ZN7PCA968513writeRegisterEhh
                0x10008692       0x1e Battery_Software/lib/libpca9685.a(PCA9685.cpp.obj)
                0x10008692                PCA9685::writeRegister(unsigned char, unsigned char)
 .text._ZN7PCA96859configureEv
                0x100086b0       0x18 Battery_Software/lib/libpca9685.a(PCA9685.cpp.obj)
                0x100086b0                PCA9685::configure()
 .text._ZN7PCA968512setDutyCycleEht
                0x100086c8       0x44 Battery_Software/lib/libpca9685.a(PCA9685.cpp.obj)
                0x100086c8                PCA9685::setDutyCycle(unsigned char, unsigned short)
 .text._ZN7PCA968512setPortStateEhb
                0x1000870c       0x20 Battery_Software/lib/libpca9685.a(PCA9685.cpp.obj)
                0x1000870c                PCA9685::setPortState(unsigned char, bool)
 .text._ZN7ADS1015C2EP8i2c_insth
                0x1000872c        0x6 Battery_Software/lib/libads1015.a(ADS1015.cpp.obj)
                0x1000872c                ADS1015::ADS1015(i2c_inst*, unsigned char)
                0x1000872c                ADS1015::ADS1015(i2c_inst*, unsigned char)
 .text._ZN7ADS101513writeRegisterEht
                0x10008732       0x22 Battery_Software/lib/libads1015.a(ADS1015.cpp.obj)
                0x10008732                ADS1015::writeRegister(unsigned char, unsigned short)
 .text._ZN7ADS10159configureEv
                0x10008754        0xe Battery_Software/lib/libads1015.a(ADS1015.cpp.obj)
                0x10008754                ADS1015::configure()
 .text._ZN7ADS101512readRegisterEh
                0x10008762       0x36 Battery_Software/lib/libads1015.a(ADS1015.cpp.obj)
                0x10008762                ADS1015::readRegister(unsigned char)
 .text._ZN7ADS101515readSingleEndedEh
                0x10008798       0x3c Battery_Software/lib/libads1015.a(ADS1015.cpp.obj)
                0x10008798                ADS1015::readSingleEnded(unsigned char)
 .text._ZN5toolsC2EbPKc
                0x100087d4        0x6 Battery_Software/lib/libtools.a(tools.cpp.obj)
                0x100087d4                tools::tools(bool, char const*)
                0x100087d4                tools::tools(bool, char const*)
 *fill*         0x100087da        0x2 
 .text._ZN5tools11debug_printEPKc
                0x100087dc       0x98 Battery_Software/lib/libtools.a(tools.cpp.obj)
                0x100087dc                tools::debug_print(char const*)
 .text._ZN5tools8i2c_scanEP8i2c_inst
                0x10008874       0xd8 Battery_Software/lib/libtools.a(tools.cpp.obj)
                0x10008874                tools::i2c_scan(i2c_inst*)
 .text._ZN8Big_DataC2EP8i2c_instR8TCA9548A
                0x1000894c       0x34 Battery_Software/lib/libbig_data.a(Big_Data.cpp.obj)
                0x1000894c                Big_Data::Big_Data(i2c_inst*, TCA9548A&)
                0x1000894c                Big_Data::Big_Data(i2c_inst*, TCA9548A&)
 .text._ZN8Big_Data14getTemperatureEh
                0x10008980       0x2c Battery_Software/lib/libbig_data.a(Big_Data.cpp.obj)
                0x10008980                Big_Data::getTemperature(unsigned char)
 .text._ZN8Big_Data15getAmbientLightEh
                0x100089ac       0x26 Battery_Software/lib/libbig_data.a(Big_Data.cpp.obj)
                0x100089ac                Big_Data::getAmbientLight(unsigned char)
 .text._ZN8TCA9548AC2EP8i2c_insth
                0x100089d2       0x1c Battery_Software/lib/libtca9548a.a(TCA9548A.cpp.obj)
                0x100089d2                TCA9548A::TCA9548A(i2c_inst*, unsigned char)
                0x100089d2                TCA9548A::TCA9548A(i2c_inst*, unsigned char)
 .text._ZN8TCA9548A13writeRegisterEhh
                0x100089ee       0x1e Battery_Software/lib/libtca9548a.a(TCA9548A.cpp.obj)
                0x100089ee                TCA9548A::writeRegister(unsigned char, unsigned char)
 .text._ZN8TCA9548A9configureEv
                0x10008a0c        0xc Battery_Software/lib/libtca9548a.a(TCA9548A.cpp.obj)
                0x10008a0c                TCA9548A::configure()
 .text._ZN8TCA9548A13enableChannelEh
                0x10008a18       0x16 Battery_Software/lib/libtca9548a.a(TCA9548A.cpp.obj)
                0x10008a18                TCA9548A::enableChannel(unsigned char)
 .text._ZN8TCA9548A18disableAllChannelsEv
                0x10008a2e        0xc Battery_Software/lib/libtca9548a.a(TCA9548A.cpp.obj)
                0x10008a2e                TCA9548A::disableAllChannels()
 *fill*         0x10008a3a        0x2 
 .text._ZN8TCA9548A12scanChannelsEv
                0x10008a3c       0x7c Battery_Software/lib/libtca9548a.a(TCA9548A.cpp.obj)
                0x10008a3c                TCA9548A::scanChannels()
 .text._ZN7MCP9808C2EP8i2c_insth
                0x10008ab8        0x6 Battery_Software/lib/libmcp9808.a(MCP9808.cpp.obj)
                0x10008ab8                MCP9808::MCP9808(i2c_inst*, unsigned char)
                0x10008ab8                MCP9808::MCP9808(i2c_inst*, unsigned char)
 .text._ZN7MCP980812readRegisterEh
                0x10008abe       0x36 Battery_Software/lib/libmcp9808.a(MCP9808.cpp.obj)
                0x10008abe                MCP9808::readRegister(unsigned char)
 .text._ZN7MCP980815readTemperatureEv
                0x10008af4       0x28 Battery_Software/lib/libmcp9808.a(MCP9808.cpp.obj)
                0x10008af4                MCP9808::readTemperature()
 .text._ZN8VEML7700C2EP8i2c_insth
                0x10008b1c        0x6 Battery_Software/lib/libveml7700.a(VEML7700.cpp.obj)
                0x10008b1c                VEML7700::VEML7700(i2c_inst*, unsigned char)
                0x10008b1c                VEML7700::VEML7700(i2c_inst*, unsigned char)
 .text._ZN8VEML770012readRegisterEh
                0x10008b22       0x36 Battery_Software/lib/libveml7700.a(VEML7700.cpp.obj)
                0x10008b22                VEML7700::readRegister(unsigned char)
 .text._ZN8VEML770016readAmbientLightEv
                0x10008b58        0xa Battery_Software/lib/libveml7700.a(VEML7700.cpp.obj)
                0x10008b58                VEML7700::readAmbientLight()
 .text._ZN7DRV2605C2EP8i2c_insth
                0x10008b62        0x6 Battery_Software/lib/libdrv2605.a(DRV2605.cpp.obj)
                0x10008b62                DRV2605::DRV2605(i2c_inst*, unsigned char)
                0x10008b62                DRV2605::DRV2605(i2c_inst*, unsigned char)
 .text.__cxa_end_cleanup
                0x10008b68        0xc c:/progra~1/raspbe~1/picosd~1.1/gcc-ar~1/bin/../lib/gcc/arm-none-eabi/10.3.1/../../../../arm-none-eabi/lib/thumb/v6-m/nofp\libstdc++.a(eh_arm.o)
                0x10008b68                __cxa_end_cleanup
 .text.__cxa_type_match
                0x10008b74       0xc0 c:/progra~1/raspbe~1/picosd~1.1/gcc-ar~1/bin/../lib/gcc/arm-none-eabi/10.3.1/../../../../arm-none-eabi/lib/thumb/v6-m/nofp\libstdc++.a(eh_arm.o)
                0x10008b74                __cxa_type_match
 .text.__cxa_begin_cleanup
                0x10008c34       0x60 c:/progra~1/raspbe~1/picosd~1.1/gcc-ar~1/bin/../lib/gcc/arm-none-eabi/10.3.1/../../../../arm-none-eabi/lib/thumb/v6-m/nofp\libstdc++.a(eh_arm.o)
                0x10008c34                __cxa_begin_cleanup
 .text.__gnu_end_cleanup
                0x10008c94       0x70 c:/progra~1/raspbe~1/picosd~1.1/gcc-ar~1/bin/../lib/gcc/arm-none-eabi/10.3.1/../../../../arm-none-eabi/lib/thumb/v6-m/nofp\libstdc++.a(eh_arm.o)
                0x10008c94                __gnu_end_cleanup
 .text.__cxa_begin_catch
                0x10008d04       0x74 c:/progra~1/raspbe~1/picosd~1.1/gcc-ar~1/bin/../lib/gcc/arm-none-eabi/10.3.1/../../../../arm-none-eabi/lib/thumb/v6-m/nofp\libstdc++.a(eh_catch.o)
                0x10008d04                __cxa_begin_catch
 .text.__cxa_end_catch
                0x10008d78       0x90 c:/progra~1/raspbe~1/picosd~1.1/gcc-ar~1/bin/../lib/gcc/arm-none-eabi/10.3.1/../../../../arm-none-eabi/lib/thumb/v6-m/nofp\libstdc++.a(eh_catch.o)
                0x10008d78                __cxa_end_catch
 .text._ZNSt13bad_exceptionD2Ev
                0x10008e08        0x4 c:/progra~1/raspbe~1/picosd~1.1/gcc-ar~1/bin/../lib/gcc/arm-none-eabi/10.3.1/../../../../arm-none-eabi/lib/thumb/v6-m/nofp\libstdc++.a(eh_exception.o)
                0x10008e08                std::bad_exception::~bad_exception()
                0x10008e08                std::bad_exception::~bad_exception()
 .text._ZNKSt13bad_exception4whatEv
                0x10008e0c        0x8 c:/progra~1/raspbe~1/picosd~1.1/gcc-ar~1/bin/../lib/gcc/arm-none-eabi/10.3.1/../../../../arm-none-eabi/lib/thumb/v6-m/nofp\libstdc++.a(eh_exception.o)
                0x10008e0c                std::bad_exception::what() const
                0x10008e0c                transaction clone for std::bad_exception::what() const
 .text._ZNSt13bad_exceptionD0Ev
                0x10008e14       0x10 c:/progra~1/raspbe~1/picosd~1.1/gcc-ar~1/bin/../lib/gcc/arm-none-eabi/10.3.1/../../../../arm-none-eabi/lib/thumb/v6-m/nofp\libstdc++.a(eh_exception.o)
                0x10008e14                std::bad_exception::~bad_exception()
 .text.__cxa_get_globals_fast
                0x10008e24        0x8 c:/progra~1/raspbe~1/picosd~1.1/gcc-ar~1/bin/../lib/gcc/arm-none-eabi/10.3.1/../../../../arm-none-eabi/lib/thumb/v6-m/nofp\libstdc++.a(eh_globals.o)
                0x10008e24                __cxa_get_globals_fast
 .text.__cxa_get_globals
                0x10008e2c        0x8 c:/progra~1/raspbe~1/picosd~1.1/gcc-ar~1/bin/../lib/gcc/arm-none-eabi/10.3.1/../../../../arm-none-eabi/lib/thumb/v6-m/nofp\libstdc++.a(eh_globals.o)
                0x10008e2c                __cxa_get_globals
 .text._ZL28read_encoded_value_with_basehjPKhPj
                0x10008e34      0x114 c:/progra~1/raspbe~1/picosd~1.1/gcc-ar~1/bin/../lib/gcc/arm-none-eabi/10.3.1/../../../../arm-none-eabi/lib/thumb/v6-m/nofp\libstdc++.a(eh_personality.o)
 .text._ZL21base_of_encoded_valuehP15_Unwind_Context
                0x10008f48       0x48 c:/progra~1/raspbe~1/picosd~1.1/gcc-ar~1/bin/../lib/gcc/arm-none-eabi/10.3.1/../../../../arm-none-eabi/lib/thumb/v6-m/nofp\libstdc++.a(eh_personality.o)
 .text._ZL17parse_lsda_headerP15_Unwind_ContextPKhP16lsda_header_info
                0x10008f90       0x98 c:/progra~1/raspbe~1/picosd~1.1/gcc-ar~1/bin/../lib/gcc/arm-none-eabi/10.3.1/../../../../arm-none-eabi/lib/thumb/v6-m/nofp\libstdc++.a(eh_personality.o)
 .text.__gxx_personality_v0
                0x10009028      0x4c8 c:/progra~1/raspbe~1/picosd~1.1/gcc-ar~1/bin/../lib/gcc/arm-none-eabi/10.3.1/../../../../arm-none-eabi/lib/thumb/v6-m/nofp\libstdc++.a(eh_personality.o)
                0x10009028                __gxx_personality_v0
 .text._ZN10__cxxabiv111__terminateEPFvvE